Archive member included to satisfy reference by file (symbol)

/home/pjtexier/Documents/gcc-arm-none-eabi-5_4-2016q2/bin/../lib/gcc/arm-none-eabi/5.4.1/../../../../arm-none-eabi/lib/armv7e-m/fpu/libc_nano.a(lib_a-assert.o)
                              CMakeFiles/main.dir/home/pjtexier/Bureau/freertos-warp7/examples/imx7s_warp_m4/demo_apps/rpmsg/air-quality-click/main.c.obj (__assert_func)
/home/pjtexier/Documents/gcc-arm-none-eabi-5_4-2016q2/bin/../lib/gcc/arm-none-eabi/5.4.1/../../../../arm-none-eabi/lib/armv7e-m/fpu/libc_nano.a(lib_a-exit.o)
                              /home/pjtexier/Documents/gcc-arm-none-eabi-5_4-2016q2/bin/../lib/gcc/arm-none-eabi/5.4.1/../../../../arm-none-eabi/lib/armv7e-m/fpu/crt0.o (exit)
/home/pjtexier/Documents/gcc-arm-none-eabi-5_4-2016q2/bin/../lib/gcc/arm-none-eabi/5.4.1/../../../../arm-none-eabi/lib/armv7e-m/fpu/libc_nano.a(lib_a-fprintf.o)
                              /home/pjtexier/Documents/gcc-arm-none-eabi-5_4-2016q2/bin/../lib/gcc/arm-none-eabi/5.4.1/../../../../arm-none-eabi/lib/armv7e-m/fpu/libc_nano.a(lib_a-assert.o) (fiprintf)
/home/pjtexier/Documents/gcc-arm-none-eabi-5_4-2016q2/bin/../lib/gcc/arm-none-eabi/5.4.1/../../../../arm-none-eabi/lib/armv7e-m/fpu/libc_nano.a(lib_a-impure.o)
                              /home/pjtexier/Documents/gcc-arm-none-eabi-5_4-2016q2/bin/../lib/gcc/arm-none-eabi/5.4.1/../../../../arm-none-eabi/lib/armv7e-m/fpu/libc_nano.a(lib_a-exit.o) (_global_impure_ptr)
/home/pjtexier/Documents/gcc-arm-none-eabi-5_4-2016q2/bin/../lib/gcc/arm-none-eabi/5.4.1/../../../../arm-none-eabi/lib/armv7e-m/fpu/libc_nano.a(lib_a-init.o)
                              /home/pjtexier/Documents/gcc-arm-none-eabi-5_4-2016q2/bin/../lib/gcc/arm-none-eabi/5.4.1/../../../../arm-none-eabi/lib/armv7e-m/fpu/crt0.o (__libc_init_array)
/home/pjtexier/Documents/gcc-arm-none-eabi-5_4-2016q2/bin/../lib/gcc/arm-none-eabi/5.4.1/../../../../arm-none-eabi/lib/armv7e-m/fpu/libc_nano.a(lib_a-memcpy-stub.o)
                              CMakeFiles/main.dir/home/pjtexier/Bureau/freertos-warp7/examples/imx7s_warp_m4/demo_apps/rpmsg/air-quality-click/main.c.obj (memcpy)
/home/pjtexier/Documents/gcc-arm-none-eabi-5_4-2016q2/bin/../lib/gcc/arm-none-eabi/5.4.1/../../../../arm-none-eabi/lib/armv7e-m/fpu/libc_nano.a(lib_a-memset.o)
                              /home/pjtexier/Documents/gcc-arm-none-eabi-5_4-2016q2/bin/../lib/gcc/arm-none-eabi/5.4.1/../../../../arm-none-eabi/lib/armv7e-m/fpu/crt0.o (memset)
/home/pjtexier/Documents/gcc-arm-none-eabi-5_4-2016q2/bin/../lib/gcc/arm-none-eabi/5.4.1/../../../../arm-none-eabi/lib/armv7e-m/fpu/libc_nano.a(lib_a-nano-vfprintf.o)
                              /home/pjtexier/Documents/gcc-arm-none-eabi-5_4-2016q2/bin/../lib/gcc/arm-none-eabi/5.4.1/../../../../arm-none-eabi/lib/armv7e-m/fpu/libc_nano.a(lib_a-fprintf.o) (_vfprintf_r)
/home/pjtexier/Documents/gcc-arm-none-eabi-5_4-2016q2/bin/../lib/gcc/arm-none-eabi/5.4.1/../../../../arm-none-eabi/lib/armv7e-m/fpu/libc_nano.a(lib_a-nano-vfprintf_i.o)
                              /home/pjtexier/Documents/gcc-arm-none-eabi-5_4-2016q2/bin/../lib/gcc/arm-none-eabi/5.4.1/../../../../arm-none-eabi/lib/armv7e-m/fpu/libc_nano.a(lib_a-nano-vfprintf.o) (_printf_i)
/home/pjtexier/Documents/gcc-arm-none-eabi-5_4-2016q2/bin/../lib/gcc/arm-none-eabi/5.4.1/../../../../arm-none-eabi/lib/armv7e-m/fpu/libc_nano.a(lib_a-snprintf.o)
                              CMakeFiles/main.dir/home/pjtexier/Bureau/freertos-warp7/examples/imx7s_warp_m4/demo_apps/rpmsg/air-quality-click/main.c.obj (snprintf)
/home/pjtexier/Documents/gcc-arm-none-eabi-5_4-2016q2/bin/../lib/gcc/arm-none-eabi/5.4.1/../../../../arm-none-eabi/lib/armv7e-m/fpu/libc_nano.a(lib_a-sscanf.o)
                              CMakeFiles/main.dir/home/pjtexier/Bureau/freertos-warp7/examples/imx7s_warp_m4/demo_apps/rpmsg/air-quality-click/main.c.obj (sscanf)
/home/pjtexier/Documents/gcc-arm-none-eabi-5_4-2016q2/bin/../lib/gcc/arm-none-eabi/5.4.1/../../../../arm-none-eabi/lib/armv7e-m/fpu/libc_nano.a(lib_a-stdio.o)
                              /home/pjtexier/Documents/gcc-arm-none-eabi-5_4-2016q2/bin/../lib/gcc/arm-none-eabi/5.4.1/../../../../arm-none-eabi/lib/armv7e-m/fpu/libc_nano.a(lib_a-sscanf.o) (__seofread)
/home/pjtexier/Documents/gcc-arm-none-eabi-5_4-2016q2/bin/../lib/gcc/arm-none-eabi/5.4.1/../../../../arm-none-eabi/lib/armv7e-m/fpu/libc_nano.a(lib_a-strcmp.o)
                              CMakeFiles/main.dir/home/pjtexier/Bureau/freertos-warp7/examples/imx7s_warp_m4/demo_apps/rpmsg/air-quality-click/main.c.obj (strcmp)
/home/pjtexier/Documents/gcc-arm-none-eabi-5_4-2016q2/bin/../lib/gcc/arm-none-eabi/5.4.1/../../../../arm-none-eabi/lib/armv7e-m/fpu/libc_nano.a(lib_a-strlen.o)
                              CMakeFiles/main.dir/home/pjtexier/Bureau/freertos-warp7/platform/utilities/src/print_scan.c.obj (strlen)
[...]
Memory Configuration

Name             Origin             Length             Attributes
m_interrupts     0x1fff8000         0x00000240         xr
m_text           0x1fff8240         0x00007dc0         xr
m_data           0x20000000         0x00008000         rw
*default*        0x00000000         0xffffffff

Linker script and memory map

LOAD /home/pjtexier/Documents/gcc-arm-none-eabi-5_4-2016q2/bin/../lib/gcc/arm-none-eabi/5.4.1/armv7e-m/fpu/crti.o
LOAD /home/pjtexier/Documents/gcc-arm-none-eabi-5_4-2016q2/bin/../lib/gcc/arm-none-eabi/5.4.1/armv7e-m/fpu/crtbegin.o
LOAD /home/pjtexier/Documents/gcc-arm-none-eabi-5_4-2016q2/bin/../lib/gcc/arm-none-eabi/5.4.1/../../../../arm-none-eabi/lib/armv7e-m/fpu/crt0.o
LOAD /home/pjtexier/Documents/gcc-arm-none-eabi-5_4-2016q2/bin/../lib/gcc/arm-none-eabi/5.4.1/../../../../arm-none-eabi/lib/armv7e-m/fpu/libm.a
LOAD CMakeFiles/main.dir/home/pjtexier/Bureau/freertos-warp7/rtos/FreeRTOS/Source/portable/GCC/ARM_CM4F/port.c.obj
LOAD CMakeFiles/main.dir/home/pjtexier/Bureau/freertos-warp7/platform/devices/MCIMX7D/startup/gcc/startup_MCIMX7D_M4.S.obj
LOAD CMakeFiles/main.dir/home/pjtexier/Bureau/freertos-warp7/rtos/FreeRTOS/Source/portable/MemMang/heap_2.c.obj
LOAD CMakeFiles/main.dir/home/pjtexier/Bureau/freertos-warp7/examples/imx7s_warp_m4/demo_apps/rpmsg/air-quality-click/main.c.obj
LOAD CMakeFiles/main.dir/home/pjtexier/Bureau/freertos-warp7/examples/imx7s_warp_m4/demo_apps/rpmsg/air-quality-click/common/air-quality-click.c.obj
LOAD CMakeFiles/main.dir/home/pjtexier/Bureau/freertos-warp7/platform/drivers/src/rdc_semaphore.c.obj
LOAD CMakeFiles/main.dir/home/pjtexier/Bureau/freertos-warp7/middleware/multicore/open-amp/rpmsg/rpmsg_rtos.c.obj
LOAD CMakeFiles/main.dir/home/pjtexier/Bureau/freertos-warp7/middleware/multicore/open-amp/porting/imx7d_m4/platform.c.obj
LOAD CMakeFiles/main.dir/home/pjtexier/Bureau/freertos-warp7/middleware/multicore/open-amp/porting/imx7d_m4/platform_info.c.obj
LOAD CMakeFiles/main.dir/home/pjtexier/Bureau/freertos-warp7/middleware/multicore/open-amp/common/hil/hil.c.obj
LOAD CMakeFiles/main.dir/home/pjtexier/Bureau/freertos-warp7/middleware/multicore/open-amp/common/llist/llist.c.obj
LOAD CMakeFiles/main.dir/home/pjtexier/Bureau/freertos-warp7/middleware/multicore/open-amp/common/shm/sh_mem.c.obj
LOAD CMakeFiles/main.dir/home/pjtexier/Bureau/freertos-warp7/middleware/multicore/open-amp/porting/config/config.c.obj
LOAD CMakeFiles/main.dir/home/pjtexier/Bureau/freertos-warp7/middleware/multicore/open-amp/rpmsg/remote_device.c.obj
LOAD CMakeFiles/main.dir/home/pjtexier/Bureau/freertos-warp7/middleware/multicore/open-amp/rpmsg/rpmsg.c.obj
LOAD CMakeFiles/main.dir/home/pjtexier/Bureau/freertos-warp7/middleware/multicore/open-amp/rpmsg/rpmsg_ext.c.obj
LOAD CMakeFiles/main.dir/home/pjtexier/Bureau/freertos-warp7/middleware/multicore/open-amp/rpmsg/rpmsg_core.c.obj
LOAD CMakeFiles/main.dir/home/pjtexier/Bureau/freertos-warp7/middleware/multicore/open-amp/virtio/virtio.c.obj
LOAD CMakeFiles/main.dir/home/pjtexier/Bureau/freertos-warp7/middleware/multicore/open-amp/virtio/virtqueue.c.obj
LOAD CMakeFiles/main.dir/home/pjtexier/Bureau/freertos-warp7/middleware/multicore/open-amp/porting/env/freertos/rpmsg_porting.c.obj
LOAD CMakeFiles/main.dir/home/pjtexier/Bureau/freertos-warp7/rtos/FreeRTOS/Source/croutine.c.obj
LOAD CMakeFiles/main.dir/home/pjtexier/Bureau/freertos-warp7/rtos/FreeRTOS/Source/event_groups.c.obj
LOAD CMakeFiles/main.dir/home/pjtexier/Bureau/freertos-warp7/rtos/FreeRTOS/Source/list.c.obj
LOAD CMakeFiles/main.dir/home/pjtexier/Bureau/freertos-warp7/rtos/FreeRTOS/Source/queue.c.obj
LOAD CMakeFiles/main.dir/home/pjtexier/Bureau/freertos-warp7/rtos/FreeRTOS/Source/tasks.c.obj
LOAD CMakeFiles/main.dir/home/pjtexier/Bureau/freertos-warp7/rtos/FreeRTOS/Source/timers.c.obj
LOAD CMakeFiles/main.dir/home/pjtexier/Bureau/freertos-warp7/platform/drivers/src/ccm_analog_imx7d.c.obj
LOAD CMakeFiles/main.dir/home/pjtexier/Bureau/freertos-warp7/platform/drivers/src/ccm_imx7d.c.obj
LOAD CMakeFiles/main.dir/home/pjtexier/Bureau/freertos-warp7/platform/drivers/src/lmem.c.obj
LOAD CMakeFiles/main.dir/home/pjtexier/Bureau/freertos-warp7/platform/drivers/src/rdc.c.obj
LOAD CMakeFiles/main.dir/home/pjtexier/Bureau/freertos-warp7/platform/drivers/src/wdog_imx.c.obj
LOAD CMakeFiles/main.dir/home/pjtexier/Bureau/freertos-warp7/platform/utilities/src/debug_console_imx.c.obj
LOAD CMakeFiles/main.dir/home/pjtexier/Bureau/freertos-warp7/platform/utilities/src/print_scan.c.obj
LOAD CMakeFiles/main.dir/home/pjtexier/Bureau/freertos-warp7/platform/devices/MCIMX7D/startup/system_MCIMX7D_M4.c.obj
LOAD CMakeFiles/main.dir/home/pjtexier/Bureau/freertos-warp7/examples/imx7s_warp_m4/pin_mux.c.obj
LOAD CMakeFiles/main.dir/home/pjtexier/Bureau/freertos-warp7/examples/imx7s_warp_m4/board.c.obj
LOAD CMakeFiles/main.dir/home/pjtexier/Bureau/freertos-warp7/examples/imx7s_warp_m4/gpio_pins.c.obj
LOAD CMakeFiles/main.dir/home/pjtexier/Bureau/freertos-warp7/examples/imx7s_warp_m4/clock_freq.c.obj
LOAD CMakeFiles/main.dir/home/pjtexier/Bureau/freertos-warp7/examples/imx7s_warp_m4/demo_apps/rpmsg/air-quality-click/hardware_init.c.obj
LOAD CMakeFiles/main.dir/home/pjtexier/Bureau/freertos-warp7/platform/drivers/src/uart_imx.c.obj
LOAD CMakeFiles/main.dir/home/pjtexier/Bureau/freertos-warp7/platform/drivers/src/gpio_imx.c.obj
LOAD CMakeFiles/main.dir/home/pjtexier/Bureau/freertos-warp7/platform/drivers/src/i2c_imx.c.obj
LOAD CMakeFiles/main.dir/home/pjtexier/Bureau/freertos-warp7/platform/drivers/src/mu_imx.c.obj
START GROUP
LOAD /home/pjtexier/Documents/gcc-arm-none-eabi-5_4-2016q2/bin/../lib/gcc/arm-none-eabi/5.4.1/../../../../arm-none-eabi/lib/armv7e-m/fpu/libm.a
LOAD /home/pjtexier/Documents/gcc-arm-none-eabi-5_4-2016q2/bin/../lib/gcc/arm-none-eabi/5.4.1/../../../../arm-none-eabi/lib/armv7e-m/fpu/libc_nano.a
LOAD /home/pjtexier/Documents/gcc-arm-none-eabi-5_4-2016q2/bin/../lib/gcc/arm-none-eabi/5.4.1/armv7e-m/fpu/libgcc.a
LOAD /home/pjtexier/Documents/gcc-arm-none-eabi-5_4-2016q2/bin/../lib/gcc/arm-none-eabi/5.4.1/../../../../arm-none-eabi/lib/armv7e-m/fpu/libnosys.a
END GROUP
START GROUP
LOAD /home/pjtexier/Documents/gcc-arm-none-eabi-5_4-2016q2/bin/../lib/gcc/arm-none-eabi/5.4.1/armv7e-m/fpu/libgcc.a
LOAD /home/pjtexier/Documents/gcc-arm-none-eabi-5_4-2016q2/bin/../lib/gcc/arm-none-eabi/5.4.1/../../../../arm-none-eabi/lib/armv7e-m/fpu/libc_nano.a
END GROUP
START GROUP
LOAD /home/pjtexier/Documents/gcc-arm-none-eabi-5_4-2016q2/bin/../lib/gcc/arm-none-eabi/5.4.1/armv7e-m/fpu/libgcc.a
LOAD /home/pjtexier/Documents/gcc-arm-none-eabi-5_4-2016q2/bin/../lib/gcc/arm-none-eabi/5.4.1/../../../../arm-none-eabi/lib/armv7e-m/fpu/libc_nano.a
END GROUP
LOAD /home/pjtexier/Documents/gcc-arm-none-eabi-5_4-2016q2/bin/../lib/gcc/arm-none-eabi/5.4.1/armv7e-m/fpu/crtend.o
LOAD /home/pjtexier/Documents/gcc-arm-none-eabi-5_4-2016q2/bin/../lib/gcc/arm-none-eabi/5.4.1/armv7e-m/fpu/crtn.o
                0x00000400                HEAP_SIZE = DEFINED (__heap_size__)?__heap_size__:0x400
                0x00000400                STACK_SIZE = DEFINED (__stack_size__)?__stack_size__:0x400

.interrupts     0x1fff8000      0x240
                0x1fff8000                __VECTOR_TABLE = .
                0x1fff8000                . = ALIGN (0x4)
 *(.isr_vector)
 .isr_vector    0x1fff8000      0x240 CMakeFiles/main.dir/home/pjtexier/Bureau/freertos-warp7/platform/devices/MCIMX7D/startup/gcc/startup_MCIMX7D_M4.S.obj
                0x1fff8000                __isr_vector
                0x1fff8240                . = ALIGN (0x4)

.text           0x1fff8240     0x6738
                0x1fff8240                . = ALIGN (0x4)
 *(.text)
 .text          0x1fff8240       0x5c /home/pjtexier/Documents/gcc-arm-none-eabi-5_4-2016q2/bin/../lib/gcc/arm-none-eabi/5.4.1/armv7e-m/fpu/crtbegin.o
 .text          0x1fff829c       0x74 /home/pjtexier/Documents/gcc-arm-none-eabi-5_4-2016q2/bin/../lib/gcc/arm-none-eabi/5.4.1/../../../../arm-none-eabi/lib/armv7e-m/fpu/crt0.o
                0x1fff829c                _mainCRTStartup
                0x1fff829c                _start
 .text          0x1fff8310       0x30 CMakeFiles/main.dir/home/pjtexier/Bureau/freertos-warp7/platform/devices/MCIMX7D/startup/gcc/startup_MCIMX7D_M4.S.obj
                0x1fff8310                Reset_Handler
                0x1fff833c                ENET2_MAC0_TRANS1_Handler
                0x1fff833c                SAI3_Handler
                0x1fff833c                DebugMon_Handler
                0x1fff833c                USB_OH3_OTG2_1_Handler
                0x1fff833c                GPIO3_INT31_16_Handler
                0x1fff833c                eCSPI4_Handler
                0x1fff833c                SIM2_Handler
                0x1fff833c                FLEXCAN1_Handler
                0x1fff833c                UART3_Handler
                0x1fff833c                UART2_Handler
                0x1fff833c                GPIO1_INT3_Handler
                0x1fff833c                HardFault_Handler
                0x1fff833c                SNVS_SECURITY_Handler
                0x1fff833c                SEMA4_HS_M4_Handler
                0x1fff833c                GPIO6_INT31_16_Handler
                0x1fff833c                SRC_Handler
                0x1fff833c                GPT2_Handler
                0x1fff833c                CCM2_Handler
                0x1fff833c                I2C1_Handler
                0x1fff833c                CPU_CTI_Handler
                0x1fff833c                NMI_Handler
                0x1fff833c                SAI1_Handler
                0x1fff833c                ENET2_MAC0_IRQ_Handler
                0x1fff833c                KPP_Handler
                0x1fff833c                USB_OTG1_Handler
                0x1fff833c                MIPI_CSI_Handler
                0x1fff833c                WDOG4_Handler
                0x1fff833c                Reserved9_Handler
                0x1fff833c                QSPI_Handler
                0x1fff833c                CAAM_QUEUE_Handler
                0x1fff833c                GPIO2_INT15_0_Handler
                0x1fff833c                PCIE_CTRL4_Handler
                0x1fff833c                uSDHC2_Handler
                0x1fff833c                GPIO1_INT6_Handler
                0x1fff833c                PCIE_CTRL_REQUEST_Handler
                0x1fff833c                SCTR1_Handler
                0x1fff833c                RDC_Handler
                0x1fff833c                EPDC_Handler
                0x1fff833c                CCM1_Handler
                0x1fff833c                UsageFault_Handler
                0x1fff833c                ADC1_Handler
                0x1fff833c                GPIO1_INT0_Handler
                0x1fff833c                Analog_brown_out_Handler
                0x1fff833c                PXP2_Handler
                0x1fff833c                SEMA4_HS_A7_Handler
                0x1fff833c                RTIC_Handler
                0x1fff833c                DefaultISR
                0x1fff833c                GPIO6_INT15_0_Handler
                0x1fff833c                SCTR2_Handler
                0x1fff833c                WDOG3_Handler
                0x1fff833c                USB_OH2_OTG_Handler
                0x1fff833c                SAI2_Handler
                0x1fff833c                GPIO3_INT15_0_Handler
                0x1fff833c                FTM2_Handler
                0x1fff833c                eCSPI1_Handler
                0x1fff833c                GPC_Handler
                0x1fff833c                GPIO1_INT15_0_Handler
                0x1fff833c                UART1_Handler
                0x1fff833c                ENET1_MAC0_TRANS2_Handler
                0x1fff833c                eCSPI3_Handler
                0x1fff833c                BCH_Handler
                0x1fff833c                CAAM_ERROR_Handler
                0x1fff833c                Analog_TempSensor_Handler
                0x1fff833c                PXP1_Handler
                0x1fff833c                SNVS_Handler
                0x1fff833c                GPT4_Handler
                0x1fff833c                GPIO5_INT15_0_Handler
                0x1fff833c                ENET2_MAC0_TRANS2_Handler
                0x1fff833c                GPMI_Handler
                0x1fff833c                I2C4_Handler
                0x1fff833c                CCM_SRC_GPC_Handler
                0x1fff833c                CPU_Handler
                0x1fff833c                UART4_Handler
                0x1fff833c                GPIO1_INT1_Handler
                0x1fff833c                uSDHC3_Handler
                0x1fff833c                EIM_Handler
                0x1fff833c                PWM1_Handler
                0x1fff833c                ENET2_1588_TIMER_IRQ_Handler
                0x1fff833c                UART6_Handler
                0x1fff833c                GPIO1_INT4_Handler
                0x1fff833c                GPIO1_INT31_16_Handler
                0x1fff833c                APBHDMA_Handler
                0x1fff833c                uSDHC1_Handler
                0x1fff833c                DBGMON_Handler
                0x1fff833c                UART7_Handler
                0x1fff833c                SDMA_Handler
                0x1fff833c                GPT1_Handler
                0x1fff833c                PWM3_Handler
                0x1fff833c                PCIE_CTRL2_Handler
                0x1fff833c                MemManage_Handler
                0x1fff833c                GPIO5_INT31_16_Handler
                0x1fff833c                TZASC1_Handler
                0x1fff833c                I2C2_Handler
                0x1fff833c                DAP_Handler
                0x1fff833c                GPIO4_INT15_0_Handler
                0x1fff833c                CSI_Handler
                0x1fff833c                eCSPI2_Handler
                0x1fff833c                ENET1_1588_TIMER_Handler
                0x1fff833c                WDOG2_Handler
                0x1fff833c                FLEXCAN2_Handler
                0x1fff833c                PCIE_CTRL1_Handler
                0x1fff833c                PCIE_CTRL3_Handler
                0x1fff833c                GPT3_Handler
                0x1fff833c                GPIO1_INT5_Handler
                0x1fff833c                CAAM_WRAPPER2_Handler
                0x1fff833c                SNVS_CONSOLIDATED_Handler
                0x1fff833c                CAAM_WRAPPER1_Handler
                0x1fff833c                GPIO4_INT31_16_Handler
                0x1fff833c                GPIO1_INT2_Handler
                0x1fff833c                LCDIF_Handler
                0x1fff833c                UART5_Handler
                0x1fff833c                PERFMON1_Handler
                0x1fff833c                GPIO1_INT7_Handler
                0x1fff833c                I2C3_Handler
                0x1fff833c                CSU_Handler
                0x1fff833c                MIPI_DSI_Handler
                0x1fff833c                PWM2_Handler
                0x1fff833c                GPR_Handler
                0x1fff833c                SIM1_Handler
                0x1fff833c                USB_OTG2_Handler
                0x1fff833c                ENET1_MAC0_TRANS1_Handler
                0x1fff833c                BusFault_Handler
                0x1fff833c                USB_OH3_OTG2_2_Handler
                0x1fff833c                ENET1_MAC0_Handler
                0x1fff833c                PERFMON2_Handler
                0x1fff833c                GPIO7_INT31_16_Handler
                0x1fff833c                PWM4_Handler
                0x1fff833c                GPIO2_INT31_16_Handler
                0x1fff833c                FTM1_Handler
                0x1fff833c                GPIO7_INT15_0_Handler
                0x1fff833c                WDOG1_Handler
                0x1fff833c                MU_A7_Handler
                0x1fff833c                ADC2_Handler
                0x1fff833c                TPR_Handler
 .text          0x1fff8340       0x14 /home/pjtexier/Documents/gcc-arm-none-eabi-5_4-2016q2/bin/../lib/gcc/arm-none-eabi/5.4.1/../../../../arm-none-eabi/lib/armv7e-m/fpu/libc_nano.a(lib_a-strcmp.o)
                0x1fff8340                strcmp
 .text          0x1fff8354       0x10 /home/pjtexier/Documents/gcc-arm-none-eabi-5_4-2016q2/bin/../lib/gcc/arm-none-eabi/5.4.1/../../../../arm-none-eabi/lib/armv7e-m/fpu/libc_nano.a(lib_a-strlen.o)
                0x1fff8354                strlen
 *fill*         0x1fff8364        0xc 
 .text          0x1fff8370       0xa0 /home/pjtexier/Documents/gcc-arm-none-eabi-5_4-2016q2/bin/../lib/gcc/arm-none-eabi/5.4.1/../../../../arm-none-eabi/lib/armv7e-m/fpu/libc_nano.a(lib_a-memchr.o)
                0x1fff8370                memchr
 *(.text*)
 .text.prvPortStartFirstTask
                0x1fff8410       0x1c CMakeFiles/main.dir/home/pjtexier/Bureau/freertos-warp7/rtos/FreeRTOS/Source/portable/GCC/ARM_CM4F/port.c.obj
 .text.vPortEnableVFP
                0x1fff842c       0x14 CMakeFiles/main.dir/home/pjtexier/Bureau/freertos-warp7/rtos/FreeRTOS/Source/portable/GCC/ARM_CM4F/port.c.obj
 .text.pxPortInitialiseStack
                0x1fff8440       0x24 CMakeFiles/main.dir/home/pjtexier/Bureau/freertos-warp7/rtos/FreeRTOS/Source/portable/GCC/ARM_CM4F/port.c.obj
                0x1fff8440                pxPortInitialiseStack
 .text.SVC_Handler
                0x1fff8464       0x20 CMakeFiles/main.dir/home/pjtexier/Bureau/freertos-warp7/rtos/FreeRTOS/Source/portable/GCC/ARM_CM4F/port.c.obj
                0x1fff8464                SVC_Handler
 .text.vPortYield
                0x1fff8484       0x18 CMakeFiles/main.dir/home/pjtexier/Bureau/freertos-warp7/rtos/FreeRTOS/Source/portable/GCC/ARM_CM4F/port.c.obj
                0x1fff8484                vPortYield
 .text.ulPortSetInterruptMask
                0x1fff849c       0x10 CMakeFiles/main.dir/home/pjtexier/Bureau/freertos-warp7/rtos/FreeRTOS/Source/portable/GCC/ARM_CM4F/port.c.obj
                0x1fff849c                ulPortSetInterruptMask
 .text.prvTaskExitError
                0x1fff84ac       0x1c CMakeFiles/main.dir/home/pjtexier/Bureau/freertos-warp7/rtos/FreeRTOS/Source/portable/GCC/ARM_CM4F/port.c.obj
 .text.vPortEnterCritical
                0x1fff84c8       0x1c CMakeFiles/main.dir/home/pjtexier/Bureau/freertos-warp7/rtos/FreeRTOS/Source/portable/GCC/ARM_CM4F/port.c.obj
                0x1fff84c8                vPortEnterCritical
 .text.vPortClearInterruptMask
                0x1fff84e4        0x6 CMakeFiles/main.dir/home/pjtexier/Bureau/freertos-warp7/rtos/FreeRTOS/Source/portable/GCC/ARM_CM4F/port.c.obj
                0x1fff84e4                vPortClearInterruptMask
 *fill*         0x1fff84ea        0x2 
 .text.vPortExitCritical
                0x1fff84ec       0x24 CMakeFiles/main.dir/home/pjtexier/Bureau/freertos-warp7/rtos/FreeRTOS/Source/portable/GCC/ARM_CM4F/port.c.obj
                0x1fff84ec                vPortExitCritical
 .text.PendSV_Handler
                0x1fff8510       0x58 CMakeFiles/main.dir/home/pjtexier/Bureau/freertos-warp7/rtos/FreeRTOS/Source/portable/GCC/ARM_CM4F/port.c.obj
                0x1fff8510                PendSV_Handler
 .text.SysTick_Handler
                0x1fff8568       0x24 CMakeFiles/main.dir/home/pjtexier/Bureau/freertos-warp7/rtos/FreeRTOS/Source/portable/GCC/ARM_CM4F/port.c.obj
                0x1fff8568                SysTick_Handler
 .text.vPortSetupTimerInterrupt
                0x1fff858c       0x18 CMakeFiles/main.dir/home/pjtexier/Bureau/freertos-warp7/rtos/FreeRTOS/Source/portable/GCC/ARM_CM4F/port.c.obj
                0x1fff858c                vPortSetupTimerInterrupt
 .text.xPortStartScheduler
                0x1fff85a4       0xa8 CMakeFiles/main.dir/home/pjtexier/Bureau/freertos-warp7/rtos/FreeRTOS/Source/portable/GCC/ARM_CM4F/port.c.obj
                0x1fff85a4                xPortStartScheduler
 .text.vPortValidateInterruptPriority
                0x1fff864c       0x44 CMakeFiles/main.dir/home/pjtexier/Bureau/freertos-warp7/rtos/FreeRTOS/Source/portable/GCC/ARM_CM4F/port.c.obj
                0x1fff864c                vPortValidateInterruptPriority
 .text.pvPortMalloc
                0x1fff8690       0xb8 CMakeFiles/main.dir/home/pjtexier/Bureau/freertos-warp7/rtos/FreeRTOS/Source/portable/MemMang/heap_2.c.obj
                0x1fff8690                pvPortMalloc
 .text.vPortFree
                0x1fff8748       0x44 CMakeFiles/main.dir/home/pjtexier/Bureau/freertos-warp7/rtos/FreeRTOS/Source/portable/MemMang/heap_2.c.obj
                0x1fff8748                vPortFree
 .text.heartBeatTask
                0x1fff878c       0x18 CMakeFiles/main.dir/home/pjtexier/Bureau/freertos-warp7/examples/imx7s_warp_m4/demo_apps/rpmsg/air-quality-click/main.c.obj
 .text.commandTask
                0x1fff87a4      0x1e4 CMakeFiles/main.dir/home/pjtexier/Bureau/freertos-warp7/examples/imx7s_warp_m4/demo_apps/rpmsg/air-quality-click/main.c.obj
 .text.MU_M4_Handler
                0x1fff8988        0x4 CMakeFiles/main.dir/home/pjtexier/Bureau/freertos-warp7/examples/imx7s_warp_m4/demo_apps/rpmsg/air-quality-click/main.c.obj
                0x1fff8988                MU_M4_Handler
 .text.startup.main
                0x1fff898c       0xe0 CMakeFiles/main.dir/home/pjtexier/Bureau/freertos-warp7/examples/imx7s_warp_m4/demo_apps/rpmsg/air-quality-click/main.c.obj
                0x1fff898c                main
 .text.I2C_MasterReceiveDataPolling
                0x1fff8a6c      0x142 CMakeFiles/main.dir/home/pjtexier/Bureau/freertos-warp7/examples/imx7s_warp_m4/demo_apps/rpmsg/air-quality-click/common/air-quality-click.c.obj
                0x1fff8a6c                I2C_MasterReceiveDataPolling
 *fill*         0x1fff8bae        0x2 
 .text.IAQ_ReadData
                0x1fff8bb0       0x68 CMakeFiles/main.dir/home/pjtexier/Bureau/freertos-warp7/examples/imx7s_warp_m4/demo_apps/rpmsg/air-quality-click/common/air-quality-click.c.obj
                0x1fff8bb0                IAQ_ReadData
 .text.RDC_SEMAPHORE_Lock
                0x1fff8c18       0x28 CMakeFiles/main.dir/home/pjtexier/Bureau/freertos-warp7/platform/drivers/src/rdc_semaphore.c.obj
                0x1fff8c18                RDC_SEMAPHORE_Lock
 .text.RDC_SEMAPHORE_Unlock
                0x1fff8c40       0x18 CMakeFiles/main.dir/home/pjtexier/Bureau/freertos-warp7/platform/drivers/src/rdc_semaphore.c.obj
                0x1fff8c40                RDC_SEMAPHORE_Unlock
 .text.rpmsg_channel_deleted_rtos
                0x1fff8c58       0x28 CMakeFiles/main.dir/home/pjtexier/Bureau/freertos-warp7/middleware/multicore/open-amp/rpmsg/rpmsg_rtos.c.obj
 .text.rpmsg_read_rtos_cb
                0x1fff8c80       0x54 CMakeFiles/main.dir/home/pjtexier/Bureau/freertos-warp7/middleware/multicore/open-amp/rpmsg/rpmsg_rtos.c.obj
 .text.rpmsg_channel_created_rtos
                0x1fff8cd4       0x50 CMakeFiles/main.dir/home/pjtexier/Bureau/freertos-warp7/middleware/multicore/open-amp/rpmsg/rpmsg_rtos.c.obj
 .text.rpmsg_rtos_init
                0x1fff8d24       0xbc CMakeFiles/main.dir/home/pjtexier/Bureau/freertos-warp7/middleware/multicore/open-amp/rpmsg/rpmsg_rtos.c.obj
                0x1fff8d24                rpmsg_rtos_init
 .text.rpmsg_rtos_recv_nocopy
                0x1fff8de0       0x48 CMakeFiles/main.dir/home/pjtexier/Bureau/freertos-warp7/middleware/multicore/open-amp/rpmsg/rpmsg_rtos.c.obj
                0x1fff8de0                rpmsg_rtos_recv_nocopy
 .text.rpmsg_rtos_recv_nocopy_free
                0x1fff8e28       0x20 CMakeFiles/main.dir/home/pjtexier/Bureau/freertos-warp7/middleware/multicore/open-amp/rpmsg/rpmsg_rtos.c.obj
                0x1fff8e28                rpmsg_rtos_recv_nocopy_free
 .text.rpmsg_rtos_alloc_tx_buffer
                0x1fff8e48       0x16 CMakeFiles/main.dir/home/pjtexier/Bureau/freertos-warp7/middleware/multicore/open-amp/rpmsg/rpmsg_rtos.c.obj
                0x1fff8e48                rpmsg_rtos_alloc_tx_buffer
 *fill*         0x1fff8e5e        0x2 
 .text.rpmsg_rtos_send_nocopy
                0x1fff8e60       0x2c CMakeFiles/main.dir/home/pjtexier/Bureau/freertos-warp7/middleware/multicore/open-amp/rpmsg/rpmsg_rtos.c.obj
                0x1fff8e60                rpmsg_rtos_send_nocopy
 .text._shutdown_cpu
                0x1fff8e8c       0x1c CMakeFiles/main.dir/home/pjtexier/Bureau/freertos-warp7/middleware/multicore/open-amp/porting/imx7d_m4/platform.c.obj
 .text._boot_cpu
                0x1fff8ea8       0x1c CMakeFiles/main.dir/home/pjtexier/Bureau/freertos-warp7/middleware/multicore/open-amp/porting/imx7d_m4/platform.c.obj
 .text._notify  0x1fff8ec4       0x10 CMakeFiles/main.dir/home/pjtexier/Bureau/freertos-warp7/middleware/multicore/open-amp/porting/imx7d_m4/platform.c.obj
 .text._enable_interrupt
                0x1fff8ed4       0x28 CMakeFiles/main.dir/home/pjtexier/Bureau/freertos-warp7/middleware/multicore/open-amp/porting/imx7d_m4/platform.c.obj
 .text.platform_isr
                0x1fff8efc        0x6 CMakeFiles/main.dir/home/pjtexier/Bureau/freertos-warp7/middleware/multicore/open-amp/porting/imx7d_m4/platform.c.obj
                0x1fff8efc                platform_isr
 *fill*         0x1fff8f02        0x2 
 .text.rpmsg_handler
                0x1fff8f04       0x20 CMakeFiles/main.dir/home/pjtexier/Bureau/freertos-warp7/middleware/multicore/open-amp/porting/imx7d_m4/platform.c.obj
                0x1fff8f04                rpmsg_handler
 .text.platform_in_isr
                0x1fff8f24       0x14 CMakeFiles/main.dir/home/pjtexier/Bureau/freertos-warp7/middleware/multicore/open-amp/porting/imx7d_m4/platform.c.obj
                0x1fff8f24                platform_in_isr
 .text.platform_interrupt_enable
                0x1fff8f38       0x54 CMakeFiles/main.dir/home/pjtexier/Bureau/freertos-warp7/middleware/multicore/open-amp/porting/imx7d_m4/platform.c.obj
                0x1fff8f38                platform_interrupt_enable
 .text.platform_interrupt_disable
                0x1fff8f8c       0x58 CMakeFiles/main.dir/home/pjtexier/Bureau/freertos-warp7/middleware/multicore/open-amp/porting/imx7d_m4/platform.c.obj
                0x1fff8f8c                platform_interrupt_disable
 .text.platform_interrupt_enable_all
                0x1fff8fe4       0x3c CMakeFiles/main.dir/home/pjtexier/Bureau/freertos-warp7/middleware/multicore/open-amp/porting/imx7d_m4/platform.c.obj
                0x1fff8fe4                platform_interrupt_enable_all
 .text.platform_interrupt_disable_all
                0x1fff9020       0x38 CMakeFiles/main.dir/home/pjtexier/Bureau/freertos-warp7/middleware/multicore/open-amp/porting/imx7d_m4/platform.c.obj
                0x1fff9020                platform_interrupt_disable_all
 .text.platform_map_mem_region
                0x1fff9058        0x2 CMakeFiles/main.dir/home/pjtexier/Bureau/freertos-warp7/middleware/multicore/open-amp/porting/imx7d_m4/platform.c.obj
                0x1fff9058                platform_map_mem_region
 .text.platform_vatopa
                0x1fff905a        0x2 CMakeFiles/main.dir/home/pjtexier/Bureau/freertos-warp7/middleware/multicore/open-amp/porting/imx7d_m4/platform.c.obj
                0x1fff905a                platform_vatopa
 .text.platform_patova
                0x1fff905c        0x2 CMakeFiles/main.dir/home/pjtexier/Bureau/freertos-warp7/middleware/multicore/open-amp/porting/imx7d_m4/platform.c.obj
                0x1fff905c                platform_patova
 .text.platform_init
                0x1fff905e        0x4 CMakeFiles/main.dir/home/pjtexier/Bureau/freertos-warp7/middleware/multicore/open-amp/porting/imx7d_m4/platform.c.obj
                0x1fff905e                platform_init
 .text.platform_deinit
                0x1fff9062        0x4 CMakeFiles/main.dir/home/pjtexier/Bureau/freertos-warp7/middleware/multicore/open-amp/porting/imx7d_m4/platform.c.obj
                0x1fff9062                platform_deinit
 *fill*         0x1fff9066        0x2 
 .text.platform_get_processor_info
                0x1fff9068       0x34 CMakeFiles/main.dir/home/pjtexier/Bureau/freertos-warp7/middleware/multicore/open-amp/porting/imx7d_m4/platform_info.c.obj
                0x1fff9068                platform_get_processor_info
 .text.hil_create_proc
                0x1fff909c       0x5c CMakeFiles/main.dir/home/pjtexier/Bureau/freertos-warp7/middleware/multicore/open-amp/common/hil/hil.c.obj
                0x1fff909c                hil_create_proc
 .text.hil_isr  0x1fff90f8        0x6 CMakeFiles/main.dir/home/pjtexier/Bureau/freertos-warp7/middleware/multicore/open-amp/common/hil/hil.c.obj
                0x1fff90f8                hil_isr
 .text.hil_get_chnl_info
                0x1fff90fe        0x8 CMakeFiles/main.dir/home/pjtexier/Bureau/freertos-warp7/middleware/multicore/open-amp/common/hil/hil.c.obj
                0x1fff90fe                hil_get_chnl_info
 .text.hil_get_vring_info
                0x1fff9106        0x8 CMakeFiles/main.dir/home/pjtexier/Bureau/freertos-warp7/middleware/multicore/open-amp/common/hil/hil.c.obj
                0x1fff9106                hil_get_vring_info
 .text.hil_get_shm_info
                0x1fff910e        0x4 CMakeFiles/main.dir/home/pjtexier/Bureau/freertos-warp7/middleware/multicore/open-amp/common/hil/hil.c.obj
                0x1fff910e                hil_get_shm_info
 .text.hil_enable_vring_notifications
                0x1fff9112       0x1e CMakeFiles/main.dir/home/pjtexier/Bureau/freertos-warp7/middleware/multicore/open-amp/common/hil/hil.c.obj
                0x1fff9112                hil_enable_vring_notifications
 .text.hil_vring_notify
                0x1fff9130       0x1a CMakeFiles/main.dir/home/pjtexier/Bureau/freertos-warp7/middleware/multicore/open-amp/common/hil/hil.c.obj
                0x1fff9130                hil_vring_notify
 .text.hil_get_status
                0x1fff914a        0x4 CMakeFiles/main.dir/home/pjtexier/Bureau/freertos-warp7/middleware/multicore/open-amp/common/hil/hil.c.obj
                0x1fff914a                hil_get_status
 .text.hil_set_status
                0x1fff914e        0x4 CMakeFiles/main.dir/home/pjtexier/Bureau/freertos-warp7/middleware/multicore/open-amp/common/hil/hil.c.obj
                0x1fff914e                hil_set_status
 .text.add_to_list
                0x1fff9152       0x1e CMakeFiles/main.dir/home/pjtexier/Bureau/freertos-warp7/middleware/multicore/open-amp/common/llist/llist.c.obj
                0x1fff9152                add_to_list
 .text.remove_from_list
                0x1fff9170       0x22 CMakeFiles/main.dir/home/pjtexier/Bureau/freertos-warp7/middleware/multicore/open-amp/common/llist/llist.c.obj
                0x1fff9170                remove_from_list
 .text.sh_mem_create_pool
                0x1fff9192       0x76 CMakeFiles/main.dir/home/pjtexier/Bureau/freertos-warp7/middleware/multicore/open-amp/common/shm/sh_mem.c.obj
                0x1fff9192                sh_mem_create_pool
 .text.sh_mem_free_buffer
                0x1fff9208       0x60 CMakeFiles/main.dir/home/pjtexier/Bureau/freertos-warp7/middleware/multicore/open-amp/common/shm/sh_mem.c.obj
                0x1fff9208                sh_mem_free_buffer
 .text.sh_mem_delete_pool
                0x1fff9268       0x18 CMakeFiles/main.dir/home/pjtexier/Bureau/freertos-warp7/middleware/multicore/open-amp/common/shm/sh_mem.c.obj
                0x1fff9268                sh_mem_delete_pool
 .text.get_first_zero_bit
                0x1fff9280       0x44 CMakeFiles/main.dir/home/pjtexier/Bureau/freertos-warp7/middleware/multicore/open-amp/common/shm/sh_mem.c.obj
                0x1fff9280                get_first_zero_bit
 .text.sh_mem_get_buffer
                0x1fff92c4       0x6c CMakeFiles/main.dir/home/pjtexier/Bureau/freertos-warp7/middleware/multicore/open-amp/common/shm/sh_mem.c.obj
                0x1fff92c4                sh_mem_get_buffer
 .text.rpmsg_rdev_get_status
                0x1fff9330        0x4 CMakeFiles/main.dir/home/pjtexier/Bureau/freertos-warp7/middleware/multicore/open-amp/rpmsg/remote_device.c.obj
                0x1fff9330                rpmsg_rdev_get_status
 .text.rpmsg_rdev_set_status
                0x1fff9334        0x2 CMakeFiles/main.dir/home/pjtexier/Bureau/freertos-warp7/middleware/multicore/open-amp/rpmsg/remote_device.c.obj
                0x1fff9334                rpmsg_rdev_set_status
 .text.rpmsg_rdev_get_feature
                0x1fff9336        0x4 CMakeFiles/main.dir/home/pjtexier/Bureau/freertos-warp7/middleware/multicore/open-amp/rpmsg/remote_device.c.obj
                0x1fff9336                rpmsg_rdev_get_feature
 .text.rpmsg_rdev_set_feature
                0x1fff933a        0x8 CMakeFiles/main.dir/home/pjtexier/Bureau/freertos-warp7/middleware/multicore/open-amp/rpmsg/remote_device.c.obj
                0x1fff933a                rpmsg_rdev_set_feature
 .text.rpmsg_rdev_negotiate_feature
                0x1fff9342        0x4 CMakeFiles/main.dir/home/pjtexier/Bureau/freertos-warp7/middleware/multicore/open-amp/rpmsg/remote_device.c.obj
                0x1fff9342                rpmsg_rdev_negotiate_feature
 .text.rpmsg_rdev_write_config
                0x1fff9346        0x2 CMakeFiles/main.dir/home/pjtexier/Bureau/freertos-warp7/middleware/multicore/open-amp/rpmsg/remote_device.c.obj
                0x1fff9346                rpmsg_rdev_write_config
 .text.rpmsg_rdev_reset
                0x1fff9348        0x2 CMakeFiles/main.dir/home/pjtexier/Bureau/freertos-warp7/middleware/multicore/open-amp/rpmsg/remote_device.c.obj
                0x1fff9348                rpmsg_rdev_reset
 *fill*         0x1fff934a        0x2 
 .text.rpmsg_rdev_create_virtqueues
                0x1fff934c      0x108 CMakeFiles/main.dir/home/pjtexier/Bureau/freertos-warp7/middleware/multicore/open-amp/rpmsg/remote_device.c.obj
                0x1fff934c                rpmsg_rdev_create_virtqueues
 .text.rpmsg_rdev_read_config
                0x1fff9454        0x2 CMakeFiles/main.dir/home/pjtexier/Bureau/freertos-warp7/middleware/multicore/open-amp/rpmsg/remote_device.c.obj
                0x1fff9454                rpmsg_rdev_read_config
 *fill*         0x1fff9456        0x2 
 .text.rpmsg_rdev_init
                0x1fff9458       0xd8 CMakeFiles/main.dir/home/pjtexier/Bureau/freertos-warp7/middleware/multicore/open-amp/rpmsg/remote_device.c.obj
                0x1fff9458                rpmsg_rdev_init
 .text.rpmsg_rdev_get_chnl_node_from_id
                0x1fff9530       0x2a CMakeFiles/main.dir/home/pjtexier/Bureau/freertos-warp7/middleware/multicore/open-amp/rpmsg/remote_device.c.obj
                0x1fff9530                rpmsg_rdev_get_chnl_node_from_id
 .text.rpmsg_rdev_get_endpoint_from_addr
                0x1fff955a       0x26 CMakeFiles/main.dir/home/pjtexier/Bureau/freertos-warp7/middleware/multicore/open-amp/rpmsg/remote_device.c.obj
                0x1fff955a                rpmsg_rdev_get_endpoint_from_addr
 .text.rpmsg_rdev_deinit
                0x1fff9580       0x74 CMakeFiles/main.dir/home/pjtexier/Bureau/freertos-warp7/middleware/multicore/open-amp/rpmsg/remote_device.c.obj
                0x1fff9580                rpmsg_rdev_deinit
 .text.rpmsg_rdev_notify
                0x1fff95f4       0x26 CMakeFiles/main.dir/home/pjtexier/Bureau/freertos-warp7/middleware/multicore/open-amp/rpmsg/remote_device.c.obj
                0x1fff95f4                rpmsg_rdev_notify
 .text.rpmsg_deinit
                0x1fff961a       0x12 CMakeFiles/main.dir/home/pjtexier/Bureau/freertos-warp7/middleware/multicore/open-amp/rpmsg/rpmsg.c.obj
                0x1fff961a                rpmsg_deinit
 .text.rpmsg_init
                0x1fff962c       0x44 CMakeFiles/main.dir/home/pjtexier/Bureau/freertos-warp7/middleware/multicore/open-amp/rpmsg/rpmsg.c.obj
                0x1fff962c                rpmsg_init
 .text.rpmsg_send_offchannel_raw
                0x1fff9670      0x12c CMakeFiles/main.dir/home/pjtexier/Bureau/freertos-warp7/middleware/multicore/open-amp/rpmsg/rpmsg.c.obj
                0x1fff9670                rpmsg_send_offchannel_raw
 .text.rpmsg_create_ept
                0x1fff979c       0x1a CMakeFiles/main.dir/home/pjtexier/Bureau/freertos-warp7/middleware/multicore/open-amp/rpmsg/rpmsg.c.obj
                0x1fff979c                rpmsg_create_ept
 .text.rpmsg_destroy_ept
                0x1fff97b6        0xe CMakeFiles/main.dir/home/pjtexier/Bureau/freertos-warp7/middleware/multicore/open-amp/rpmsg/rpmsg.c.obj
                0x1fff97b6                rpmsg_destroy_ept
 .text.rpmsg_hold_rx_buffer
                0x1fff97c4       0x12 CMakeFiles/main.dir/home/pjtexier/Bureau/freertos-warp7/middleware/multicore/open-amp/rpmsg/rpmsg_ext.c.obj
                0x1fff97c4                rpmsg_hold_rx_buffer
 .text.rpmsg_release_rx_buffer
                0x1fff97d6       0x2e CMakeFiles/main.dir/home/pjtexier/Bureau/freertos-warp7/middleware/multicore/open-amp/rpmsg/rpmsg_ext.c.obj
                0x1fff97d6                rpmsg_release_rx_buffer
 .text.rpmsg_alloc_tx_buffer
                0x1fff9804       0x72 CMakeFiles/main.dir/home/pjtexier/Bureau/freertos-warp7/middleware/multicore/open-amp/rpmsg/rpmsg_ext.c.obj
                0x1fff9804                rpmsg_alloc_tx_buffer
 *fill*         0x1fff9876        0x2 
 .text.rpmsg_send_offchannel_nocopy
                0x1fff9878       0x58 CMakeFiles/main.dir/home/pjtexier/Bureau/freertos-warp7/middleware/multicore/open-amp/rpmsg/rpmsg_ext.c.obj
                0x1fff9878                rpmsg_send_offchannel_nocopy
 .text._rpmsg_create_channel
                0x1fff98d0       0x62 CMakeFiles/main.dir/home/pjtexier/Bureau/freertos-warp7/middleware/multicore/open-amp/rpmsg/rpmsg_core.c.obj
                0x1fff98d0                _rpmsg_create_channel
 .text._rpmsg_delete_channel
                0x1fff9932       0x3e CMakeFiles/main.dir/home/pjtexier/Bureau/freertos-warp7/middleware/multicore/open-amp/rpmsg/rpmsg_core.c.obj
                0x1fff9932                _rpmsg_delete_channel
 .text.rpmsg_ns_callback
                0x1fff9970       0x82 CMakeFiles/main.dir/home/pjtexier/Bureau/freertos-warp7/middleware/multicore/open-amp/rpmsg/rpmsg_core.c.obj
                0x1fff9970                rpmsg_ns_callback
 .text.rpmsg_enqueue_buffer
                0x1fff99f2       0x2e CMakeFiles/main.dir/home/pjtexier/Bureau/freertos-warp7/middleware/multicore/open-amp/rpmsg/rpmsg_core.c.obj
                0x1fff99f2                rpmsg_enqueue_buffer
 .text.rpmsg_return_buffer
                0x1fff9a20       0x2e CMakeFiles/main.dir/home/pjtexier/Bureau/freertos-warp7/middleware/multicore/open-amp/rpmsg/rpmsg_core.c.obj
                0x1fff9a20                rpmsg_return_buffer
 .text.rpmsg_get_tx_buffer
                0x1fff9a4e       0x34 CMakeFiles/main.dir/home/pjtexier/Bureau/freertos-warp7/middleware/multicore/open-amp/rpmsg/rpmsg_core.c.obj
                0x1fff9a4e                rpmsg_get_tx_buffer
 .text.rpmsg_send_ns_message
                0x1fff9a82       0x5e CMakeFiles/main.dir/home/pjtexier/Bureau/freertos-warp7/middleware/multicore/open-amp/rpmsg/rpmsg_core.c.obj
                0x1fff9a82                rpmsg_send_ns_message
 .text.rpmsg_tx_callback
                0x1fff9ae0       0x36 CMakeFiles/main.dir/home/pjtexier/Bureau/freertos-warp7/middleware/multicore/open-amp/rpmsg/rpmsg_core.c.obj
 .text.rpmsg_get_rx_buffer
                0x1fff9b16       0x22 CMakeFiles/main.dir/home/pjtexier/Bureau/freertos-warp7/middleware/multicore/open-amp/rpmsg/rpmsg_core.c.obj
                0x1fff9b16                rpmsg_get_rx_buffer
 .text.rpmsg_rx_callback
                0x1fff9b38       0xd8 CMakeFiles/main.dir/home/pjtexier/Bureau/freertos-warp7/middleware/multicore/open-amp/rpmsg/rpmsg_core.c.obj
 .text.rpmsg_free_buffer
                0x1fff9c10       0x10 CMakeFiles/main.dir/home/pjtexier/Bureau/freertos-warp7/middleware/multicore/open-amp/rpmsg/rpmsg_core.c.obj
                0x1fff9c10                rpmsg_free_buffer
 .text.rpmsg_get_address
                0x1fff9c20       0x38 CMakeFiles/main.dir/home/pjtexier/Bureau/freertos-warp7/middleware/multicore/open-amp/rpmsg/rpmsg_core.c.obj
                0x1fff9c20                rpmsg_get_address
 .text.rpmsg_release_address
                0x1fff9c58       0x40 CMakeFiles/main.dir/home/pjtexier/Bureau/freertos-warp7/middleware/multicore/open-amp/rpmsg/rpmsg_core.c.obj
                0x1fff9c58                rpmsg_release_address
 .text._destroy_endpoint
                0x1fff9c98       0x42 CMakeFiles/main.dir/home/pjtexier/Bureau/freertos-warp7/middleware/multicore/open-amp/rpmsg/rpmsg_core.c.obj
                0x1fff9c98                _destroy_endpoint
 *fill*         0x1fff9cda        0x2 
 .text.rpmsg_is_address_set
                0x1fff9cdc       0x38 CMakeFiles/main.dir/home/pjtexier/Bureau/freertos-warp7/middleware/multicore/open-amp/rpmsg/rpmsg_core.c.obj
                0x1fff9cdc                rpmsg_is_address_set
 .text.rpmsg_set_address
                0x1fff9d14       0x3c CMakeFiles/main.dir/home/pjtexier/Bureau/freertos-warp7/middleware/multicore/open-amp/rpmsg/rpmsg_core.c.obj
                0x1fff9d14                rpmsg_set_address
 .text._create_endpoint
                0x1fff9d50       0x9e CMakeFiles/main.dir/home/pjtexier/Bureau/freertos-warp7/middleware/multicore/open-amp/rpmsg/rpmsg_core.c.obj
                0x1fff9d50                _create_endpoint
 *fill*         0x1fff9dee        0x2 
 .text.rpmsg_start_ipc
                0x1fff9df0       0xac CMakeFiles/main.dir/home/pjtexier/Bureau/freertos-warp7/middleware/multicore/open-amp/rpmsg/rpmsg_core.c.obj
                0x1fff9df0                rpmsg_start_ipc
 .text.vq_ring_update_avail
                0x1fff9e9c       0x2c CMakeFiles/main.dir/home/pjtexier/Bureau/freertos-warp7/middleware/multicore/open-amp/virtio/virtqueue.c.obj
 .text.virtqueue_add_buffer
                0x1fff9ec8       0xa0 CMakeFiles/main.dir/home/pjtexier/Bureau/freertos-warp7/middleware/multicore/open-amp/virtio/virtqueue.c.obj
                0x1fff9ec8                virtqueue_add_buffer
 .text.virtqueue_get_buffer
                0x1fff9f68       0x86 CMakeFiles/main.dir/home/pjtexier/Bureau/freertos-warp7/middleware/multicore/open-amp/virtio/virtqueue.c.obj
                0x1fff9f68                virtqueue_get_buffer
 .text.virtqueue_free
                0x1fff9fee       0x12 CMakeFiles/main.dir/home/pjtexier/Bureau/freertos-warp7/middleware/multicore/open-amp/virtio/virtqueue.c.obj
                0x1fff9fee                virtqueue_free
 .text.virtqueue_get_available_buffer
                0x1fffa000       0x4a CMakeFiles/main.dir/home/pjtexier/Bureau/freertos-warp7/middleware/multicore/open-amp/virtio/virtqueue.c.obj
                0x1fffa000                virtqueue_get_available_buffer
 *fill*         0x1fffa04a        0x2 
 .text.virtqueue_add_consumed_buffer
                0x1fffa04c       0x34 CMakeFiles/main.dir/home/pjtexier/Bureau/freertos-warp7/middleware/multicore/open-amp/virtio/virtqueue.c.obj
                0x1fffa04c                virtqueue_add_consumed_buffer
 .text.virtqueue_disable_cb
                0x1fffa080       0x28 CMakeFiles/main.dir/home/pjtexier/Bureau/freertos-warp7/middleware/multicore/open-amp/virtio/virtqueue.c.obj
                0x1fffa080                virtqueue_disable_cb
 .text.virtqueue_create
                0x1fffa0a8       0xb8 CMakeFiles/main.dir/home/pjtexier/Bureau/freertos-warp7/middleware/multicore/open-amp/virtio/virtqueue.c.obj
                0x1fffa0a8                virtqueue_create
 .text.virtqueue_kick
                0x1fffa160       0x4e CMakeFiles/main.dir/home/pjtexier/Bureau/freertos-warp7/middleware/multicore/open-amp/virtio/virtqueue.c.obj
                0x1fffa160                virtqueue_kick
 .text.virtqueue_notification
                0x1fffa1ae        0x8 CMakeFiles/main.dir/home/pjtexier/Bureau/freertos-warp7/middleware/multicore/open-amp/virtio/virtqueue.c.obj
                0x1fffa1ae                virtqueue_notification
 *fill*         0x1fffa1b6        0x2 
 .text.env_init
                0x1fffa1b8       0x48 CMakeFiles/main.dir/home/pjtexier/Bureau/freertos-warp7/middleware/multicore/open-amp/porting/env/freertos/rpmsg_porting.c.obj
                0x1fffa1b8                env_init
 .text.env_deinit
                0x1fffa200       0x44 CMakeFiles/main.dir/home/pjtexier/Bureau/freertos-warp7/middleware/multicore/open-amp/porting/env/freertos/rpmsg_porting.c.obj
                0x1fffa200                env_deinit
 .text.env_allocate_memory
                0x1fffa244        0x4 CMakeFiles/main.dir/home/pjtexier/Bureau/freertos-warp7/middleware/multicore/open-amp/porting/env/freertos/rpmsg_porting.c.obj
                0x1fffa244                env_allocate_memory
 .text.env_free_memory
                0x1fffa248        0x4 CMakeFiles/main.dir/home/pjtexier/Bureau/freertos-warp7/middleware/multicore/open-amp/porting/env/freertos/rpmsg_porting.c.obj
                0x1fffa248                env_free_memory
 .text.env_memset
                0x1fffa24c        0x4 CMakeFiles/main.dir/home/pjtexier/Bureau/freertos-warp7/middleware/multicore/open-amp/porting/env/freertos/rpmsg_porting.c.obj
                0x1fffa24c                env_memset
 .text.env_memcpy
                0x1fffa250        0x4 CMakeFiles/main.dir/home/pjtexier/Bureau/freertos-warp7/middleware/multicore/open-amp/porting/env/freertos/rpmsg_porting.c.obj
                0x1fffa250                env_memcpy
 .text.env_strncpy
                0x1fffa254        0x4 CMakeFiles/main.dir/home/pjtexier/Bureau/freertos-warp7/middleware/multicore/open-amp/porting/env/freertos/rpmsg_porting.c.obj
                0x1fffa254                env_strncpy
 .text.env_strncmp
                0x1fffa258        0x4 CMakeFiles/main.dir/home/pjtexier/Bureau/freertos-warp7/middleware/multicore/open-amp/porting/env/freertos/rpmsg_porting.c.obj
                0x1fffa258                env_strncmp
 .text.env_mb   0x1fffa25c        0x2 CMakeFiles/main.dir/home/pjtexier/Bureau/freertos-warp7/middleware/multicore/open-amp/porting/env/freertos/rpmsg_porting.c.obj
                0x1fffa25c                env_mb
 .text.env_rmb  0x1fffa25e        0x2 CMakeFiles/main.dir/home/pjtexier/Bureau/freertos-warp7/middleware/multicore/open-amp/porting/env/freertos/rpmsg_porting.c.obj
                0x1fffa25e                env_rmb
 .text.env_wmb  0x1fffa260        0x2 CMakeFiles/main.dir/home/pjtexier/Bureau/freertos-warp7/middleware/multicore/open-amp/porting/env/freertos/rpmsg_porting.c.obj
                0x1fffa260                env_wmb
 .text.env_map_vatopa
                0x1fffa262        0x4 CMakeFiles/main.dir/home/pjtexier/Bureau/freertos-warp7/middleware/multicore/open-amp/porting/env/freertos/rpmsg_porting.c.obj
                0x1fffa262                env_map_vatopa
 .text.env_map_patova
                0x1fffa266        0x4 CMakeFiles/main.dir/home/pjtexier/Bureau/freertos-warp7/middleware/multicore/open-amp/porting/env/freertos/rpmsg_porting.c.obj
                0x1fffa266                env_map_patova
 .text.env_create_mutex
                0x1fffa26a       0x16 CMakeFiles/main.dir/home/pjtexier/Bureau/freertos-warp7/middleware/multicore/open-amp/porting/env/freertos/rpmsg_porting.c.obj
                0x1fffa26a                env_create_mutex
 .text.env_delete_mutex
                0x1fffa280        0x4 CMakeFiles/main.dir/home/pjtexier/Bureau/freertos-warp7/middleware/multicore/open-amp/porting/env/freertos/rpmsg_porting.c.obj
                0x1fffa280                env_delete_mutex
 .text.env_lock_mutex
                0x1fffa284       0x22 CMakeFiles/main.dir/home/pjtexier/Bureau/freertos-warp7/middleware/multicore/open-amp/porting/env/freertos/rpmsg_porting.c.obj
                0x1fffa284                env_lock_mutex
 .text.env_unlock_mutex
                0x1fffa2a6       0x22 CMakeFiles/main.dir/home/pjtexier/Bureau/freertos-warp7/middleware/multicore/open-amp/porting/env/freertos/rpmsg_porting.c.obj
                0x1fffa2a6                env_unlock_mutex
 .text.env_create_sync_lock
                0x1fffa2c8        0x4 CMakeFiles/main.dir/home/pjtexier/Bureau/freertos-warp7/middleware/multicore/open-amp/porting/env/freertos/rpmsg_porting.c.obj
                0x1fffa2c8                env_create_sync_lock
 .text.env_delete_sync_lock
                0x1fffa2cc        0x8 CMakeFiles/main.dir/home/pjtexier/Bureau/freertos-warp7/middleware/multicore/open-amp/porting/env/freertos/rpmsg_porting.c.obj
                0x1fffa2cc                env_delete_sync_lock
 .text.env_acquire_sync_lock
                0x1fffa2d4       0x3c CMakeFiles/main.dir/home/pjtexier/Bureau/freertos-warp7/middleware/multicore/open-amp/porting/env/freertos/rpmsg_porting.c.obj
                0x1fffa2d4                env_acquire_sync_lock
 .text.env_release_sync_lock
                0x1fffa310       0x3c CMakeFiles/main.dir/home/pjtexier/Bureau/freertos-warp7/middleware/multicore/open-amp/porting/env/freertos/rpmsg_porting.c.obj
                0x1fffa310                env_release_sync_lock
 .text.env_sleep_msec
                0x1fffa34c        0x4 CMakeFiles/main.dir/home/pjtexier/Bureau/freertos-warp7/middleware/multicore/open-amp/porting/env/freertos/rpmsg_porting.c.obj
                0x1fffa34c                env_sleep_msec
 .text.env_register_isr
                0x1fffa350       0x34 CMakeFiles/main.dir/home/pjtexier/Bureau/freertos-warp7/middleware/multicore/open-amp/porting/env/freertos/rpmsg_porting.c.obj
                0x1fffa350                env_register_isr
 .text.env_enable_interrupt
                0x1fffa384       0x40 CMakeFiles/main.dir/home/pjtexier/Bureau/freertos-warp7/middleware/multicore/open-amp/porting/env/freertos/rpmsg_porting.c.obj
                0x1fffa384                env_enable_interrupt
 .text.env_map_memory
                0x1fffa3c4       0x10 CMakeFiles/main.dir/home/pjtexier/Bureau/freertos-warp7/middleware/multicore/open-amp/porting/env/freertos/rpmsg_porting.c.obj
                0x1fffa3c4                env_map_memory
 .text.env_isr  0x1fffa3d4       0x5c CMakeFiles/main.dir/home/pjtexier/Bureau/freertos-warp7/middleware/multicore/open-amp/porting/env/freertos/rpmsg_porting.c.obj
                0x1fffa3d4                env_isr
 .text.env_create_queue
                0x1fffa430       0x1a CMakeFiles/main.dir/home/pjtexier/Bureau/freertos-warp7/middleware/multicore/open-amp/porting/env/freertos/rpmsg_porting.c.obj
                0x1fffa430                env_create_queue
 *fill*         0x1fffa44a        0x2 
 .text.env_put_queue
                0x1fffa44c       0x4c CMakeFiles/main.dir/home/pjtexier/Bureau/freertos-warp7/middleware/multicore/open-amp/porting/env/freertos/rpmsg_porting.c.obj
                0x1fffa44c                env_put_queue
 .text.env_get_queue
                0x1fffa498       0x48 CMakeFiles/main.dir/home/pjtexier/Bureau/freertos-warp7/middleware/multicore/open-amp/porting/env/freertos/rpmsg_porting.c.obj
                0x1fffa498                env_get_queue
 .text.vListInitialise
                0x1fffa4e0       0x16 CMakeFiles/main.dir/home/pjtexier/Bureau/freertos-warp7/rtos/FreeRTOS/Source/list.c.obj
                0x1fffa4e0                vListInitialise
 .text.vListInitialiseItem
                0x1fffa4f6        0x6 CMakeFiles/main.dir/home/pjtexier/Bureau/freertos-warp7/rtos/FreeRTOS/Source/list.c.obj
                0x1fffa4f6                vListInitialiseItem
 .text.vListInsertEnd
                0x1fffa4fc       0x18 CMakeFiles/main.dir/home/pjtexier/Bureau/freertos-warp7/rtos/FreeRTOS/Source/list.c.obj
                0x1fffa4fc                vListInsertEnd
 .text.vListInsert
                0x1fffa514       0x30 CMakeFiles/main.dir/home/pjtexier/Bureau/freertos-warp7/rtos/FreeRTOS/Source/list.c.obj
                0x1fffa514                vListInsert
 .text.uxListRemove
                0x1fffa544       0x24 CMakeFiles/main.dir/home/pjtexier/Bureau/freertos-warp7/rtos/FreeRTOS/Source/list.c.obj
                0x1fffa544                uxListRemove
 .text.prvCopyDataToQueue
                0x1fffa568       0x58 CMakeFiles/main.dir/home/pjtexier/Bureau/freertos-warp7/rtos/FreeRTOS/Source/queue.c.obj
 .text.prvCopyDataFromQueue
                0x1fffa5c0       0x26 CMakeFiles/main.dir/home/pjtexier/Bureau/freertos-warp7/rtos/FreeRTOS/Source/queue.c.obj
 .text.prvUnlockQueue
                0x1fffa5e6       0x68 CMakeFiles/main.dir/home/pjtexier/Bureau/freertos-warp7/rtos/FreeRTOS/Source/queue.c.obj
 .text.xQueueGenericReset
                0x1fffa64e       0x62 CMakeFiles/main.dir/home/pjtexier/Bureau/freertos-warp7/rtos/FreeRTOS/Source/queue.c.obj
                0x1fffa64e                xQueueGenericReset
 .text.xQueueGenericCreate
                0x1fffa6b0       0x3c CMakeFiles/main.dir/home/pjtexier/Bureau/freertos-warp7/rtos/FreeRTOS/Source/queue.c.obj
                0x1fffa6b0                xQueueGenericCreate
 .text.xQueueCreateCountingSemaphore
                0x1fffa6ec       0x2a CMakeFiles/main.dir/home/pjtexier/Bureau/freertos-warp7/rtos/FreeRTOS/Source/queue.c.obj
                0x1fffa6ec                xQueueCreateCountingSemaphore
 .text.xQueueGenericSend
                0x1fffa716      0x100 CMakeFiles/main.dir/home/pjtexier/Bureau/freertos-warp7/rtos/FreeRTOS/Source/queue.c.obj
                0x1fffa716                xQueueGenericSend
 .text.xQueueGenericSendFromISR
                0x1fffa816       0x8a CMakeFiles/main.dir/home/pjtexier/Bureau/freertos-warp7/rtos/FreeRTOS/Source/queue.c.obj
                0x1fffa816                xQueueGenericSendFromISR
 .text.xQueueGenericReceive
                0x1fffa8a0      0x106 CMakeFiles/main.dir/home/pjtexier/Bureau/freertos-warp7/rtos/FreeRTOS/Source/queue.c.obj
                0x1fffa8a0                xQueueGenericReceive
 .text.xQueueReceiveFromISR
                0x1fffa9a6       0x6a CMakeFiles/main.dir/home/pjtexier/Bureau/freertos-warp7/rtos/FreeRTOS/Source/queue.c.obj
                0x1fffa9a6                xQueueReceiveFromISR
 .text.vQueueUnregisterQueue
                0x1fffaa10       0x24 CMakeFiles/main.dir/home/pjtexier/Bureau/freertos-warp7/rtos/FreeRTOS/Source/queue.c.obj
                0x1fffaa10                vQueueUnregisterQueue
 .text.vQueueDelete
                0x1fffaa34       0x22 CMakeFiles/main.dir/home/pjtexier/Bureau/freertos-warp7/rtos/FreeRTOS/Source/queue.c.obj
                0x1fffaa34                vQueueDelete
 .text.prvIdleTask
                0x1fffaa56        0x2 CMakeFiles/main.dir/home/pjtexier/Bureau/freertos-warp7/rtos/FreeRTOS/Source/tasks.c.obj
 .text.prvResetNextTaskUnblockTime
                0x1fffaa58       0x24 CMakeFiles/main.dir/home/pjtexier/Bureau/freertos-warp7/rtos/FreeRTOS/Source/tasks.c.obj
 .text.prvAddCurrentTaskToDelayedList
                0x1fffaa7c       0x50 CMakeFiles/main.dir/home/pjtexier/Bureau/freertos-warp7/rtos/FreeRTOS/Source/tasks.c.obj
 .text.xTaskGenericCreate
                0x1fffaacc      0x190 CMakeFiles/main.dir/home/pjtexier/Bureau/freertos-warp7/rtos/FreeRTOS/Source/tasks.c.obj
                0x1fffaacc                xTaskGenericCreate
 .text.vTaskStartScheduler
                0x1fffac5c       0x54 CMakeFiles/main.dir/home/pjtexier/Bureau/freertos-warp7/rtos/FreeRTOS/Source/tasks.c.obj
                0x1fffac5c                vTaskStartScheduler
 .text.vTaskSuspendAll
                0x1fffacb0       0x10 CMakeFiles/main.dir/home/pjtexier/Bureau/freertos-warp7/rtos/FreeRTOS/Source/tasks.c.obj
                0x1fffacb0                vTaskSuspendAll
 .text.xTaskIncrementTick
                0x1fffacc0      0x11c CMakeFiles/main.dir/home/pjtexier/Bureau/freertos-warp7/rtos/FreeRTOS/Source/tasks.c.obj
                0x1fffacc0                xTaskIncrementTick
 .text.xTaskResumeAll
                0x1fffaddc       0xcc CMakeFiles/main.dir/home/pjtexier/Bureau/freertos-warp7/rtos/FreeRTOS/Source/tasks.c.obj
                0x1fffaddc                xTaskResumeAll
 .text.vTaskDelay
                0x1fffaea8       0x48 CMakeFiles/main.dir/home/pjtexier/Bureau/freertos-warp7/rtos/FreeRTOS/Source/tasks.c.obj
                0x1fffaea8                vTaskDelay
 .text.vTaskSwitchContext
                0x1fffaef0       0x74 CMakeFiles/main.dir/home/pjtexier/Bureau/freertos-warp7/rtos/FreeRTOS/Source/tasks.c.obj
                0x1fffaef0                vTaskSwitchContext
 .text.vTaskPlaceOnEventList
                0x1fffaf64       0x4c CMakeFiles/main.dir/home/pjtexier/Bureau/freertos-warp7/rtos/FreeRTOS/Source/tasks.c.obj
                0x1fffaf64                vTaskPlaceOnEventList
 .text.xTaskRemoveFromEventList
                0x1fffafb0       0x74 CMakeFiles/main.dir/home/pjtexier/Bureau/freertos-warp7/rtos/FreeRTOS/Source/tasks.c.obj
                0x1fffafb0                xTaskRemoveFromEventList
 .text.vTaskSetTimeOutState
                0x1fffb024       0x20 CMakeFiles/main.dir/home/pjtexier/Bureau/freertos-warp7/rtos/FreeRTOS/Source/tasks.c.obj
                0x1fffb024                vTaskSetTimeOutState
 .text.xTaskCheckForTimeOut
                0x1fffb044       0x5c CMakeFiles/main.dir/home/pjtexier/Bureau/freertos-warp7/rtos/FreeRTOS/Source/tasks.c.obj
                0x1fffb044                xTaskCheckForTimeOut
 .text.vTaskMissedYield
                0x1fffb0a0        0xc CMakeFiles/main.dir/home/pjtexier/Bureau/freertos-warp7/rtos/FreeRTOS/Source/tasks.c.obj
                0x1fffb0a0                vTaskMissedYield
 .text.CCM_ANALOG_GetSysPllFreq
                0x1fffb0ac       0x30 CMakeFiles/main.dir/home/pjtexier/Bureau/freertos-warp7/platform/drivers/src/ccm_analog_imx7d.c.obj
                0x1fffb0ac                CCM_ANALOG_GetSysPllFreq
 .text.CCM_GetRootDivider
                0x1fffb0dc       0x30 CMakeFiles/main.dir/home/pjtexier/Bureau/freertos-warp7/platform/drivers/src/ccm_imx7d.c.obj
                0x1fffb0dc                CCM_GetRootDivider
 .text.CCM_UpdateRoot
                0x1fffb10c       0x50 CMakeFiles/main.dir/home/pjtexier/Bureau/freertos-warp7/platform/drivers/src/ccm_imx7d.c.obj
                0x1fffb10c                CCM_UpdateRoot
 .text.debug_putc
                0x1fffb15c       0x28 CMakeFiles/main.dir/home/pjtexier/Bureau/freertos-warp7/platform/utilities/src/debug_console_imx.c.obj
 .text.UART_ReceiveDataPolling
                0x1fffb184       0x24 CMakeFiles/main.dir/home/pjtexier/Bureau/freertos-warp7/platform/utilities/src/debug_console_imx.c.obj
 .text.UART_SendDataPolling
                0x1fffb1a8       0x38 CMakeFiles/main.dir/home/pjtexier/Bureau/freertos-warp7/platform/utilities/src/debug_console_imx.c.obj
 .text.DbgConsole_Init
                0x1fffb1e0       0x54 CMakeFiles/main.dir/home/pjtexier/Bureau/freertos-warp7/platform/utilities/src/debug_console_imx.c.obj
                0x1fffb1e0                DbgConsole_Init
 .text._write   0x1fffb234       0x28 CMakeFiles/main.dir/home/pjtexier/Bureau/freertos-warp7/platform/utilities/src/debug_console_imx.c.obj
                0x1fffb234                _write
 .text._read    0x1fffb25c       0x20 CMakeFiles/main.dir/home/pjtexier/Bureau/freertos-warp7/platform/utilities/src/debug_console_imx.c.obj
                0x1fffb25c                _read
 .text.debug_printf
                0x1fffb27c       0x38 CMakeFiles/main.dir/home/pjtexier/Bureau/freertos-warp7/platform/utilities/src/debug_console_imx.c.obj
                0x1fffb27c                debug_printf
 .text.mknumstr
                0x1fffb2b4       0x6a CMakeFiles/main.dir/home/pjtexier/Bureau/freertos-warp7/platform/utilities/src/print_scan.c.obj
 .text.fput_pad.isra.0
                0x1fffb31e       0x28 CMakeFiles/main.dir/home/pjtexier/Bureau/freertos-warp7/platform/utilities/src/print_scan.c.obj
 *fill*         0x1fffb346        0x2 
 .text._doprint
                0x1fffb348      0x3c4 CMakeFiles/main.dir/home/pjtexier/Bureau/freertos-warp7/platform/utilities/src/print_scan.c.obj
                0x1fffb348                _doprint
 .text.SystemInit
                0x1fffb70c       0xdc CMakeFiles/main.dir/home/pjtexier/Bureau/freertos-warp7/platform/devices/MCIMX7D/startup/system_MCIMX7D_M4.c.obj
                0x1fffb70c                SystemInit
 .text.configure_i2c_pins
                0x1fffb7e8       0xb8 CMakeFiles/main.dir/home/pjtexier/Bureau/freertos-warp7/examples/imx7s_warp_m4/pin_mux.c.obj
                0x1fffb7e8                configure_i2c_pins
 .text.configure_uart_pins
                0x1fffb8a0       0x2c CMakeFiles/main.dir/home/pjtexier/Bureau/freertos-warp7/examples/imx7s_warp_m4/pin_mux.c.obj
                0x1fffb8a0                configure_uart_pins
 .text.BOARD_ClockInit
                0x1fffb8cc       0x78 CMakeFiles/main.dir/home/pjtexier/Bureau/freertos-warp7/examples/imx7s_warp_m4/board.c.obj
                0x1fffb8cc                BOARD_ClockInit
 .text.dbg_uart_init
                0x1fffb944       0x60 CMakeFiles/main.dir/home/pjtexier/Bureau/freertos-warp7/examples/imx7s_warp_m4/board.c.obj
                0x1fffb944                dbg_uart_init
 .text.BOARD_RdcInit
                0x1fffb9a4       0x10 CMakeFiles/main.dir/home/pjtexier/Bureau/freertos-warp7/examples/imx7s_warp_m4/board.c.obj
                0x1fffb9a4                BOARD_RdcInit
 .text.configure_gpio_pin
                0x1fffb9b4       0x2c CMakeFiles/main.dir/home/pjtexier/Bureau/freertos-warp7/examples/imx7s_warp_m4/gpio_pins.c.obj
                0x1fffb9b4                configure_gpio_pin
 .text.get_i2c_clock_freq
                0x1fffb9e0       0x8c CMakeFiles/main.dir/home/pjtexier/Bureau/freertos-warp7/examples/imx7s_warp_m4/clock_freq.c.obj
                0x1fffb9e0                get_i2c_clock_freq
 .text.get_uart_clock_freq
                0x1fffba6c       0x64 CMakeFiles/main.dir/home/pjtexier/Bureau/freertos-warp7/examples/imx7s_warp_m4/clock_freq.c.obj
                0x1fffba6c                get_uart_clock_freq
 .text.hardware_init
                0x1fffbad0       0x84 CMakeFiles/main.dir/home/pjtexier/Bureau/freertos-warp7/examples/imx7s_warp_m4/demo_apps/rpmsg/air-quality-click/hardware_init.c.obj
                0x1fffbad0                hardware_init
 .text.UART_Deinit
                0x1fffbb54       0x5e CMakeFiles/main.dir/home/pjtexier/Bureau/freertos-warp7/platform/drivers/src/uart_imx.c.obj
                0x1fffbb54                UART_Deinit
 *fill*         0x1fffbbb2        0x2 
 .text.UART_SetBaudRate
                0x1fffbbb4       0xcc CMakeFiles/main.dir/home/pjtexier/Bureau/freertos-warp7/platform/drivers/src/uart_imx.c.obj
                0x1fffbbb4                UART_SetBaudRate
 .text.UART_Init
                0x1fffbc80       0x60 CMakeFiles/main.dir/home/pjtexier/Bureau/freertos-warp7/platform/drivers/src/uart_imx.c.obj
                0x1fffbc80                UART_Init
 .text.UART_GetStatusFlag
                0x1fffbce0        0xe CMakeFiles/main.dir/home/pjtexier/Bureau/freertos-warp7/platform/drivers/src/uart_imx.c.obj
                0x1fffbce0                UART_GetStatusFlag
 .text.GPIO_Init
                0x1fffbcee       0x80 CMakeFiles/main.dir/home/pjtexier/Bureau/freertos-warp7/platform/drivers/src/gpio_imx.c.obj
                0x1fffbcee                GPIO_Init
 *fill*         0x1fffbd6e        0x2 
 .text.GPIO_WritePinOutput
                0x1fffbd70       0x38 CMakeFiles/main.dir/home/pjtexier/Bureau/freertos-warp7/platform/drivers/src/gpio_imx.c.obj
                0x1fffbd70                GPIO_WritePinOutput
 .text.I2C_Deinit
                0x1fffbda8       0x16 CMakeFiles/main.dir/home/pjtexier/Bureau/freertos-warp7/platform/drivers/src/i2c_imx.c.obj
                0x1fffbda8                I2C_Deinit
 *fill*         0x1fffbdbe        0x2 
 .text.I2C_SetBaudRate
                0x1fffbdc0       0x58 CMakeFiles/main.dir/home/pjtexier/Bureau/freertos-warp7/platform/drivers/src/i2c_imx.c.obj
                0x1fffbdc0                I2C_SetBaudRate
 .text.I2C_Init
                0x1fffbe18       0x60 CMakeFiles/main.dir/home/pjtexier/Bureau/freertos-warp7/platform/drivers/src/i2c_imx.c.obj
                0x1fffbe18                I2C_Init
 .text.I2C_SetAckBit
                0x1fffbe78       0x18 CMakeFiles/main.dir/home/pjtexier/Bureau/freertos-warp7/platform/drivers/src/i2c_imx.c.obj
                0x1fffbe78                I2C_SetAckBit
 .text.MU_SendMsg
                0x1fffbe90       0x30 CMakeFiles/main.dir/home/pjtexier/Bureau/freertos-warp7/platform/drivers/src/mu_imx.c.obj
                0x1fffbe90                MU_SendMsg
 .text.MU_TryReceiveMsg
                0x1fffbec0       0x3c CMakeFiles/main.dir/home/pjtexier/Bureau/freertos-warp7/platform/drivers/src/mu_imx.c.obj
                0x1fffbec0                MU_TryReceiveMsg
 .text.__assert_func
                0x1fffbefc       0x3c /home/pjtexier/Documents/gcc-arm-none-eabi-5_4-2016q2/bin/../lib/gcc/arm-none-eabi/5.4.1/../../../../arm-none-eabi/lib/armv7e-m/fpu/libc_nano.a(lib_a-assert.o)
                0x1fffbefc                __assert_func
 .text.exit     0x1fffbf38       0x28 /home/pjtexier/Documents/gcc-arm-none-eabi-5_4-2016q2/bin/../lib/gcc/arm-none-eabi/5.4.1/../../../../arm-none-eabi/lib/armv7e-m/fpu/libc_nano.a(lib_a-exit.o)
                0x1fffbf38                exit
 .text.fprintf  0x1fffbf60       0x24 /home/pjtexier/Documents/gcc-arm-none-eabi-5_4-2016q2/bin/../lib/gcc/arm-none-eabi/5.4.1/../../../../arm-none-eabi/lib/armv7e-m/fpu/libc_nano.a(lib_a-fprintf.o)
                0x1fffbf60                fprintf
                0x1fffbf60                fiprintf
 .text.__libc_init_array
                0x1fffbf84       0x4c /home/pjtexier/Documents/gcc-arm-none-eabi-5_4-2016q2/bin/../lib/gcc/arm-none-eabi/5.4.1/../../../../arm-none-eabi/lib/armv7e-m/fpu/libc_nano.a(lib_a-init.o)
                0x1fffbf84                __libc_init_array
 .text.memcpy   0x1fffbfd0       0x16 /home/pjtexier/Documents/gcc-arm-none-eabi-5_4-2016q2/bin/../lib/gcc/arm-none-eabi/5.4.1/../../../../arm-none-eabi/lib/armv7e-m/fpu/libc_nano.a(lib_a-memcpy-stub.o)
                0x1fffbfd0                memcpy
 .text.memset   0x1fffbfe6       0x10 /home/pjtexier/Documents/gcc-arm-none-eabi-5_4-2016q2/bin/../lib/gcc/arm-none-eabi/5.4.1/../../../../arm-none-eabi/lib/armv7e-m/fpu/libc_nano.a(lib_a-memset.o)
                0x1fffbfe6                memset
 .text.__sfputc_r
                0x1fffbff6       0x30 /home/pjtexier/Documents/gcc-arm-none-eabi-5_4-2016q2/bin/../lib/gcc/arm-none-eabi/5.4.1/../../../../arm-none-eabi/lib/armv7e-m/fpu/libc_nano.a(lib_a-nano-vfprintf.o)
 .text.__sfputs_r
                0x1fffc026       0x24 /home/pjtexier/Documents/gcc-arm-none-eabi-5_4-2016q2/bin/../lib/gcc/arm-none-eabi/5.4.1/../../../../arm-none-eabi/lib/armv7e-m/fpu/libc_nano.a(lib_a-nano-vfprintf.o)
                0x1fffc026                __sfputs_r
 *fill*         0x1fffc04a        0x2 
 .text._vfprintf_r
                0x1fffc04c      0x238 /home/pjtexier/Documents/gcc-arm-none-eabi-5_4-2016q2/bin/../lib/gcc/arm-none-eabi/5.4.1/../../../../arm-none-eabi/lib/armv7e-m/fpu/libc_nano.a(lib_a-nano-vfprintf.o)
                0x1fffc04c                _vfiprintf_r
                0x1fffc04c                _vfprintf_r
 .text._printf_common
                0x1fffc284       0xec /home/pjtexier/Documents/gcc-arm-none-eabi-5_4-2016q2/bin/../lib/gcc/arm-none-eabi/5.4.1/../../../../arm-none-eabi/lib/armv7e-m/fpu/libc_nano.a(lib_a-nano-vfprintf_i.o)
                0x1fffc284                _printf_common
 .text._printf_i
                0x1fffc370      0x24c /home/pjtexier/Documents/gcc-arm-none-eabi-5_4-2016q2/bin/../lib/gcc/arm-none-eabi/5.4.1/../../../../arm-none-eabi/lib/armv7e-m/fpu/libc_nano.a(lib_a-nano-vfprintf_i.o)
                0x1fffc370                _printf_i
 .text.snprintf
                0x1fffc5bc       0x64 /home/pjtexier/Documents/gcc-arm-none-eabi-5_4-2016q2/bin/../lib/gcc/arm-none-eabi/5.4.1/../../../../arm-none-eabi/lib/armv7e-m/fpu/libc_nano.a(lib_a-snprintf.o)
                0x1fffc5bc                snprintf
                0x1fffc5bc                sniprintf
 .text.sscanf   0x1fffc620       0x54 /home/pjtexier/Documents/gcc-arm-none-eabi-5_4-2016q2/bin/../lib/gcc/arm-none-eabi/5.4.1/../../../../arm-none-eabi/lib/armv7e-m/fpu/libc_nano.a(lib_a-sscanf.o)
                0x1fffc620                sscanf
                0x1fffc620                siscanf
 .text.__sread  0x1fffc674       0x22 /home/pjtexier/Documents/gcc-arm-none-eabi-5_4-2016q2/bin/../lib/gcc/arm-none-eabi/5.4.1/../../../../arm-none-eabi/lib/armv7e-m/fpu/libc_nano.a(lib_a-stdio.o)
                0x1fffc674                __sread
 .text.__seofread
                0x1fffc696        0x4 /home/pjtexier/Documents/gcc-arm-none-eabi-5_4-2016q2/bin/../lib/gcc/arm-none-eabi/5.4.1/../../../../arm-none-eabi/lib/armv7e-m/fpu/libc_nano.a(lib_a-stdio.o)
                0x1fffc696                __seofread
 .text.__swrite
                0x1fffc69a       0x38 /home/pjtexier/Documents/gcc-arm-none-eabi-5_4-2016q2/bin/../lib/gcc/arm-none-eabi/5.4.1/../../../../arm-none-eabi/lib/armv7e-m/fpu/libc_nano.a(lib_a-stdio.o)
                0x1fffc69a                __swrite
 .text.__sseek  0x1fffc6d2       0x24 /home/pjtexier/Documents/gcc-arm-none-eabi-5_4-2016q2/bin/../lib/gcc/arm-none-eabi/5.4.1/../../../../arm-none-eabi/lib/armv7e-m/fpu/libc_nano.a(lib_a-stdio.o)
                0x1fffc6d2                __sseek
 .text.__sclose
                0x1fffc6f6        0x8 /home/pjtexier/Documents/gcc-arm-none-eabi-5_4-2016q2/bin/../lib/gcc/arm-none-eabi/5.4.1/../../../../arm-none-eabi/lib/armv7e-m/fpu/libc_nano.a(lib_a-stdio.o)
                0x1fffc6f6                __sclose
 .text.strncmp  0x1fffc6fe       0x2a /home/pjtexier/Documents/gcc-arm-none-eabi-5_4-2016q2/bin/../lib/gcc/arm-none-eabi/5.4.1/../../../../arm-none-eabi/lib/armv7e-m/fpu/libc_nano.a(lib_a-strncmp.o)
                0x1fffc6fe                strncmp
 .text.strncpy  0x1fffc728       0x26 /home/pjtexier/Documents/gcc-arm-none-eabi-5_4-2016q2/bin/../lib/gcc/arm-none-eabi/5.4.1/../../../../arm-none-eabi/lib/armv7e-m/fpu/libc_nano.a(lib_a-strncpy.o)
                0x1fffc728                strncpy
 *fill*         0x1fffc74e        0x2 
 .text.__swbuf_r
                0x1fffc750       0xa8 /home/pjtexier/Documents/gcc-arm-none-eabi-5_4-2016q2/bin/../lib/gcc/arm-none-eabi/5.4.1/../../../../arm-none-eabi/lib/armv7e-m/fpu/libc_nano.a(lib_a-wbuf.o)
                0x1fffc750                __swbuf_r
 .text._write_r
                0x1fffc7f8       0x24 /home/pjtexier/Documents/gcc-arm-none-eabi-5_4-2016q2/bin/../lib/gcc/arm-none-eabi/5.4.1/../../../../arm-none-eabi/lib/armv7e-m/fpu/libc_nano.a(lib_a-writer.o)
                0x1fffc7f8                _write_r
 .text.__swsetup_r
                0x1fffc81c       0xdc /home/pjtexier/Documents/gcc-arm-none-eabi-5_4-2016q2/bin/../lib/gcc/arm-none-eabi/5.4.1/../../../../arm-none-eabi/lib/armv7e-m/fpu/libc_nano.a(lib_a-wsetup.o)
                0x1fffc81c                __swsetup_r
 .text.abort    0x1fffc8f8        0xe /home/pjtexier/Documents/gcc-arm-none-eabi-5_4-2016q2/bin/../lib/gcc/arm-none-eabi/5.4.1/../../../../arm-none-eabi/lib/armv7e-m/fpu/libc_nano.a(lib_a-abort.o)
                0x1fffc8f8                abort
 *fill*         0x1fffc906        0x2 
 .text._close_r
                0x1fffc908       0x20 /home/pjtexier/Documents/gcc-arm-none-eabi-5_4-2016q2/bin/../lib/gcc/arm-none-eabi/5.4.1/../../../../arm-none-eabi/lib/armv7e-m/fpu/libc_nano.a(lib_a-closer.o)
                0x1fffc908                _close_r
 .text.__sflush_r
                0x1fffc928      0x110 /home/pjtexier/Documents/gcc-arm-none-eabi-5_4-2016q2/bin/../lib/gcc/arm-none-eabi/5.4.1/../../../../arm-none-eabi/lib/armv7e-m/fpu/libc_nano.a(lib_a-fflush.o)
                0x1fffc928                __sflush_r
 .text._fflush_r
                0x1fffca38       0x54 /home/pjtexier/Documents/gcc-arm-none-eabi-5_4-2016q2/bin/../lib/gcc/arm-none-eabi/5.4.1/../../../../arm-none-eabi/lib/armv7e-m/fpu/libc_nano.a(lib_a-fflush.o)
                0x1fffca38                _fflush_r
 .text._cleanup_r
                0x1fffca8c        0xc /home/pjtexier/Documents/gcc-arm-none-eabi-5_4-2016q2/bin/../lib/gcc/arm-none-eabi/5.4.1/../../../../arm-none-eabi/lib/armv7e-m/fpu/libc_nano.a(lib_a-findfp.o)
                0x1fffca8c                _cleanup_r
 .text.std.isra.0
                0x1fffca98       0x48 /home/pjtexier/Documents/gcc-arm-none-eabi-5_4-2016q2/bin/../lib/gcc/arm-none-eabi/5.4.1/../../../../arm-none-eabi/lib/armv7e-m/fpu/libc_nano.a(lib_a-findfp.o)
 .text.__sfmoreglue
                0x1fffcae0       0x2c /home/pjtexier/Documents/gcc-arm-none-eabi-5_4-2016q2/bin/../lib/gcc/arm-none-eabi/5.4.1/../../../../arm-none-eabi/lib/armv7e-m/fpu/libc_nano.a(lib_a-findfp.o)
                0x1fffcae0                __sfmoreglue
 .text.__sinit  0x1fffcb0c       0x60 /home/pjtexier/Documents/gcc-arm-none-eabi-5_4-2016q2/bin/../lib/gcc/arm-none-eabi/5.4.1/../../../../arm-none-eabi/lib/armv7e-m/fpu/libc_nano.a(lib_a-findfp.o)
                0x1fffcb0c                __sinit
 .text.__sfp    0x1fffcb6c       0x78 /home/pjtexier/Documents/gcc-arm-none-eabi-5_4-2016q2/bin/../lib/gcc/arm-none-eabi/5.4.1/../../../../arm-none-eabi/lib/armv7e-m/fpu/libc_nano.a(lib_a-findfp.o)
                0x1fffcb6c                __sfp
 .text._fwalk_reent
                0x1fffcbe4       0x3c /home/pjtexier/Documents/gcc-arm-none-eabi-5_4-2016q2/bin/../lib/gcc/arm-none-eabi/5.4.1/../../../../arm-none-eabi/lib/armv7e-m/fpu/libc_nano.a(lib_a-fwalk.o)
                0x1fffcbe4                _fwalk_reent
 .text._lseek_r
                0x1fffcc20       0x24 /home/pjtexier/Documents/gcc-arm-none-eabi-5_4-2016q2/bin/../lib/gcc/arm-none-eabi/5.4.1/../../../../arm-none-eabi/lib/armv7e-m/fpu/libc_nano.a(lib_a-lseekr.o)
                0x1fffcc20                _lseek_r
 .text.__swhatbuf_r
                0x1fffcc44       0x46 /home/pjtexier/Documents/gcc-arm-none-eabi-5_4-2016q2/bin/../lib/gcc/arm-none-eabi/5.4.1/../../../../arm-none-eabi/lib/armv7e-m/fpu/libc_nano.a(lib_a-makebuf.o)
                0x1fffcc44                __swhatbuf_r
 *fill*         0x1fffcc8a        0x2 
 .text.__smakebuf_r
                0x1fffcc8c       0x78 /home/pjtexier/Documents/gcc-arm-none-eabi-5_4-2016q2/bin/../lib/gcc/arm-none-eabi/5.4.1/../../../../arm-none-eabi/lib/armv7e-m/fpu/libc_nano.a(lib_a-makebuf.o)
                0x1fffcc8c                __smakebuf_r
 .text.memmove  0x1fffcd04       0x36 /home/pjtexier/Documents/gcc-arm-none-eabi-5_4-2016q2/bin/../lib/gcc/arm-none-eabi/5.4.1/../../../../arm-none-eabi/lib/armv7e-m/fpu/libc_nano.a(lib_a-memmove.o)
                0x1fffcd04                memmove
 *fill*         0x1fffcd3a        0x2 
 .text._free_r  0x1fffcd3c       0x9c /home/pjtexier/Documents/gcc-arm-none-eabi-5_4-2016q2/bin/../lib/gcc/arm-none-eabi/5.4.1/../../../../arm-none-eabi/lib/armv7e-m/fpu/libc_nano.a(lib_a-nano-freer.o)
                0x1fffcd3c                _free_r
 .text._malloc_r
                0x1fffcdd8       0xbc /home/pjtexier/Documents/gcc-arm-none-eabi-5_4-2016q2/bin/../lib/gcc/arm-none-eabi/5.4.1/../../../../arm-none-eabi/lib/armv7e-m/fpu/libc_nano.a(lib_a-nano-mallocr.o)
                0x1fffcdd8                _malloc_r
 .text._realloc_r
                0x1fffce94       0x4c /home/pjtexier/Documents/gcc-arm-none-eabi-5_4-2016q2/bin/../lib/gcc/arm-none-eabi/5.4.1/../../../../arm-none-eabi/lib/armv7e-m/fpu/libc_nano.a(lib_a-nano-reallocr.o)
                0x1fffce94                _realloc_r
 .text.__ssputs_r
                0x1fffcee0       0xb2 /home/pjtexier/Documents/gcc-arm-none-eabi-5_4-2016q2/bin/../lib/gcc/arm-none-eabi/5.4.1/../../../../arm-none-eabi/lib/armv7e-m/fpu/libc_nano.a(lib_a-nano-svfprintf.o)
                0x1fffcee0                __ssputs_r
 *fill*         0x1fffcf92        0x2 
 .text._svfprintf_r
                0x1fffcf94      0x1e8 /home/pjtexier/Documents/gcc-arm-none-eabi-5_4-2016q2/bin/../lib/gcc/arm-none-eabi/5.4.1/../../../../arm-none-eabi/lib/armv7e-m/fpu/libc_nano.a(lib_a-nano-svfprintf.o)
                0x1fffcf94                _svfprintf_r
                0x1fffcf94                _svfiprintf_r
 .text._sungetc_r
                0x1fffd17c       0x7c /home/pjtexier/Documents/gcc-arm-none-eabi-5_4-2016q2/bin/../lib/gcc/arm-none-eabi/5.4.1/../../../../arm-none-eabi/lib/armv7e-m/fpu/libc_nano.a(lib_a-nano-svfscanf.o)
                0x1fffd17c                _sungetc_r
 .text.__ssrefill_r
                0x1fffd1f8       0x3a /home/pjtexier/Documents/gcc-arm-none-eabi-5_4-2016q2/bin/../lib/gcc/arm-none-eabi/5.4.1/../../../../arm-none-eabi/lib/armv7e-m/fpu/libc_nano.a(lib_a-nano-svfscanf.o)
                0x1fffd1f8                __ssrefill_r
 *fill*         0x1fffd232        0x2 
 .text.__ssvfscanf_r
                0x1fffd234      0x2a8 /home/pjtexier/Documents/gcc-arm-none-eabi-5_4-2016q2/bin/../lib/gcc/arm-none-eabi/5.4.1/../../../../arm-none-eabi/lib/armv7e-m/fpu/libc_nano.a(lib_a-nano-svfscanf.o)
                0x1fffd234                __ssvfscanf_r
                0x1fffd234                __ssvfiscanf_r
 .text._scanf_chars
                0x1fffd4dc       0xc8 /home/pjtexier/Documents/gcc-arm-none-eabi-5_4-2016q2/bin/../lib/gcc/arm-none-eabi/5.4.1/../../../../arm-none-eabi/lib/armv7e-m/fpu/libc_nano.a(lib_a-nano-vfscanf_i.o)
                0x1fffd4dc                _scanf_chars
 .text._scanf_i
                0x1fffd5a4      0x1e4 /home/pjtexier/Documents/gcc-arm-none-eabi-5_4-2016q2/bin/../lib/gcc/arm-none-eabi/5.4.1/../../../../arm-none-eabi/lib/armv7e-m/fpu/libc_nano.a(lib_a-nano-vfscanf_i.o)
                0x1fffd5a4                _scanf_i
 .text._read_r  0x1fffd788       0x24 /home/pjtexier/Documents/gcc-arm-none-eabi-5_4-2016q2/bin/../lib/gcc/arm-none-eabi/5.4.1/../../../../arm-none-eabi/lib/armv7e-m/fpu/libc_nano.a(lib_a-readr.o)
                0x1fffd788                _read_r
 .text._sbrk_r  0x1fffd7ac       0x20 /home/pjtexier/Documents/gcc-arm-none-eabi-5_4-2016q2/bin/../lib/gcc/arm-none-eabi/5.4.1/../../../../arm-none-eabi/lib/armv7e-m/fpu/libc_nano.a(lib_a-sbrkr.o)
                0x1fffd7ac                _sbrk_r
 .text.__sccl   0x1fffd7cc       0x62 /home/pjtexier/Documents/gcc-arm-none-eabi-5_4-2016q2/bin/../lib/gcc/arm-none-eabi/5.4.1/../../../../arm-none-eabi/lib/armv7e-m/fpu/libc_nano.a(lib_a-sccl.o)
                0x1fffd7cc                __sccl
 .text._raise_r
                0x1fffd82e       0x54 /home/pjtexier/Documents/gcc-arm-none-eabi-5_4-2016q2/bin/../lib/gcc/arm-none-eabi/5.4.1/../../../../arm-none-eabi/lib/armv7e-m/fpu/libc_nano.a(lib_a-signal.o)
                0x1fffd82e                _raise_r
 *fill*         0x1fffd882        0x2 
 .text.raise    0x1fffd884       0x10 /home/pjtexier/Documents/gcc-arm-none-eabi-5_4-2016q2/bin/../lib/gcc/arm-none-eabi/5.4.1/../../../../arm-none-eabi/lib/armv7e-m/fpu/libc_nano.a(lib_a-signal.o)
                0x1fffd884                raise
 .text._kill_r  0x1fffd894       0x24 /home/pjtexier/Documents/gcc-arm-none-eabi-5_4-2016q2/bin/../lib/gcc/arm-none-eabi/5.4.1/../../../../arm-none-eabi/lib/armv7e-m/fpu/libc_nano.a(lib_a-signalr.o)
                0x1fffd894                _kill_r
 .text._getpid_r
                0x1fffd8b8        0x4 /home/pjtexier/Documents/gcc-arm-none-eabi-5_4-2016q2/bin/../lib/gcc/arm-none-eabi/5.4.1/../../../../arm-none-eabi/lib/armv7e-m/fpu/libc_nano.a(lib_a-signalr.o)
                0x1fffd8b8                _getpid_r
 .text._strtol_r
                0x1fffd8bc      0x10c /home/pjtexier/Documents/gcc-arm-none-eabi-5_4-2016q2/bin/../lib/gcc/arm-none-eabi/5.4.1/../../../../arm-none-eabi/lib/armv7e-m/fpu/libc_nano.a(lib_a-strtol.o)
                0x1fffd8bc                _strtol_r
 .text._strtoul_r
                0x1fffd9c8       0xfc /home/pjtexier/Documents/gcc-arm-none-eabi-5_4-2016q2/bin/../lib/gcc/arm-none-eabi/5.4.1/../../../../arm-none-eabi/lib/armv7e-m/fpu/libc_nano.a(lib_a-strtoul.o)
                0x1fffd9c8                _strtoul_r
 .text.__submore
                0x1fffdac4       0x76 /home/pjtexier/Documents/gcc-arm-none-eabi-5_4-2016q2/bin/../lib/gcc/arm-none-eabi/5.4.1/../../../../arm-none-eabi/lib/armv7e-m/fpu/libc_nano.a(lib_a-ungetc.o)
                0x1fffdac4                __submore
 *fill*         0x1fffdb3a        0x2 
 .text._fstat_r
                0x1fffdb3c       0x24 /home/pjtexier/Documents/gcc-arm-none-eabi-5_4-2016q2/bin/../lib/gcc/arm-none-eabi/5.4.1/../../../../arm-none-eabi/lib/armv7e-m/fpu/libc_nano.a(lib_a-fstatr.o)
                0x1fffdb3c                _fstat_r
 .text._isatty_r
                0x1fffdb60       0x20 /home/pjtexier/Documents/gcc-arm-none-eabi-5_4-2016q2/bin/../lib/gcc/arm-none-eabi/5.4.1/../../../../arm-none-eabi/lib/armv7e-m/fpu/libc_nano.a(lib_a-isattyr.o)
                0x1fffdb60                _isatty_r
 .text.__malloc_lock
                0x1fffdb80        0x2 /home/pjtexier/Documents/gcc-arm-none-eabi-5_4-2016q2/bin/../lib/gcc/arm-none-eabi/5.4.1/../../../../arm-none-eabi/lib/armv7e-m/fpu/libc_nano.a(lib_a-mlock.o)
                0x1fffdb80                __malloc_lock
 .text.__malloc_unlock
                0x1fffdb82        0x2 /home/pjtexier/Documents/gcc-arm-none-eabi-5_4-2016q2/bin/../lib/gcc/arm-none-eabi/5.4.1/../../../../arm-none-eabi/lib/armv7e-m/fpu/libc_nano.a(lib_a-mlock.o)
                0x1fffdb82                __malloc_unlock
 .text._malloc_usable_size_r
                0x1fffdb84       0x14 /home/pjtexier/Documents/gcc-arm-none-eabi-5_4-2016q2/bin/../lib/gcc/arm-none-eabi/5.4.1/../../../../arm-none-eabi/lib/armv7e-m/fpu/libc_nano.a(lib_a-nano-msizer.o)
                0x1fffdb84                _malloc_usable_size_r
 .text._close   0x1fffdb98       0x10 /home/pjtexier/Documents/gcc-arm-none-eabi-5_4-2016q2/bin/../lib/gcc/arm-none-eabi/5.4.1/../../../../arm-none-eabi/lib/armv7e-m/fpu/libnosys.a(close.o)
                0x1fffdb98                _close
 .text._fstat   0x1fffdba8       0x10 /home/pjtexier/Documents/gcc-arm-none-eabi-5_4-2016q2/bin/../lib/gcc/arm-none-eabi/5.4.1/../../../../arm-none-eabi/lib/armv7e-m/fpu/libnosys.a(fstat.o)
                0x1fffdba8                _fstat
 .text._getpid  0x1fffdbb8       0x10 /home/pjtexier/Documents/gcc-arm-none-eabi-5_4-2016q2/bin/../lib/gcc/arm-none-eabi/5.4.1/../../../../arm-none-eabi/lib/armv7e-m/fpu/libnosys.a(getpid.o)
                0x1fffdbb8                _getpid
 .text._isatty  0x1fffdbc8       0x10 /home/pjtexier/Documents/gcc-arm-none-eabi-5_4-2016q2/bin/../lib/gcc/arm-none-eabi/5.4.1/../../../../arm-none-eabi/lib/armv7e-m/fpu/libnosys.a(isatty.o)
                0x1fffdbc8                _isatty
 .text._kill    0x1fffdbd8       0x10 /home/pjtexier/Documents/gcc-arm-none-eabi-5_4-2016q2/bin/../lib/gcc/arm-none-eabi/5.4.1/../../../../arm-none-eabi/lib/armv7e-m/fpu/libnosys.a(kill.o)
                0x1fffdbd8                _kill
 .text._lseek   0x1fffdbe8       0x10 /home/pjtexier/Documents/gcc-arm-none-eabi-5_4-2016q2/bin/../lib/gcc/arm-none-eabi/5.4.1/../../../../arm-none-eabi/lib/armv7e-m/fpu/libnosys.a(lseek.o)
                0x1fffdbe8                _lseek
 .text._sbrk    0x1fffdbf8       0x1c /home/pjtexier/Documents/gcc-arm-none-eabi-5_4-2016q2/bin/../lib/gcc/arm-none-eabi/5.4.1/../../../../arm-none-eabi/lib/armv7e-m/fpu/libnosys.a(sbrk.o)
                0x1fffdbf8                _sbrk
 .text._exit    0x1fffdc14        0x4 /home/pjtexier/Documents/gcc-arm-none-eabi-5_4-2016q2/bin/../lib/gcc/arm-none-eabi/5.4.1/../../../../arm-none-eabi/lib/armv7e-m/fpu/libnosys.a(_exit.o)
                0x1fffdc14                _exit
 *(.rodata)
 .rodata        0x1fffdc18        0xc /home/pjtexier/Documents/gcc-arm-none-eabi-5_4-2016q2/bin/../lib/gcc/arm-none-eabi/5.4.1/../../../../arm-none-eabi/lib/armv7e-m/fpu/libc_nano.a(lib_a-nano-vfscanf_i.o)
 *(.rodata*)
 .rodata.__func__.10927
                0x1fffdc24        0xc CMakeFiles/main.dir/home/pjtexier/Bureau/freertos-warp7/examples/imx7s_warp_m4/demo_apps/rpmsg/air-quality-click/main.c.obj
 .rodata.str1.1
                0x1fffdc30      0x1d3 CMakeFiles/main.dir/home/pjtexier/Bureau/freertos-warp7/examples/imx7s_warp_m4/demo_apps/rpmsg/air-quality-click/main.c.obj
 .rodata.__func__.6046
                0x1fffde03       0x13 CMakeFiles/main.dir/home/pjtexier/Bureau/freertos-warp7/middleware/multicore/open-amp/rpmsg/rpmsg_rtos.c.obj
 .rodata.str1.1
                0x1fffde16       0x95 CMakeFiles/main.dir/home/pjtexier/Bureau/freertos-warp7/middleware/multicore/open-amp/rpmsg/rpmsg_rtos.c.obj
 .rodata.__func__.6033
                0x1fffdeab       0x1b CMakeFiles/main.dir/home/pjtexier/Bureau/freertos-warp7/middleware/multicore/open-amp/rpmsg/rpmsg_rtos.c.obj
 .rodata.__func__.6037
                0x1fffdec6       0x1b CMakeFiles/main.dir/home/pjtexier/Bureau/freertos-warp7/middleware/multicore/open-amp/rpmsg/rpmsg_rtos.c.obj
 .rodata.__func__.9430
                0x1fffdee1       0x1e CMakeFiles/main.dir/home/pjtexier/Bureau/freertos-warp7/middleware/multicore/open-amp/porting/imx7d_m4/platform.c.obj
 .rodata.__func__.9381
                0x1fffdeff        0xa CMakeFiles/main.dir/home/pjtexier/Bureau/freertos-warp7/middleware/multicore/open-amp/porting/imx7d_m4/platform.c.obj
 .rodata.__func__.9434
                0x1fffdf09       0x1f CMakeFiles/main.dir/home/pjtexier/Bureau/freertos-warp7/middleware/multicore/open-amp/porting/imx7d_m4/platform.c.obj
 .rodata.__func__.9385
                0x1fffdf28        0xe CMakeFiles/main.dir/home/pjtexier/Bureau/freertos-warp7/middleware/multicore/open-amp/porting/imx7d_m4/platform.c.obj
 .rodata.str1.1
                0x1fffdf36       0xf7 CMakeFiles/main.dir/home/pjtexier/Bureau/freertos-warp7/middleware/multicore/open-amp/porting/imx7d_m4/platform.c.obj
                                 0xf9 (size before relaxing)
 .rodata.__func__.9413
                0x1fffe02d       0x1a CMakeFiles/main.dir/home/pjtexier/Bureau/freertos-warp7/middleware/multicore/open-amp/porting/imx7d_m4/platform.c.obj
 .rodata.__func__.9421
                0x1fffe047       0x1b CMakeFiles/main.dir/home/pjtexier/Bureau/freertos-warp7/middleware/multicore/open-amp/porting/imx7d_m4/platform.c.obj
 .rodata.str1.1
                0x1fffe062        0xc CMakeFiles/main.dir/home/pjtexier/Bureau/freertos-warp7/middleware/multicore/open-amp/rpmsg/rpmsg_core.c.obj
 .rodata.__func__.5882
                0x1fffe06e       0x15 CMakeFiles/main.dir/home/pjtexier/Bureau/freertos-warp7/middleware/multicore/open-amp/porting/env/freertos/rpmsg_porting.c.obj
 .rodata.__func__.5776
                0x1fffe083        0x9 CMakeFiles/main.dir/home/pjtexier/Bureau/freertos-warp7/middleware/multicore/open-amp/porting/env/freertos/rpmsg_porting.c.obj
 .rodata.__func__.5779
                0x1fffe08c        0xb CMakeFiles/main.dir/home/pjtexier/Bureau/freertos-warp7/middleware/multicore/open-amp/porting/env/freertos/rpmsg_porting.c.obj
 .rodata.str1.1
                0x1fffe097       0xb8 CMakeFiles/main.dir/home/pjtexier/Bureau/freertos-warp7/middleware/multicore/open-amp/porting/env/freertos/rpmsg_porting.c.obj
 .rodata.__func__.5901
                0x1fffe14f        0x8 CMakeFiles/main.dir/home/pjtexier/Bureau/freertos-warp7/middleware/multicore/open-amp/porting/env/freertos/rpmsg_porting.c.obj
 .rodata.__func__.5868
                0x1fffe157       0x11 CMakeFiles/main.dir/home/pjtexier/Bureau/freertos-warp7/middleware/multicore/open-amp/porting/env/freertos/rpmsg_porting.c.obj
 .rodata.str1.1
                0x1fffe168        0x5 CMakeFiles/main.dir/home/pjtexier/Bureau/freertos-warp7/rtos/FreeRTOS/Source/tasks.c.obj
 .rodata.str1.1
                0x1fffe16d       0x64 CMakeFiles/main.dir/home/pjtexier/Bureau/freertos-warp7/platform/drivers/src/ccm_imx7d.c.obj
 .rodata.__func__.8084
                0x1fffe1d1       0x13 CMakeFiles/main.dir/home/pjtexier/Bureau/freertos-warp7/platform/drivers/src/ccm_imx7d.c.obj
 .rodata.__func__.8092
                0x1fffe1e4        0xf CMakeFiles/main.dir/home/pjtexier/Bureau/freertos-warp7/platform/drivers/src/ccm_imx7d.c.obj
 .rodata.__func__.7830
                0x1fffe1f3       0x13 CMakeFiles/main.dir/home/pjtexier/Bureau/freertos-warp7/examples/imx7s_warp_m4/gpio_pins.c.obj
 .rodata.str1.1
                0x1fffe206       0x66 CMakeFiles/main.dir/home/pjtexier/Bureau/freertos-warp7/examples/imx7s_warp_m4/gpio_pins.c.obj
                                 0x6e (size before relaxing)
 .rodata.CSWTCH.7
                0x1fffe26c        0x6 CMakeFiles/main.dir/home/pjtexier/Bureau/freertos-warp7/platform/drivers/src/uart_imx.c.obj
 .rodata.str1.1
                0x1fffe272      0x142 CMakeFiles/main.dir/home/pjtexier/Bureau/freertos-warp7/platform/drivers/src/uart_imx.c.obj
 .rodata.__func__.8066
                0x1fffe3b4        0xa CMakeFiles/main.dir/home/pjtexier/Bureau/freertos-warp7/platform/drivers/src/uart_imx.c.obj
 .rodata.__func__.7895
                0x1fffe3be       0x14 CMakeFiles/main.dir/home/pjtexier/Bureau/freertos-warp7/platform/drivers/src/gpio_imx.c.obj
 .rodata.str1.1
                0x1fffe3d2       0x4e CMakeFiles/main.dir/home/pjtexier/Bureau/freertos-warp7/platform/drivers/src/gpio_imx.c.obj
 .rodata.__func__.7886
                0x1fffe420        0x9 CMakeFiles/main.dir/home/pjtexier/Bureau/freertos-warp7/platform/drivers/src/i2c_imx.c.obj
 .rodata.__func__.7897
                0x1fffe429       0x10 CMakeFiles/main.dir/home/pjtexier/Bureau/freertos-warp7/platform/drivers/src/i2c_imx.c.obj
 .rodata.str1.1
                0x1fffe439      0x101 CMakeFiles/main.dir/home/pjtexier/Bureau/freertos-warp7/platform/drivers/src/i2c_imx.c.obj
                                0x10c (size before relaxing)
 *fill*         0x1fffe53a        0x2 
 .rodata.i2cClkDivTab
                0x1fffe53c      0x190 CMakeFiles/main.dir/home/pjtexier/Bureau/freertos-warp7/platform/drivers/src/i2c_imx.c.obj
 .rodata.__func__.7846
                0x1fffe6cc       0x14 CMakeFiles/main.dir/home/pjtexier/Bureau/freertos-warp7/platform/drivers/src/i2c_imx.c.obj
 .rodata.__func__.7941
                0x1fffe6e0        0xb CMakeFiles/main.dir/home/pjtexier/Bureau/freertos-warp7/platform/drivers/src/mu_imx.c.obj
 .rodata.__func__.7951
                0x1fffe6eb       0x11 CMakeFiles/main.dir/home/pjtexier/Bureau/freertos-warp7/platform/drivers/src/mu_imx.c.obj
 .rodata.str1.1
                0x1fffe6fc       0x71 CMakeFiles/main.dir/home/pjtexier/Bureau/freertos-warp7/platform/drivers/src/mu_imx.c.obj
 .rodata.str1.1
                0x1fffe76d       0x3c /home/pjtexier/Documents/gcc-arm-none-eabi-5_4-2016q2/bin/../lib/gcc/arm-none-eabi/5.4.1/../../../../arm-none-eabi/lib/armv7e-m/fpu/libc_nano.a(lib_a-assert.o)
                                 0x3d (size before relaxing)
 .rodata.str1.1
                0x1fffe7a9        0x2 /home/pjtexier/Documents/gcc-arm-none-eabi-5_4-2016q2/bin/../lib/gcc/arm-none-eabi/5.4.1/../../../../arm-none-eabi/lib/armv7e-m/fpu/libc_nano.a(lib_a-impure.o)
 *fill*         0x1fffe7ab        0x1 
 .rodata._global_impure_ptr
                0x1fffe7ac        0x4 /home/pjtexier/Documents/gcc-arm-none-eabi-5_4-2016q2/bin/../lib/gcc/arm-none-eabi/5.4.1/../../../../arm-none-eabi/lib/armv7e-m/fpu/libc_nano.a(lib_a-impure.o)
                0x1fffe7ac                _global_impure_ptr
 .rodata.str1.1
                0x1fffe7b0       0x11 /home/pjtexier/Documents/gcc-arm-none-eabi-5_4-2016q2/bin/../lib/gcc/arm-none-eabi/5.4.1/../../../../arm-none-eabi/lib/armv7e-m/fpu/libc_nano.a(lib_a-nano-vfprintf.o)
 .rodata.str1.1
                0x1fffe7c1       0x22 /home/pjtexier/Documents/gcc-arm-none-eabi-5_4-2016q2/bin/../lib/gcc/arm-none-eabi/5.4.1/../../../../arm-none-eabi/lib/armv7e-m/fpu/libc_nano.a(lib_a-nano-vfprintf_i.o)
 *fill*         0x1fffe7e3        0x1 
 .rodata.__sf_fake_stdin
                0x1fffe7e4       0x20 /home/pjtexier/Documents/gcc-arm-none-eabi-5_4-2016q2/bin/../lib/gcc/arm-none-eabi/5.4.1/../../../../arm-none-eabi/lib/armv7e-m/fpu/libc_nano.a(lib_a-findfp.o)
                0x1fffe7e4                __sf_fake_stdin
 .rodata.__sf_fake_stdout
                0x1fffe804       0x20 /home/pjtexier/Documents/gcc-arm-none-eabi-5_4-2016q2/bin/../lib/gcc/arm-none-eabi/5.4.1/../../../../arm-none-eabi/lib/armv7e-m/fpu/libc_nano.a(lib_a-findfp.o)
                0x1fffe804                __sf_fake_stdout
 .rodata.__sf_fake_stderr
                0x1fffe824       0x20 /home/pjtexier/Documents/gcc-arm-none-eabi-5_4-2016q2/bin/../lib/gcc/arm-none-eabi/5.4.1/../../../../arm-none-eabi/lib/armv7e-m/fpu/libc_nano.a(lib_a-findfp.o)
                0x1fffe824                __sf_fake_stderr
 .rodata.str1.1
                0x1fffe844       0x11 /home/pjtexier/Documents/gcc-arm-none-eabi-5_4-2016q2/bin/../lib/gcc/arm-none-eabi/5.4.1/../../../../arm-none-eabi/lib/armv7e-m/fpu/libc_nano.a(lib_a-nano-svfprintf.o)
 .rodata.str1.1
                0x1fffe844        0x4 /home/pjtexier/Documents/gcc-arm-none-eabi-5_4-2016q2/bin/../lib/gcc/arm-none-eabi/5.4.1/../../../../arm-none-eabi/lib/armv7e-m/fpu/libc_nano.a(lib_a-nano-svfscanf.o)
 .rodata.str1.1
                0x1fffe844       0x18 /home/pjtexier/Documents/gcc-arm-none-eabi-5_4-2016q2/bin/../lib/gcc/arm-none-eabi/5.4.1/../../../../arm-none-eabi/lib/armv7e-m/fpu/libc_nano.a(lib_a-nano-vfscanf_i.o)
                                 0x1b (size before relaxing)
 .rodata._ctype_
                0x1fffe85c      0x101 /home/pjtexier/Documents/gcc-arm-none-eabi-5_4-2016q2/bin/../lib/gcc/arm-none-eabi/5.4.1/../../../../arm-none-eabi/lib/armv7e-m/fpu/libc_nano.a(lib_a-ctype_.o)
                0x1fffe85c                _ctype_
 *(.glue_7)
 .glue_7        0x1fffe95d        0x0 linker stubs
 *(.glue_7t)
 .glue_7t       0x1fffe95d        0x0 linker stubs
 *(.eh_frame)
 *fill*         0x1fffe95d        0x3 
 .eh_frame      0x1fffe960        0x0 /home/pjtexier/Documents/gcc-arm-none-eabi-5_4-2016q2/bin/../lib/gcc/arm-none-eabi/5.4.1/armv7e-m/fpu/crtbegin.o
 *(.init)
 .init          0x1fffe960        0x4 /home/pjtexier/Documents/gcc-arm-none-eabi-5_4-2016q2/bin/../lib/gcc/arm-none-eabi/5.4.1/armv7e-m/fpu/crti.o
                0x1fffe960                _init
 .init          0x1fffe964        0x8 /home/pjtexier/Documents/gcc-arm-none-eabi-5_4-2016q2/bin/../lib/gcc/arm-none-eabi/5.4.1/armv7e-m/fpu/crtn.o
 *(.fini)
 .fini          0x1fffe96c        0x4 /home/pjtexier/Documents/gcc-arm-none-eabi-5_4-2016q2/bin/../lib/gcc/arm-none-eabi/5.4.1/armv7e-m/fpu/crti.o