Archive member included to satisfy reference by file (symbol)

/home/pjtexier/Documents/gcc-arm-none-eabi-5_4-2016q2/bin/../lib/gcc/arm-none-eabi/5.4.1/../../../../arm-none-eabi/lib/armv7e-m/fpu/libc_nano.a(lib_a-assert.o)
                              CMakeFiles/main.dir/home/pjtexier/Bureau/freertos-warp7/examples/imx7s_warp_m4/demo_apps/rpmsg/air-quality-click/main.c.obj (__assert_func)
/home/pjtexier/Documents/gcc-arm-none-eabi-5_4-2016q2/bin/../lib/gcc/arm-none-eabi/5.4.1/../../../../arm-none-eabi/lib/armv7e-m/fpu/libc_nano.a(lib_a-exit.o)
                              /home/pjtexier/Documents/gcc-arm-none-eabi-5_4-2016q2/bin/../lib/gcc/arm-none-eabi/5.4.1/../../../../arm-none-eabi/lib/armv7e-m/fpu/crt0.o (exit)
/home/pjtexier/Documents/gcc-arm-none-eabi-5_4-2016q2/bin/../lib/gcc/arm-none-eabi/5.4.1/../../../../arm-none-eabi/lib/armv7e-m/fpu/libc_nano.a(lib_a-fprintf.o)
                              /home/pjtexier/Documents/gcc-arm-none-eabi-5_4-2016q2/bin/../lib/gcc/arm-none-eabi/5.4.1/../../../../arm-none-eabi/lib/armv7e-m/fpu/libc_nano.a(lib_a-assert.o) (fiprintf)
/home/pjtexier/Documents/gcc-arm-none-eabi-5_4-2016q2/bin/../lib/gcc/arm-none-eabi/5.4.1/../../../../arm-none-eabi/lib/armv7e-m/fpu/libc_nano.a(lib_a-impure.o)
                              /home/pjtexier/Documents/gcc-arm-none-eabi-5_4-2016q2/bin/../lib/gcc/arm-none-eabi/5.4.1/../../../../arm-none-eabi/lib/armv7e-m/fpu/libc_nano.a(lib_a-exit.o) (_global_impure_ptr)
/home/pjtexier/Documents/gcc-arm-none-eabi-5_4-2016q2/bin/../lib/gcc/arm-none-eabi/5.4.1/../../../../arm-none-eabi/lib/armv7e-m/fpu/libc_nano.a(lib_a-init.o)
                              /home/pjtexier/Documents/gcc-arm-none-eabi-5_4-2016q2/bin/../lib/gcc/arm-none-eabi/5.4.1/../../../../arm-none-eabi/lib/armv7e-m/fpu/crt0.o (__libc_init_array)
/home/pjtexier/Documents/gcc-arm-none-eabi-5_4-2016q2/bin/../lib/gcc/arm-none-eabi/5.4.1/../../../../arm-none-eabi/lib/armv7e-m/fpu/libc_nano.a(lib_a-memcpy-stub.o)
                              CMakeFiles/main.dir/home/pjtexier/Bureau/freertos-warp7/examples/imx7s_warp_m4/demo_apps/rpmsg/air-quality-click/main.c.obj (memcpy)
/home/pjtexier/Documents/gcc-arm-none-eabi-5_4-2016q2/bin/../lib/gcc/arm-none-eabi/5.4.1/../../../../arm-none-eabi/lib/armv7e-m/fpu/libc_nano.a(lib_a-memset.o)
                              /home/pjtexier/Documents/gcc-arm-none-eabi-5_4-2016q2/bin/../lib/gcc/arm-none-eabi/5.4.1/../../../../arm-none-eabi/lib/armv7e-m/fpu/crt0.o (memset)
/home/pjtexier/Documents/gcc-arm-none-eabi-5_4-2016q2/bin/../lib/gcc/arm-none-eabi/5.4.1/../../../../arm-none-eabi/lib/armv7e-m/fpu/libc_nano.a(lib_a-nano-vfprintf.o)
                              /home/pjtexier/Documents/gcc-arm-none-eabi-5_4-2016q2/bin/../lib/gcc/arm-none-eabi/5.4.1/../../../../arm-none-eabi/lib/armv7e-m/fpu/libc_nano.a(lib_a-fprintf.o) (_vfprintf_r)
/home/pjtexier/Documents/gcc-arm-none-eabi-5_4-2016q2/bin/../lib/gcc/arm-none-eabi/5.4.1/../../../../arm-none-eabi/lib/armv7e-m/fpu/libc_nano.a(lib_a-nano-vfprintf_i.o)
                              /home/pjtexier/Documents/gcc-arm-none-eabi-5_4-2016q2/bin/../lib/gcc/arm-none-eabi/5.4.1/../../../../arm-none-eabi/lib/armv7e-m/fpu/libc_nano.a(lib_a-nano-vfprintf.o) (_printf_i)
/home/pjtexier/Documents/gcc-arm-none-eabi-5_4-2016q2/bin/../lib/gcc/arm-none-eabi/5.4.1/../../../../arm-none-eabi/lib/armv7e-m/fpu/libc_nano.a(lib_a-snprintf.o)
                              CMakeFiles/main.dir/home/pjtexier/Bureau/freertos-warp7/examples/imx7s_warp_m4/demo_apps/rpmsg/air-quality-click/main.c.obj (snprintf)
/home/pjtexier/Documents/gcc-arm-none-eabi-5_4-2016q2/bin/../lib/gcc/arm-none-eabi/5.4.1/../../../../arm-none-eabi/lib/armv7e-m/fpu/libc_nano.a(lib_a-sscanf.o)
                              CMakeFiles/main.dir/home/pjtexier/Bureau/freertos-warp7/examples/imx7s_warp_m4/demo_apps/rpmsg/air-quality-click/main.c.obj (sscanf)
/home/pjtexier/Documents/gcc-arm-none-eabi-5_4-2016q2/bin/../lib/gcc/arm-none-eabi/5.4.1/../../../../arm-none-eabi/lib/armv7e-m/fpu/libc_nano.a(lib_a-stdio.o)
                              /home/pjtexier/Documents/gcc-arm-none-eabi-5_4-2016q2/bin/../lib/gcc/arm-none-eabi/5.4.1/../../../../arm-none-eabi/lib/armv7e-m/fpu/libc_nano.a(lib_a-sscanf.o) (__seofread)
/home/pjtexier/Documents/gcc-arm-none-eabi-5_4-2016q2/bin/../lib/gcc/arm-none-eabi/5.4.1/../../../../arm-none-eabi/lib/armv7e-m/fpu/libc_nano.a(lib_a-strcmp.o)
                              CMakeFiles/main.dir/home/pjtexier/Bureau/freertos-warp7/examples/imx7s_warp_m4/demo_apps/rpmsg/air-quality-click/main.c.obj (strcmp)
/home/pjtexier/Documents/gcc-arm-none-eabi-5_4-2016q2/bin/../lib/gcc/arm-none-eabi/5.4.1/../../../../arm-none-eabi/lib/armv7e-m/fpu/libc_nano.a(lib_a-strlen.o)
                              CMakeFiles/main.dir/home/pjtexier/Bureau/freertos-warp7/platform/utilities/src/print_scan.c.obj (strlen)
[...]
Memory Configuration

Name             Origin             Length             Attributes
m_interrupts     0x1fff8000         0x00000240         xr
m_text           0x1fff8240         0x00007dc0         xr
m_data           0x20000000         0x00008000         rw
*default*        0x00000000         0xffffffff

Linker script and memory map

LOAD /home/pjtexier/Documents/gcc-arm-none-eabi-5_4-2016q2/bin/../lib/gcc/arm-none-eabi/5.4.1/armv7e-m/fpu/crti.o
LOAD /home/pjtexier/Documents/gcc-arm-none-eabi-5_4-2016q2/bin/../lib/gcc/arm-none-eabi/5.4.1/armv7e-m/fpu/crtbegin.o
LOAD /home/pjtexier/Documents/gcc-arm-none-eabi-5_4-2016q2/bin/../lib/gcc/arm-none-eabi/5.4.1/../../../../arm-none-eabi/lib/armv7e-m/fpu/crt0.o
LOAD /home/pjtexier/Documents/gcc-arm-none-eabi-5_4-2016q2/bin/../lib/gcc/arm-none-eabi/5.4.1/../../../../arm-none-eabi/lib/armv7e-m/fpu/libm.a
LOAD CMakeFiles/main.dir/home/pjtexier/Bureau/freertos-warp7/rtos/FreeRTOS/Source/portable/GCC/ARM_CM4F/port.c.obj
LOAD CMakeFiles/main.dir/home/pjtexier/Bureau/freertos-warp7/platform/devices/MCIMX7D/startup/gcc/startup_MCIMX7D_M4.S.obj
LOAD CMakeFiles/main.dir/home/pjtexier/Bureau/freertos-warp7/rtos/FreeRTOS/Source/portable/MemMang/heap_2.c.obj
LOAD CMakeFiles/main.dir/home/pjtexier/Bureau/freertos-warp7/examples/imx7s_warp_m4/demo_apps/rpmsg/air-quality-click/main.c.obj
LOAD CMakeFiles/main.dir/home/pjtexier/Bureau/freertos-warp7/examples/imx7s_warp_m4/demo_apps/rpmsg/air-quality-click/common/air-quality-click.c.obj
LOAD CMakeFiles/main.dir/home/pjtexier/Bureau/freertos-warp7/platform/drivers/src/rdc_semaphore.c.obj
LOAD CMakeFiles/main.dir/home/pjtexier/Bureau/freertos-warp7/middleware/multicore/open-amp/rpmsg/rpmsg_rtos.c.obj
LOAD CMakeFiles/main.dir/home/pjtexier/Bureau/freertos-warp7/middleware/multicore/open-amp/porting/imx7d_m4/platform.c.obj
LOAD CMakeFiles/main.dir/home/pjtexier/Bureau/freertos-warp7/middleware/multicore/open-amp/porting/imx7d_m4/platform_info.c.obj
LOAD CMakeFiles/main.dir/home/pjtexier/Bureau/freertos-warp7/middleware/multicore/open-amp/common/hil/hil.c.obj
LOAD CMakeFiles/main.dir/home/pjtexier/Bureau/freertos-warp7/middleware/multicore/open-amp/common/llist/llist.c.obj
LOAD CMakeFiles/main.dir/home/pjtexier/Bureau/freertos-warp7/middleware/multicore/open-amp/common/shm/sh_mem.c.obj
LOAD CMakeFiles/main.dir/home/pjtexier/Bureau/freertos-warp7/middleware/multicore/open-amp/porting/config/config.c.obj
LOAD CMakeFiles/main.dir/home/pjtexier/Bureau/freertos-warp7/middleware/multicore/open-amp/rpmsg/remote_device.c.obj
LOAD CMakeFiles/main.dir/home/pjtexier/Bureau/freertos-warp7/middleware/multicore/open-amp/rpmsg/rpmsg.c.obj
LOAD CMakeFiles/main.dir/home/pjtexier/Bureau/freertos-warp7/middleware/multicore/open-amp/rpmsg/rpmsg_ext.c.obj
LOAD CMakeFiles/main.dir/home/pjtexier/Bureau/freertos-warp7/middleware/multicore/open-amp/rpmsg/rpmsg_core.c.obj
LOAD CMakeFiles/main.dir/home/pjtexier/Bureau/freertos-warp7/middleware/multicore/open-amp/virtio/virtio.c.obj
LOAD CMakeFiles/main.dir/home/pjtexier/Bureau/freertos-warp7/middleware/multicore/open-amp/virtio/virtqueue.c.obj
LOAD CMakeFiles/main.dir/home/pjtexier/Bureau/freertos-warp7/middleware/multicore/open-amp/porting/env/freertos/rpmsg_porting.c.obj
LOAD CMakeFiles/main.dir/home/pjtexier/Bureau/freertos-warp7/rtos/FreeRTOS/Source/croutine.c.obj
LOAD CMakeFiles/main.dir/home/pjtexier/Bureau/freertos-warp7/rtos/FreeRTOS/Source/event_groups.c.obj
LOAD CMakeFiles/main.dir/home/pjtexier/Bureau/freertos-warp7/rtos/FreeRTOS/Source/list.c.obj
LOAD CMakeFiles/main.dir/home/pjtexier/Bureau/freertos-warp7/rtos/FreeRTOS/Source/queue.c.obj
LOAD CMakeFiles/main.dir/home/pjtexier/Bureau/freertos-warp7/rtos/FreeRTOS/Source/tasks.c.obj
LOAD CMakeFiles/main.dir/home/pjtexier/Bureau/freertos-warp7/rtos/FreeRTOS/Source/timers.c.obj
LOAD CMakeFiles/main.dir/home/pjtexier/Bureau/freertos-warp7/platform/drivers/src/ccm_analog_imx7d.c.obj
LOAD CMakeFiles/main.dir/home/pjtexier/Bureau/freertos-warp7/platform/drivers/src/ccm_imx7d.c.obj
LOAD CMakeFiles/main.dir/home/pjtexier/Bureau/freertos-warp7/platform/drivers/src/lmem.c.obj
LOAD CMakeFiles/main.dir/home/pjtexier/Bureau/freertos-warp7/platform/drivers/src/rdc.c.obj
LOAD CMakeFiles/main.dir/home/pjtexier/Bureau/freertos-warp7/platform/drivers/src/wdog_imx.c.obj
LOAD CMakeFiles/main.dir/home/pjtexier/Bureau/freertos-warp7/platform/utilities/src/debug_console_imx.c.obj
LOAD CMakeFiles/main.dir/home/pjtexier/Bureau/freertos-warp7/platform/utilities/src/print_scan.c.obj
LOAD CMakeFiles/main.dir/home/pjtexier/Bureau/freertos-warp7/platform/devices/MCIMX7D/startup/system_MCIMX7D_M4.c.obj
LOAD CMakeFiles/main.dir/home/pjtexier/Bureau/freertos-warp7/examples/imx7s_warp_m4/pin_mux.c.obj
LOAD CMakeFiles/main.dir/home/pjtexier/Bureau/freertos-warp7/examples/imx7s_warp_m4/board.c.obj
LOAD CMakeFiles/main.dir/home/pjtexier/Bureau/freertos-warp7/examples/imx7s_warp_m4/gpio_pins.c.obj
LOAD CMakeFiles/main.dir/home/pjtexier/Bureau/freertos-warp7/examples/imx7s_warp_m4/clock_freq.c.obj
LOAD CMakeFiles/main.dir/home/pjtexier/Bureau/freertos-warp7/examples/imx7s_warp_m4/demo_apps/rpmsg/air-quality-click/hardware_init.c.obj
LOAD CMakeFiles/main.dir/home/pjtexier/Bureau/freertos-warp7/platform/drivers/src/uart_imx.c.obj
LOAD CMakeFiles/main.dir/home/pjtexier/Bureau/freertos-warp7/platform/drivers/src/gpio_imx.c.obj
LOAD CMakeFiles/main.dir/home/pjtexier/Bureau/freertos-warp7/platform/drivers/src/i2c_imx.c.obj
LOAD CMakeFiles/main.dir/home/pjtexier/Bureau/freertos-warp7/platform/drivers/src/mu_imx.c.obj
START GROUP
LOAD /home/pjtexier/Documents/gcc-arm-none-eabi-5_4-2016q2/bin/../lib/gcc/arm-none-eabi/5.4.1/../../../../arm-none-eabi/lib/armv7e-m/fpu/libm.a
LOAD /home/pjtexier/Documents/gcc-arm-none-eabi-5_4-2016q2/bin/../lib/gcc/arm-none-eabi/5.4.1/../../../../arm-none-eabi/lib/armv7e-m/fpu/libc_nano.a
LOAD /home/pjtexier/Documents/gcc-arm-none-eabi-5_4-2016q2/bin/../lib/gcc/arm-none-eabi/5.4.1/armv7e-m/fpu/libgcc.a
LOAD /home/pjtexier/Documents/gcc-arm-none-eabi-5_4-2016q2/bin/../lib/gcc/arm-none-eabi/5.4.1/../../../../arm-none-eabi/lib/armv7e-m/fpu/libnosys.a
END GROUP
START GROUP
LOAD /home/pjtexier/Documents/gcc-arm-none-eabi-5_4-2016q2/bin/../lib/gcc/arm-none-eabi/5.4.1/armv7e-m/fpu/libgcc.a
LOAD /home/pjtexier/Documents/gcc-arm-none-eabi-5_4-2016q2/bin/../lib/gcc/arm-none-eabi/5.4.1/../../../../arm-none-eabi/lib/armv7e-m/fpu/libg_nano.a
LOAD /home/pjtexier/Documents/gcc-arm-none-eabi-5_4-2016q2/bin/../lib/gcc/arm-none-eabi/5.4.1/../../../../arm-none-eabi/lib/armv7e-m/fpu/libc_nano.a
END GROUP
START GROUP
LOAD /home/pjtexier/Documents/gcc-arm-none-eabi-5_4-2016q2/bin/../lib/gcc/arm-none-eabi/5.4.1/armv7e-m/fpu/libgcc.a
LOAD /home/pjtexier/Documents/gcc-arm-none-eabi-5_4-2016q2/bin/../lib/gcc/arm-none-eabi/5.4.1/../../../../arm-none-eabi/lib/armv7e-m/fpu/libc_nano.a
END GROUP
LOAD /home/pjtexier/Documents/gcc-arm-none-eabi-5_4-2016q2/bin/../lib/gcc/arm-none-eabi/5.4.1/armv7e-m/fpu/crtend.o
LOAD /home/pjtexier/Documents/gcc-arm-none-eabi-5_4-2016q2/bin/../lib/gcc/arm-none-eabi/5.4.1/armv7e-m/fpu/crtn.o
                0x00000400                HEAP_SIZE = DEFINED (__heap_size__)?__heap_size__:0x400
                0x00000400                STACK_SIZE = DEFINED (__stack_size__)?__stack_size__:0x400

.interrupts     0x1fff8000      0x240
                0x1fff8000                __VECTOR_TABLE = .
                0x1fff8000                . = ALIGN (0x4)
 *(.isr_vector)
 .isr_vector    0x1fff8000      0x240 CMakeFiles/main.dir/home/pjtexier/Bureau/freertos-warp7/platform/devices/MCIMX7D/startup/gcc/startup_MCIMX7D_M4.S.obj
                0x1fff8000                __isr_vector
                0x1fff8240                . = ALIGN (0x4)

.text           0x1fff8240     0x9cdc
                0x1fff8240                . = ALIGN (0x4)
 *(.text)
 .text          0x1fff8240       0x5c /home/pjtexier/Documents/gcc-arm-none-eabi-5_4-2016q2/bin/../lib/gcc/arm-none-eabi/5.4.1/armv7e-m/fpu/crtbegin.o
 .text          0x1fff829c       0x74 /home/pjtexier/Documents/gcc-arm-none-eabi-5_4-2016q2/bin/../lib/gcc/arm-none-eabi/5.4.1/../../../../arm-none-eabi/lib/armv7e-m/fpu/crt0.o
                0x1fff829c                _mainCRTStartup
                0x1fff829c                _start
 .text          0x1fff8310       0x30 CMakeFiles/main.dir/home/pjtexier/Bureau/freertos-warp7/platform/devices/MCIMX7D/startup/gcc/startup_MCIMX7D_M4.S.obj
                0x1fff8310                Reset_Handler
                0x1fff833c                ENET2_MAC0_TRANS1_Handler
                0x1fff833c                SAI3_Handler
                0x1fff833c                DebugMon_Handler
                0x1fff833c                USB_OH3_OTG2_1_Handler
                0x1fff833c                GPIO3_INT31_16_Handler
                0x1fff833c                eCSPI4_Handler
                0x1fff833c                SIM2_Handler
                0x1fff833c                FLEXCAN1_Handler
                0x1fff833c                UART3_Handler
                0x1fff833c                UART2_Handler
                0x1fff833c                GPIO1_INT3_Handler
                0x1fff833c                HardFault_Handler
                0x1fff833c                SNVS_SECURITY_Handler
                0x1fff833c                SEMA4_HS_M4_Handler
                0x1fff833c                GPIO6_INT31_16_Handler
                0x1fff833c                SRC_Handler
                0x1fff833c                GPT2_Handler
                0x1fff833c                CCM2_Handler
                0x1fff833c                I2C1_Handler
                0x1fff833c                CPU_CTI_Handler
                0x1fff833c                NMI_Handler
                0x1fff833c                SAI1_Handler
                0x1fff833c                ENET2_MAC0_IRQ_Handler
                0x1fff833c                KPP_Handler
                0x1fff833c                USB_OTG1_Handler
                0x1fff833c                MIPI_CSI_Handler
                0x1fff833c                WDOG4_Handler
                0x1fff833c                Reserved9_Handler
                0x1fff833c                QSPI_Handler
                0x1fff833c                CAAM_QUEUE_Handler
                0x1fff833c                GPIO2_INT15_0_Handler
                0x1fff833c                PCIE_CTRL4_Handler
                0x1fff833c                uSDHC2_Handler
                0x1fff833c                GPIO1_INT6_Handler
                0x1fff833c                PCIE_CTRL_REQUEST_Handler
                0x1fff833c                SCTR1_Handler
                0x1fff833c                RDC_Handler
                0x1fff833c                EPDC_Handler
                0x1fff833c                CCM1_Handler
                0x1fff833c                UsageFault_Handler
                0x1fff833c                ADC1_Handler
                0x1fff833c                GPIO1_INT0_Handler
                0x1fff833c                Analog_brown_out_Handler
                0x1fff833c                PXP2_Handler
                0x1fff833c                SEMA4_HS_A7_Handler
                0x1fff833c                RTIC_Handler
                0x1fff833c                DefaultISR
                0x1fff833c                GPIO6_INT15_0_Handler
                0x1fff833c                SCTR2_Handler
                0x1fff833c                WDOG3_Handler
                0x1fff833c                USB_OH2_OTG_Handler
                0x1fff833c                SAI2_Handler
                0x1fff833c                GPIO3_INT15_0_Handler
                0x1fff833c                FTM2_Handler
                0x1fff833c                eCSPI1_Handler
                0x1fff833c                GPC_Handler
                0x1fff833c                GPIO1_INT15_0_Handler
                0x1fff833c                UART1_Handler
                0x1fff833c                ENET1_MAC0_TRANS2_Handler
                0x1fff833c                eCSPI3_Handler
                0x1fff833c                BCH_Handler
                0x1fff833c                CAAM_ERROR_Handler
                0x1fff833c                Analog_TempSensor_Handler
                0x1fff833c                PXP1_Handler
                0x1fff833c                SNVS_Handler
                0x1fff833c                GPT4_Handler
                0x1fff833c                GPIO5_INT15_0_Handler
                0x1fff833c                ENET2_MAC0_TRANS2_Handler
                0x1fff833c                GPMI_Handler
                0x1fff833c                I2C4_Handler
                0x1fff833c                CCM_SRC_GPC_Handler
                0x1fff833c                CPU_Handler
                0x1fff833c                UART4_Handler
                0x1fff833c                GPIO1_INT1_Handler
                0x1fff833c                uSDHC3_Handler
                0x1fff833c                EIM_Handler
                0x1fff833c                PWM1_Handler
                0x1fff833c                ENET2_1588_TIMER_IRQ_Handler
                0x1fff833c                UART6_Handler
                0x1fff833c                GPIO1_INT4_Handler
                0x1fff833c                GPIO1_INT31_16_Handler
                0x1fff833c                APBHDMA_Handler
                0x1fff833c                uSDHC1_Handler
                0x1fff833c                DBGMON_Handler
                0x1fff833c                UART7_Handler
                0x1fff833c                SDMA_Handler
                0x1fff833c                GPT1_Handler
                0x1fff833c                PWM3_Handler
                0x1fff833c                PCIE_CTRL2_Handler
                0x1fff833c                MemManage_Handler
                0x1fff833c                GPIO5_INT31_16_Handler
                0x1fff833c                TZASC1_Handler
                0x1fff833c                I2C2_Handler
                0x1fff833c                DAP_Handler
                0x1fff833c                GPIO4_INT15_0_Handler
                0x1fff833c                CSI_Handler
                0x1fff833c                eCSPI2_Handler
                0x1fff833c                ENET1_1588_TIMER_Handler
                0x1fff833c                WDOG2_Handler
                0x1fff833c                FLEXCAN2_Handler
                0x1fff833c                PCIE_CTRL1_Handler
                0x1fff833c                PCIE_CTRL3_Handler
                0x1fff833c                GPT3_Handler
                0x1fff833c                GPIO1_INT5_Handler
                0x1fff833c                CAAM_WRAPPER2_Handler
                0x1fff833c                SNVS_CONSOLIDATED_Handler
                0x1fff833c                CAAM_WRAPPER1_Handler
                0x1fff833c                GPIO4_INT31_16_Handler
                0x1fff833c                GPIO1_INT2_Handler
                0x1fff833c                LCDIF_Handler
                0x1fff833c                UART5_Handler
                0x1fff833c                PERFMON1_Handler
                0x1fff833c                GPIO1_INT7_Handler
                0x1fff833c                I2C3_Handler
                0x1fff833c                CSU_Handler
                0x1fff833c                MIPI_DSI_Handler
                0x1fff833c                PWM2_Handler
                0x1fff833c                GPR_Handler
                0x1fff833c                SIM1_Handler
                0x1fff833c                USB_OTG2_Handler
                0x1fff833c                ENET1_MAC0_TRANS1_Handler
                0x1fff833c                BusFault_Handler
                0x1fff833c                USB_OH3_OTG2_2_Handler
                0x1fff833c                ENET1_MAC0_Handler
                0x1fff833c                PERFMON2_Handler
                0x1fff833c                GPIO7_INT31_16_Handler
                0x1fff833c                PWM4_Handler
                0x1fff833c                GPIO2_INT31_16_Handler
                0x1fff833c                FTM1_Handler
                0x1fff833c                GPIO7_INT15_0_Handler
                0x1fff833c                WDOG1_Handler
                0x1fff833c                MU_A7_Handler
                0x1fff833c                ADC2_Handler
                0x1fff833c                TPR_Handler
 .text          0x1fff8340       0x14 /home/pjtexier/Documents/gcc-arm-none-eabi-5_4-2016q2/bin/../lib/gcc/arm-none-eabi/5.4.1/../../../../arm-none-eabi/lib/armv7e-m/fpu/libc_nano.a(lib_a-strcmp.o)
                0x1fff8340                strcmp
 .text          0x1fff8354       0x10 /home/pjtexier/Documents/gcc-arm-none-eabi-5_4-2016q2/bin/../lib/gcc/arm-none-eabi/5.4.1/../../../../arm-none-eabi/lib/armv7e-m/fpu/libc_nano.a(lib_a-strlen.o)
                0x1fff8354                strlen
 *fill*         0x1fff8364        0xc 
 .text          0x1fff8370       0xa0 /home/pjtexier/Documents/gcc-arm-none-eabi-5_4-2016q2/bin/../lib/gcc/arm-none-eabi/5.4.1/../../../../arm-none-eabi/lib/armv7e-m/fpu/libc_nano.a(lib_a-memchr.o)
                0x1fff8370                memchr
 *(.text*)
 .text.pxPortInitialiseStack
                0x1fff8410       0x64 CMakeFiles/main.dir/home/pjtexier/Bureau/freertos-warp7/rtos/FreeRTOS/Source/portable/GCC/ARM_CM4F/port.c.obj
                0x1fff8410                pxPortInitialiseStack
 .text.prvTaskExitError
                0x1fff8474       0x20 CMakeFiles/main.dir/home/pjtexier/Bureau/freertos-warp7/rtos/FreeRTOS/Source/portable/GCC/ARM_CM4F/port.c.obj
 .text.SVC_Handler
                0x1fff8494       0x24 CMakeFiles/main.dir/home/pjtexier/Bureau/freertos-warp7/rtos/FreeRTOS/Source/portable/GCC/ARM_CM4F/port.c.obj
                0x1fff8494                SVC_Handler
 .text.prvPortStartFirstTask
                0x1fff84b8       0x20 CMakeFiles/main.dir/home/pjtexier/Bureau/freertos-warp7/rtos/FreeRTOS/Source/portable/GCC/ARM_CM4F/port.c.obj
 .text.xPortStartScheduler
                0x1fff84d8       0xd0 CMakeFiles/main.dir/home/pjtexier/Bureau/freertos-warp7/rtos/FreeRTOS/Source/portable/GCC/ARM_CM4F/port.c.obj
                0x1fff84d8                xPortStartScheduler
 .text.vPortYield
                0x1fff85a8       0x24 CMakeFiles/main.dir/home/pjtexier/Bureau/freertos-warp7/rtos/FreeRTOS/Source/portable/GCC/ARM_CM4F/port.c.obj
                0x1fff85a8                vPortYield
 .text.vPortEnterCritical
                0x1fff85cc       0x24 CMakeFiles/main.dir/home/pjtexier/Bureau/freertos-warp7/rtos/FreeRTOS/Source/portable/GCC/ARM_CM4F/port.c.obj
                0x1fff85cc                vPortEnterCritical
 .text.vPortExitCritical
                0x1fff85f0       0x34 CMakeFiles/main.dir/home/pjtexier/Bureau/freertos-warp7/rtos/FreeRTOS/Source/portable/GCC/ARM_CM4F/port.c.obj
                0x1fff85f0                vPortExitCritical
 .text.ulPortSetInterruptMask
                0x1fff8624       0x14 CMakeFiles/main.dir/home/pjtexier/Bureau/freertos-warp7/rtos/FreeRTOS/Source/portable/GCC/ARM_CM4F/port.c.obj
                0x1fff8624                ulPortSetInterruptMask
 .text.vPortClearInterruptMask
                0x1fff8638        0x8 CMakeFiles/main.dir/home/pjtexier/Bureau/freertos-warp7/rtos/FreeRTOS/Source/portable/GCC/ARM_CM4F/port.c.obj
                0x1fff8638                vPortClearInterruptMask
 .text.PendSV_Handler
                0x1fff8640       0x5c CMakeFiles/main.dir/home/pjtexier/Bureau/freertos-warp7/rtos/FreeRTOS/Source/portable/GCC/ARM_CM4F/port.c.obj
                0x1fff8640                PendSV_Handler
 .text.SysTick_Handler
                0x1fff869c       0x28 CMakeFiles/main.dir/home/pjtexier/Bureau/freertos-warp7/rtos/FreeRTOS/Source/portable/GCC/ARM_CM4F/port.c.obj
                0x1fff869c                SysTick_Handler
 .text.vPortSetupTimerInterrupt
                0x1fff86c4       0x28 CMakeFiles/main.dir/home/pjtexier/Bureau/freertos-warp7/rtos/FreeRTOS/Source/portable/GCC/ARM_CM4F/port.c.obj
                0x1fff86c4                vPortSetupTimerInterrupt
 .text.vPortEnableVFP
                0x1fff86ec       0x14 CMakeFiles/main.dir/home/pjtexier/Bureau/freertos-warp7/rtos/FreeRTOS/Source/portable/GCC/ARM_CM4F/port.c.obj
 .text.vPortValidateInterruptPriority
                0x1fff8700       0x5c CMakeFiles/main.dir/home/pjtexier/Bureau/freertos-warp7/rtos/FreeRTOS/Source/portable/GCC/ARM_CM4F/port.c.obj
                0x1fff8700                vPortValidateInterruptPriority
 .text.pvPortMalloc
                0x1fff875c      0x11c CMakeFiles/main.dir/home/pjtexier/Bureau/freertos-warp7/rtos/FreeRTOS/Source/portable/MemMang/heap_2.c.obj
                0x1fff875c                pvPortMalloc
 .text.vPortFree
                0x1fff8878       0x74 CMakeFiles/main.dir/home/pjtexier/Bureau/freertos-warp7/rtos/FreeRTOS/Source/portable/MemMang/heap_2.c.obj
                0x1fff8878                vPortFree
 .text.prvHeapInit
                0x1fff88ec       0x54 CMakeFiles/main.dir/home/pjtexier/Bureau/freertos-warp7/rtos/FreeRTOS/Source/portable/MemMang/heap_2.c.obj
 .text.NVIC_EnableIRQ
                0x1fff8940       0x34 CMakeFiles/main.dir/home/pjtexier/Bureau/freertos-warp7/examples/imx7s_warp_m4/demo_apps/rpmsg/air-quality-click/main.c.obj
 .text.NVIC_SetPriority
                0x1fff8974       0x54 CMakeFiles/main.dir/home/pjtexier/Bureau/freertos-warp7/examples/imx7s_warp_m4/demo_apps/rpmsg/air-quality-click/main.c.obj
 .text.MU_Init  0x1fff89c8       0x24 CMakeFiles/main.dir/home/pjtexier/Bureau/freertos-warp7/examples/imx7s_warp_m4/demo_apps/rpmsg/air-quality-click/main.c.obj
 .text.I2C_Enable
                0x1fff89ec       0x24 CMakeFiles/main.dir/home/pjtexier/Bureau/freertos-warp7/examples/imx7s_warp_m4/demo_apps/rpmsg/air-quality-click/main.c.obj
 .text.readFromSensor
                0x1fff8a10       0x14 CMakeFiles/main.dir/home/pjtexier/Bureau/freertos-warp7/examples/imx7s_warp_m4/demo_apps/rpmsg/air-quality-click/main.c.obj
 .text.GPIO_Ctrl_InitLEDPin
                0x1fff8a24       0x3c CMakeFiles/main.dir/home/pjtexier/Bureau/freertos-warp7/examples/imx7s_warp_m4/demo_apps/rpmsg/air-quality-click/main.c.obj
 .text.GPIO_LED_Toggle
                0x1fff8a60       0x38 CMakeFiles/main.dir/home/pjtexier/Bureau/freertos-warp7/examples/imx7s_warp_m4/demo_apps/rpmsg/air-quality-click/main.c.obj
 .text.heartBeatTask
                0x1fff8a98       0x1c CMakeFiles/main.dir/home/pjtexier/Bureau/freertos-warp7/examples/imx7s_warp_m4/demo_apps/rpmsg/air-quality-click/main.c.obj
 .text.commandTask
                0x1fff8ab4      0x2c8 CMakeFiles/main.dir/home/pjtexier/Bureau/freertos-warp7/examples/imx7s_warp_m4/demo_apps/rpmsg/air-quality-click/main.c.obj
 .text.MU_M4_Handler
                0x1fff8d7c        0xc CMakeFiles/main.dir/home/pjtexier/Bureau/freertos-warp7/examples/imx7s_warp_m4/demo_apps/rpmsg/air-quality-click/main.c.obj
                0x1fff8d7c                MU_M4_Handler
 .text.main     0x1fff8d88       0xd0 CMakeFiles/main.dir/home/pjtexier/Bureau/freertos-warp7/examples/imx7s_warp_m4/demo_apps/rpmsg/air-quality-click/main.c.obj
                0x1fff8d88                main
 .text.I2C_SendRepeatStart
                0x1fff8e58       0x24 CMakeFiles/main.dir/home/pjtexier/Bureau/freertos-warp7/examples/imx7s_warp_m4/demo_apps/rpmsg/air-quality-click/common/air-quality-click.c.obj
 .text.I2C_SetWorkMode
                0x1fff8e7c       0x50 CMakeFiles/main.dir/home/pjtexier/Bureau/freertos-warp7/examples/imx7s_warp_m4/demo_apps/rpmsg/air-quality-click/common/air-quality-click.c.obj
 .text.I2C_SetDirMode
                0x1fff8ecc       0x50 CMakeFiles/main.dir/home/pjtexier/Bureau/freertos-warp7/examples/imx7s_warp_m4/demo_apps/rpmsg/air-quality-click/common/air-quality-click.c.obj
 .text.I2C_WriteByte
                0x1fff8f1c       0x20 CMakeFiles/main.dir/home/pjtexier/Bureau/freertos-warp7/examples/imx7s_warp_m4/demo_apps/rpmsg/air-quality-click/common/air-quality-click.c.obj
 .text.I2C_ReadByte
                0x1fff8f3c       0x1c CMakeFiles/main.dir/home/pjtexier/Bureau/freertos-warp7/examples/imx7s_warp_m4/demo_apps/rpmsg/air-quality-click/common/air-quality-click.c.obj
 .text.I2C_GetStatusFlag
                0x1fff8f58       0x24 CMakeFiles/main.dir/home/pjtexier/Bureau/freertos-warp7/examples/imx7s_warp_m4/demo_apps/rpmsg/air-quality-click/common/air-quality-click.c.obj
 .text.I2C_ClearStatusFlag
                0x1fff8f7c       0x2c CMakeFiles/main.dir/home/pjtexier/Bureau/freertos-warp7/examples/imx7s_warp_m4/demo_apps/rpmsg/air-quality-click/common/air-quality-click.c.obj
 .text.IAQ_ReadData
                0x1fff8fa8       0x88 CMakeFiles/main.dir/home/pjtexier/Bureau/freertos-warp7/examples/imx7s_warp_m4/demo_apps/rpmsg/air-quality-click/common/air-quality-click.c.obj
                0x1fff8fa8                IAQ_ReadData
 .text.I2C_MasterReceiveDataPolling
                0x1fff9030      0x198 CMakeFiles/main.dir/home/pjtexier/Bureau/freertos-warp7/examples/imx7s_warp_m4/demo_apps/rpmsg/air-quality-click/common/air-quality-click.c.obj
                0x1fff9030                I2C_MasterReceiveDataPolling
 .text.RDC_SEMAPHORE_GetGate
                0x1fff91c8       0x3c CMakeFiles/main.dir/home/pjtexier/Bureau/freertos-warp7/platform/drivers/src/rdc_semaphore.c.obj
 .text.RDC_SEMAPHORE_Lock
                0x1fff9204       0x4c CMakeFiles/main.dir/home/pjtexier/Bureau/freertos-warp7/platform/drivers/src/rdc_semaphore.c.obj
                0x1fff9204                RDC_SEMAPHORE_Lock
 .text.RDC_SEMAPHORE_Unlock
                0x1fff9250       0x28 CMakeFiles/main.dir/home/pjtexier/Bureau/freertos-warp7/platform/drivers/src/rdc_semaphore.c.obj
                0x1fff9250                RDC_SEMAPHORE_Unlock
 .text.rpmsg_channel_created_rtos
                0x1fff9278       0x74 CMakeFiles/main.dir/home/pjtexier/Bureau/freertos-warp7/middleware/multicore/open-amp/rpmsg/rpmsg_rtos.c.obj
 .text.rpmsg_channel_deleted_rtos
                0x1fff92ec       0x38 CMakeFiles/main.dir/home/pjtexier/Bureau/freertos-warp7/middleware/multicore/open-amp/rpmsg/rpmsg_rtos.c.obj
 .text.rpmsg_read_rtos_cb
                0x1fff9324       0x74 CMakeFiles/main.dir/home/pjtexier/Bureau/freertos-warp7/middleware/multicore/open-amp/rpmsg/rpmsg_rtos.c.obj
 .text.rpmsg_rtos_init
                0x1fff9398      0x114 CMakeFiles/main.dir/home/pjtexier/Bureau/freertos-warp7/middleware/multicore/open-amp/rpmsg/rpmsg_rtos.c.obj
                0x1fff9398                rpmsg_rtos_init
 .text.rpmsg_rtos_recv_nocopy
                0x1fff94ac       0x8c CMakeFiles/main.dir/home/pjtexier/Bureau/freertos-warp7/middleware/multicore/open-amp/rpmsg/rpmsg_rtos.c.obj
                0x1fff94ac                rpmsg_rtos_recv_nocopy
 .text.rpmsg_rtos_recv_nocopy_free
                0x1fff9538       0x54 CMakeFiles/main.dir/home/pjtexier/Bureau/freertos-warp7/middleware/multicore/open-amp/rpmsg/rpmsg_rtos.c.obj
                0x1fff9538                rpmsg_rtos_recv_nocopy_free
 .text.rpmsg_rtos_alloc_tx_buffer
                0x1fff958c       0x50 CMakeFiles/main.dir/home/pjtexier/Bureau/freertos-warp7/middleware/multicore/open-amp/rpmsg/rpmsg_rtos.c.obj
                0x1fff958c                rpmsg_rtos_alloc_tx_buffer
 .text.rpmsg_rtos_send_nocopy
                0x1fff95dc       0x60 CMakeFiles/main.dir/home/pjtexier/Bureau/freertos-warp7/middleware/multicore/open-amp/rpmsg/rpmsg_rtos.c.obj
                0x1fff95dc                rpmsg_rtos_send_nocopy
 .text.NVIC_EnableIRQ
                0x1fff963c       0x34 CMakeFiles/main.dir/home/pjtexier/Bureau/freertos-warp7/middleware/multicore/open-amp/porting/imx7d_m4/platform.c.obj
 .text.NVIC_DisableIRQ
                0x1fff9670       0x34 CMakeFiles/main.dir/home/pjtexier/Bureau/freertos-warp7/middleware/multicore/open-amp/porting/imx7d_m4/platform.c.obj
 .text.MU_EnableRxFullInt
                0x1fff96a4       0x30 CMakeFiles/main.dir/home/pjtexier/Bureau/freertos-warp7/middleware/multicore/open-amp/porting/imx7d_m4/platform.c.obj
 .text._enable_interrupt
                0x1fff96d4       0x30 CMakeFiles/main.dir/home/pjtexier/Bureau/freertos-warp7/middleware/multicore/open-amp/porting/imx7d_m4/platform.c.obj
 .text._notify  0x1fff9704       0x28 CMakeFiles/main.dir/home/pjtexier/Bureau/freertos-warp7/middleware/multicore/open-amp/porting/imx7d_m4/platform.c.obj
 .text._boot_cpu
                0x1fff972c       0x24 CMakeFiles/main.dir/home/pjtexier/Bureau/freertos-warp7/middleware/multicore/open-amp/porting/imx7d_m4/platform.c.obj
 .text._shutdown_cpu
                0x1fff9750       0x20 CMakeFiles/main.dir/home/pjtexier/Bureau/freertos-warp7/middleware/multicore/open-amp/porting/imx7d_m4/platform.c.obj
 .text.rpmsg_handler
                0x1fff9770       0x34 CMakeFiles/main.dir/home/pjtexier/Bureau/freertos-warp7/middleware/multicore/open-amp/porting/imx7d_m4/platform.c.obj
                0x1fff9770                rpmsg_handler
 .text.platform_isr
                0x1fff97a4       0x18 CMakeFiles/main.dir/home/pjtexier/Bureau/freertos-warp7/middleware/multicore/open-amp/porting/imx7d_m4/platform.c.obj
                0x1fff97a4                platform_isr
 .text.platform_in_isr
                0x1fff97bc       0x24 CMakeFiles/main.dir/home/pjtexier/Bureau/freertos-warp7/middleware/multicore/open-amp/porting/imx7d_m4/platform.c.obj
                0x1fff97bc                platform_in_isr
 .text.platform_interrupt_enable
                0x1fff97e0       0x90 CMakeFiles/main.dir/home/pjtexier/Bureau/freertos-warp7/middleware/multicore/open-amp/porting/imx7d_m4/platform.c.obj
                0x1fff97e0                platform_interrupt_enable
 .text.platform_interrupt_disable
                0x1fff9870       0x98 CMakeFiles/main.dir/home/pjtexier/Bureau/freertos-warp7/middleware/multicore/open-amp/porting/imx7d_m4/platform.c.obj
                0x1fff9870                platform_interrupt_disable
 .text.platform_interrupt_enable_all
                0x1fff9908       0x48 CMakeFiles/main.dir/home/pjtexier/Bureau/freertos-warp7/middleware/multicore/open-amp/porting/imx7d_m4/platform.c.obj
                0x1fff9908                platform_interrupt_enable_all
 .text.platform_interrupt_disable_all
                0x1fff9950       0x44 CMakeFiles/main.dir/home/pjtexier/Bureau/freertos-warp7/middleware/multicore/open-amp/porting/imx7d_m4/platform.c.obj
                0x1fff9950                platform_interrupt_disable_all
 .text.platform_map_mem_region
                0x1fff9994       0x1c CMakeFiles/main.dir/home/pjtexier/Bureau/freertos-warp7/middleware/multicore/open-amp/porting/imx7d_m4/platform.c.obj
                0x1fff9994                platform_map_mem_region
 .text.platform_vatopa
                0x1fff99b0       0x18 CMakeFiles/main.dir/home/pjtexier/Bureau/freertos-warp7/middleware/multicore/open-amp/porting/imx7d_m4/platform.c.obj
                0x1fff99b0                platform_vatopa
 .text.platform_patova
                0x1fff99c8       0x18 CMakeFiles/main.dir/home/pjtexier/Bureau/freertos-warp7/middleware/multicore/open-amp/porting/imx7d_m4/platform.c.obj
                0x1fff99c8                platform_patova
 .text.platform_init
                0x1fff99e0       0x10 CMakeFiles/main.dir/home/pjtexier/Bureau/freertos-warp7/middleware/multicore/open-amp/porting/imx7d_m4/platform.c.obj
                0x1fff99e0                platform_init
 .text.platform_deinit
                0x1fff99f0       0x10 CMakeFiles/main.dir/home/pjtexier/Bureau/freertos-warp7/middleware/multicore/open-amp/porting/imx7d_m4/platform.c.obj
                0x1fff99f0                platform_deinit
 .text.platform_get_processor_info
                0x1fff9a00       0x68 CMakeFiles/main.dir/home/pjtexier/Bureau/freertos-warp7/middleware/multicore/open-amp/porting/imx7d_m4/platform_info.c.obj
                0x1fff9a00                platform_get_processor_info
 .text.hil_create_proc
                0x1fff9a68       0xb0 CMakeFiles/main.dir/home/pjtexier/Bureau/freertos-warp7/middleware/multicore/open-amp/common/hil/hil.c.obj
                0x1fff9a68                hil_create_proc
 .text.hil_isr  0x1fff9b18       0x1c CMakeFiles/main.dir/home/pjtexier/Bureau/freertos-warp7/middleware/multicore/open-amp/common/hil/hil.c.obj
                0x1fff9b18                hil_isr
 .text.hil_get_chnl_info
                0x1fff9b34       0x24 CMakeFiles/main.dir/home/pjtexier/Bureau/freertos-warp7/middleware/multicore/open-amp/common/hil/hil.c.obj
                0x1fff9b34                hil_get_chnl_info
 .text.hil_get_vring_info
                0x1fff9b58       0x24 CMakeFiles/main.dir/home/pjtexier/Bureau/freertos-warp7/middleware/multicore/open-amp/common/hil/hil.c.obj
                0x1fff9b58                hil_get_vring_info
 .text.hil_get_shm_info
                0x1fff9b7c       0x18 CMakeFiles/main.dir/home/pjtexier/Bureau/freertos-warp7/middleware/multicore/open-amp/common/hil/hil.c.obj
                0x1fff9b7c                hil_get_shm_info
 .text.hil_enable_vring_notifications
                0x1fff9b94       0x48 CMakeFiles/main.dir/home/pjtexier/Bureau/freertos-warp7/middleware/multicore/open-amp/common/hil/hil.c.obj
                0x1fff9b94                hil_enable_vring_notifications
 .text.hil_vring_notify
                0x1fff9bdc       0x4c CMakeFiles/main.dir/home/pjtexier/Bureau/freertos-warp7/middleware/multicore/open-amp/common/hil/hil.c.obj
                0x1fff9bdc                hil_vring_notify
 .text.hil_get_status
                0x1fff9c28       0x18 CMakeFiles/main.dir/home/pjtexier/Bureau/freertos-warp7/middleware/multicore/open-amp/common/hil/hil.c.obj
                0x1fff9c28                hil_get_status
 .text.hil_set_status
                0x1fff9c40       0x18 CMakeFiles/main.dir/home/pjtexier/Bureau/freertos-warp7/middleware/multicore/open-amp/common/hil/hil.c.obj
                0x1fff9c40                hil_set_status
 .text.add_to_list
                0x1fff9c58       0x5c CMakeFiles/main.dir/home/pjtexier/Bureau/freertos-warp7/middleware/multicore/open-amp/common/llist/llist.c.obj
                0x1fff9c58                add_to_list
 .text.remove_from_list
                0x1fff9cb4       0x64 CMakeFiles/main.dir/home/pjtexier/Bureau/freertos-warp7/middleware/multicore/open-amp/common/llist/llist.c.obj
                0x1fff9cb4                remove_from_list
 .text.sh_mem_create_pool
                0x1fff9d18       0xe4 CMakeFiles/main.dir/home/pjtexier/Bureau/freertos-warp7/middleware/multicore/open-amp/common/shm/sh_mem.c.obj
                0x1fff9d18                sh_mem_create_pool
 .text.sh_mem_get_buffer
                0x1fff9dfc       0xc8 CMakeFiles/main.dir/home/pjtexier/Bureau/freertos-warp7/middleware/multicore/open-amp/common/shm/sh_mem.c.obj
                0x1fff9dfc                sh_mem_get_buffer
 .text.sh_mem_free_buffer
                0x1fff9ec4       0x94 CMakeFiles/main.dir/home/pjtexier/Bureau/freertos-warp7/middleware/multicore/open-amp/common/shm/sh_mem.c.obj
                0x1fff9ec4                sh_mem_free_buffer
 .text.sh_mem_delete_pool
                0x1fff9f58       0x28 CMakeFiles/main.dir/home/pjtexier/Bureau/freertos-warp7/middleware/multicore/open-amp/common/shm/sh_mem.c.obj
                0x1fff9f58                sh_mem_delete_pool
 .text.get_first_zero_bit
                0x1fff9f80       0x74 CMakeFiles/main.dir/home/pjtexier/Bureau/freertos-warp7/middleware/multicore/open-amp/common/shm/sh_mem.c.obj
                0x1fff9f80                get_first_zero_bit
 .text.vring_size
                0x1fff9ff4       0x48 CMakeFiles/main.dir/home/pjtexier/Bureau/freertos-warp7/middleware/multicore/open-amp/rpmsg/remote_device.c.obj
 .text.rpmsg_rdev_init
                0x1fffa03c      0x100 CMakeFiles/main.dir/home/pjtexier/Bureau/freertos-warp7/middleware/multicore/open-amp/rpmsg/remote_device.c.obj
                0x1fffa03c                rpmsg_rdev_init
 .text.rpmsg_rdev_deinit
                0x1fffa13c       0xdc CMakeFiles/main.dir/home/pjtexier/Bureau/freertos-warp7/middleware/multicore/open-amp/rpmsg/remote_device.c.obj
                0x1fffa13c                rpmsg_rdev_deinit
 .text.rpmsg_rdev_get_chnl_node_from_id
                0x1fffa218       0x64 CMakeFiles/main.dir/home/pjtexier/Bureau/freertos-warp7/middleware/multicore/open-amp/rpmsg/remote_device.c.obj
                0x1fffa218                rpmsg_rdev_get_chnl_node_from_id
 .text.rpmsg_rdev_get_endpoint_from_addr
                0x1fffa27c       0x5c CMakeFiles/main.dir/home/pjtexier/Bureau/freertos-warp7/middleware/multicore/open-amp/rpmsg/remote_device.c.obj
                0x1fffa27c                rpmsg_rdev_get_endpoint_from_addr
 .text.rpmsg_rdev_notify
                0x1fffa2d8       0x54 CMakeFiles/main.dir/home/pjtexier/Bureau/freertos-warp7/middleware/multicore/open-amp/rpmsg/remote_device.c.obj
                0x1fffa2d8                rpmsg_rdev_notify
 .text.rpmsg_rdev_init_channels
                0x1fffa32c       0x90 CMakeFiles/main.dir/home/pjtexier/Bureau/freertos-warp7/middleware/multicore/open-amp/rpmsg/remote_device.c.obj
 .text.rpmsg_rdev_create_virtqueues
                0x1fffa3bc      0x1a0 CMakeFiles/main.dir/home/pjtexier/Bureau/freertos-warp7/middleware/multicore/open-amp/rpmsg/remote_device.c.obj
                0x1fffa3bc                rpmsg_rdev_create_virtqueues
 .text.rpmsg_rdev_get_status
                0x1fffa55c       0x18 CMakeFiles/main.dir/home/pjtexier/Bureau/freertos-warp7/middleware/multicore/open-amp/rpmsg/remote_device.c.obj
                0x1fffa55c                rpmsg_rdev_get_status
 .text.rpmsg_rdev_set_status
                0x1fffa574       0x18 CMakeFiles/main.dir/home/pjtexier/Bureau/freertos-warp7/middleware/multicore/open-amp/rpmsg/remote_device.c.obj
                0x1fffa574                rpmsg_rdev_set_status
 .text.rpmsg_rdev_get_feature
                0x1fffa58c       0x18 CMakeFiles/main.dir/home/pjtexier/Bureau/freertos-warp7/middleware/multicore/open-amp/rpmsg/remote_device.c.obj
                0x1fffa58c                rpmsg_rdev_get_feature
 .text.rpmsg_rdev_set_feature
                0x1fffa5a4       0x24 CMakeFiles/main.dir/home/pjtexier/Bureau/freertos-warp7/middleware/multicore/open-amp/rpmsg/remote_device.c.obj
                0x1fffa5a4                rpmsg_rdev_set_feature
 .text.rpmsg_rdev_negotiate_feature
                0x1fffa5c8       0x18 CMakeFiles/main.dir/home/pjtexier/Bureau/freertos-warp7/middleware/multicore/open-amp/rpmsg/remote_device.c.obj
                0x1fffa5c8                rpmsg_rdev_negotiate_feature
 .text.rpmsg_rdev_read_config
                0x1fffa5e0       0x1c CMakeFiles/main.dir/home/pjtexier/Bureau/freertos-warp7/middleware/multicore/open-amp/rpmsg/remote_device.c.obj
                0x1fffa5e0                rpmsg_rdev_read_config
 .text.rpmsg_rdev_write_config
                0x1fffa5fc       0x1c CMakeFiles/main.dir/home/pjtexier/Bureau/freertos-warp7/middleware/multicore/open-amp/rpmsg/remote_device.c.obj
                0x1fffa5fc                rpmsg_rdev_write_config
 .text.rpmsg_rdev_reset
                0x1fffa618       0x14 CMakeFiles/main.dir/home/pjtexier/Bureau/freertos-warp7/middleware/multicore/open-amp/rpmsg/remote_device.c.obj
                0x1fffa618                rpmsg_rdev_reset
 .text.rpmsg_init
                0x1fffa62c       0x5c CMakeFiles/main.dir/home/pjtexier/Bureau/freertos-warp7/middleware/multicore/open-amp/rpmsg/rpmsg.c.obj
                0x1fffa62c                rpmsg_init
 .text.rpmsg_deinit
                0x1fffa688       0x20 CMakeFiles/main.dir/home/pjtexier/Bureau/freertos-warp7/middleware/multicore/open-amp/rpmsg/rpmsg.c.obj
                0x1fffa688                rpmsg_deinit
 .text.rpmsg_send_offchannel_raw
                0x1fffa6a8      0x1c4 CMakeFiles/main.dir/home/pjtexier/Bureau/freertos-warp7/middleware/multicore/open-amp/rpmsg/rpmsg.c.obj
                0x1fffa6a8                rpmsg_send_offchannel_raw
 .text.rpmsg_create_ept
                0x1fffa86c       0x50 CMakeFiles/main.dir/home/pjtexier/Bureau/freertos-warp7/middleware/multicore/open-amp/rpmsg/rpmsg.c.obj
                0x1fffa86c                rpmsg_create_ept
 .text.rpmsg_destroy_ept
                0x1fffa8bc       0x2c CMakeFiles/main.dir/home/pjtexier/Bureau/freertos-warp7/middleware/multicore/open-amp/rpmsg/rpmsg.c.obj
                0x1fffa8bc                rpmsg_destroy_ept
 .text.rpmsg_hold_rx_buffer
                0x1fffa8e8       0x3c CMakeFiles/main.dir/home/pjtexier/Bureau/freertos-warp7/middleware/multicore/open-amp/rpmsg/rpmsg_ext.c.obj
                0x1fffa8e8                rpmsg_hold_rx_buffer
 .text.rpmsg_release_rx_buffer
                0x1fffa924       0x64 CMakeFiles/main.dir/home/pjtexier/Bureau/freertos-warp7/middleware/multicore/open-amp/rpmsg/rpmsg_ext.c.obj
                0x1fffa924                rpmsg_release_rx_buffer
 .text.rpmsg_alloc_tx_buffer
                0x1fffa988       0xcc CMakeFiles/main.dir/home/pjtexier/Bureau/freertos-warp7/middleware/multicore/open-amp/rpmsg/rpmsg_ext.c.obj
                0x1fffa988                rpmsg_alloc_tx_buffer
 .text.rpmsg_send_offchannel_nocopy
                0x1fffaa54       0xa0 CMakeFiles/main.dir/home/pjtexier/Bureau/freertos-warp7/middleware/multicore/open-amp/rpmsg/rpmsg_ext.c.obj
                0x1fffaa54                rpmsg_send_offchannel_nocopy
 .text.rpmsg_send
                0x1fffaaf4       0x44 CMakeFiles/main.dir/home/pjtexier/Bureau/freertos-warp7/middleware/multicore/open-amp/rpmsg/rpmsg_core.c.obj
 .text.rpmsg_start_ipc
                0x1fffab38      0x114 CMakeFiles/main.dir/home/pjtexier/Bureau/freertos-warp7/middleware/multicore/open-amp/rpmsg/rpmsg_core.c.obj
                0x1fffab38                rpmsg_start_ipc
 .text._rpmsg_create_channel
                0x1fffac4c       0x8c CMakeFiles/main.dir/home/pjtexier/Bureau/freertos-warp7/middleware/multicore/open-amp/rpmsg/rpmsg_core.c.obj
                0x1fffac4c                _rpmsg_create_channel
 .text._rpmsg_delete_channel
                0x1fffacd8       0x60 CMakeFiles/main.dir/home/pjtexier/Bureau/freertos-warp7/middleware/multicore/open-amp/rpmsg/rpmsg_core.c.obj
                0x1fffacd8                _rpmsg_delete_channel
 .text._create_endpoint
                0x1fffad38       0xf0 CMakeFiles/main.dir/home/pjtexier/Bureau/freertos-warp7/middleware/multicore/open-amp/rpmsg/rpmsg_core.c.obj
                0x1fffad38                _create_endpoint
 .text._destroy_endpoint
                0x1fffae28       0x64 CMakeFiles/main.dir/home/pjtexier/Bureau/freertos-warp7/middleware/multicore/open-amp/rpmsg/rpmsg_core.c.obj
                0x1fffae28                _destroy_endpoint
 .text.rpmsg_send_ns_message
                0x1fffae8c       0xa8 CMakeFiles/main.dir/home/pjtexier/Bureau/freertos-warp7/middleware/multicore/open-amp/rpmsg/rpmsg_core.c.obj
                0x1fffae8c                rpmsg_send_ns_message
 .text.rpmsg_enqueue_buffer
                0x1fffaf34       0x58 CMakeFiles/main.dir/home/pjtexier/Bureau/freertos-warp7/middleware/multicore/open-amp/rpmsg/rpmsg_core.c.obj
                0x1fffaf34                rpmsg_enqueue_buffer
 .text.rpmsg_return_buffer
                0x1fffaf8c       0x54 CMakeFiles/main.dir/home/pjtexier/Bureau/freertos-warp7/middleware/multicore/open-amp/rpmsg/rpmsg_core.c.obj
                0x1fffaf8c                rpmsg_return_buffer
 .text.rpmsg_get_tx_buffer
                0x1fffafe0       0x60 CMakeFiles/main.dir/home/pjtexier/Bureau/freertos-warp7/middleware/multicore/open-amp/rpmsg/rpmsg_core.c.obj
                0x1fffafe0                rpmsg_get_tx_buffer
 .text.rpmsg_get_rx_buffer
                0x1fffb040       0x44 CMakeFiles/main.dir/home/pjtexier/Bureau/freertos-warp7/middleware/multicore/open-amp/rpmsg/rpmsg_core.c.obj
                0x1fffb040                rpmsg_get_rx_buffer
 .text.rpmsg_free_buffer
                0x1fffb084       0x28 CMakeFiles/main.dir/home/pjtexier/Bureau/freertos-warp7/middleware/multicore/open-amp/rpmsg/rpmsg_core.c.obj
                0x1fffb084                rpmsg_free_buffer
 .text.rpmsg_tx_callback
                0x1fffb0ac       0x6c CMakeFiles/main.dir/home/pjtexier/Bureau/freertos-warp7/middleware/multicore/open-amp/rpmsg/rpmsg_core.c.obj
 .text.rpmsg_rx_callback
                0x1fffb118      0x178 CMakeFiles/main.dir/home/pjtexier/Bureau/freertos-warp7/middleware/multicore/open-amp/rpmsg/rpmsg_core.c.obj
 .text.rpmsg_ns_callback
                0x1fffb290       0xcc CMakeFiles/main.dir/home/pjtexier/Bureau/freertos-warp7/middleware/multicore/open-amp/rpmsg/rpmsg_core.c.obj
                0x1fffb290                rpmsg_ns_callback
 .text.rpmsg_get_address
                0x1fffb35c       0x74 CMakeFiles/main.dir/home/pjtexier/Bureau/freertos-warp7/middleware/multicore/open-amp/rpmsg/rpmsg_core.c.obj
                0x1fffb35c                rpmsg_get_address
 .text.rpmsg_release_address
                0x1fffb3d0       0x78 CMakeFiles/main.dir/home/pjtexier/Bureau/freertos-warp7/middleware/multicore/open-amp/rpmsg/rpmsg_core.c.obj
                0x1fffb3d0                rpmsg_release_address
 .text.rpmsg_is_address_set
                0x1fffb448       0x68 CMakeFiles/main.dir/home/pjtexier/Bureau/freertos-warp7/middleware/multicore/open-amp/rpmsg/rpmsg_core.c.obj
                0x1fffb448                rpmsg_is_address_set
 .text.rpmsg_set_address
                0x1fffb4b0       0x74 CMakeFiles/main.dir/home/pjtexier/Bureau/freertos-warp7/middleware/multicore/open-amp/rpmsg/rpmsg_core.c.obj
                0x1fffb4b0                rpmsg_set_address
 .text.vring_size
                0x1fffb524       0x48 CMakeFiles/main.dir/home/pjtexier/Bureau/freertos-warp7/middleware/multicore/open-amp/virtio/virtqueue.c.obj
 .text.vring_init
                0x1fffb56c       0x54 CMakeFiles/main.dir/home/pjtexier/Bureau/freertos-warp7/middleware/multicore/open-amp/virtio/virtqueue.c.obj
 .text.vring_need_event
                0x1fffb5c0       0x3c CMakeFiles/main.dir/home/pjtexier/Bureau/freertos-warp7/middleware/multicore/open-amp/virtio/virtqueue.c.obj
 .text.virtqueue_create
                0x1fffb5fc       0xcc CMakeFiles/main.dir/home/pjtexier/Bureau/freertos-warp7/middleware/multicore/open-amp/virtio/virtqueue.c.obj
                0x1fffb5fc                virtqueue_create
 .text.virtqueue_add_buffer
                0x1fffb6c8       0x90 CMakeFiles/main.dir/home/pjtexier/Bureau/freertos-warp7/middleware/multicore/open-amp/virtio/virtqueue.c.obj
                0x1fffb6c8                virtqueue_add_buffer
 .text.virtqueue_get_buffer
                0x1fffb758       0x9c CMakeFiles/main.dir/home/pjtexier/Bureau/freertos-warp7/middleware/multicore/open-amp/virtio/virtqueue.c.obj
                0x1fffb758                virtqueue_get_buffer
 .text.virtqueue_free
                0x1fffb7f4       0x30 CMakeFiles/main.dir/home/pjtexier/Bureau/freertos-warp7/middleware/multicore/open-amp/virtio/virtqueue.c.obj
                0x1fffb7f4                virtqueue_free
 .text.virtqueue_get_available_buffer
                0x1fffb824       0x90 CMakeFiles/main.dir/home/pjtexier/Bureau/freertos-warp7/middleware/multicore/open-amp/virtio/virtqueue.c.obj
                0x1fffb824                virtqueue_get_available_buffer
 .text.virtqueue_add_consumed_buffer
                0x1fffb8b4       0x70 CMakeFiles/main.dir/home/pjtexier/Bureau/freertos-warp7/middleware/multicore/open-amp/virtio/virtqueue.c.obj
                0x1fffb8b4                virtqueue_add_consumed_buffer
 .text.virtqueue_disable_cb
                0x1fffb924       0x58 CMakeFiles/main.dir/home/pjtexier/Bureau/freertos-warp7/middleware/multicore/open-amp/virtio/virtqueue.c.obj
                0x1fffb924                virtqueue_disable_cb
 .text.virtqueue_kick
                0x1fffb97c       0x30 CMakeFiles/main.dir/home/pjtexier/Bureau/freertos-warp7/middleware/multicore/open-amp/virtio/virtqueue.c.obj
                0x1fffb97c                virtqueue_kick
 .text.vq_ring_add_buffer
                0x1fffb9ac       0xa8 CMakeFiles/main.dir/home/pjtexier/Bureau/freertos-warp7/middleware/multicore/open-amp/virtio/virtqueue.c.obj
 .text.vq_ring_free_chain
                0x1fffba54       0x98 CMakeFiles/main.dir/home/pjtexier/Bureau/freertos-warp7/middleware/multicore/open-amp/virtio/virtqueue.c.obj
 .text.vq_ring_init
                0x1fffbaec       0x6c CMakeFiles/main.dir/home/pjtexier/Bureau/freertos-warp7/middleware/multicore/open-amp/virtio/virtqueue.c.obj
 .text.vq_ring_update_avail
                0x1fffbb58       0x5c CMakeFiles/main.dir/home/pjtexier/Bureau/freertos-warp7/middleware/multicore/open-amp/virtio/virtqueue.c.obj
 .text.virtqueue_notification
                0x1fffbbb4       0x20 CMakeFiles/main.dir/home/pjtexier/Bureau/freertos-warp7/middleware/multicore/open-amp/virtio/virtqueue.c.obj
                0x1fffbbb4                virtqueue_notification
 .text.vq_ring_must_notify_host
                0x1fffbbd4       0x70 CMakeFiles/main.dir/home/pjtexier/Bureau/freertos-warp7/middleware/multicore/open-amp/virtio/virtqueue.c.obj
 .text.vq_ring_notify_host
                0x1fffbc44       0x20 CMakeFiles/main.dir/home/pjtexier/Bureau/freertos-warp7/middleware/multicore/open-amp/virtio/virtqueue.c.obj
 .text.env_in_isr
                0x1fffbc64       0x10 CMakeFiles/main.dir/home/pjtexier/Bureau/freertos-warp7/middleware/multicore/open-amp/porting/env/freertos/rpmsg_porting.c.obj
                0x1fffbc64                env_in_isr
 .text.env_init
                0x1fffbc74       0x64 CMakeFiles/main.dir/home/pjtexier/Bureau/freertos-warp7/middleware/multicore/open-amp/porting/env/freertos/rpmsg_porting.c.obj
                0x1fffbc74                env_init
 .text.env_deinit
                0x1fffbcd8       0x64 CMakeFiles/main.dir/home/pjtexier/Bureau/freertos-warp7/middleware/multicore/open-amp/porting/env/freertos/rpmsg_porting.c.obj
                0x1fffbcd8                env_deinit
 .text.env_allocate_memory
                0x1fffbd3c       0x18 CMakeFiles/main.dir/home/pjtexier/Bureau/freertos-warp7/middleware/multicore/open-amp/porting/env/freertos/rpmsg_porting.c.obj
                0x1fffbd3c                env_allocate_memory
 .text.env_free_memory
                0x1fffbd54       0x18 CMakeFiles/main.dir/home/pjtexier/Bureau/freertos-warp7/middleware/multicore/open-amp/porting/env/freertos/rpmsg_porting.c.obj
                0x1fffbd54                env_free_memory
 .text.env_memset
                0x1fffbd6c       0x20 CMakeFiles/main.dir/home/pjtexier/Bureau/freertos-warp7/middleware/multicore/open-amp/porting/env/freertos/rpmsg_porting.c.obj
                0x1fffbd6c                env_memset
 .text.env_memcpy
                0x1fffbd8c       0x20 CMakeFiles/main.dir/home/pjtexier/Bureau/freertos-warp7/middleware/multicore/open-amp/porting/env/freertos/rpmsg_porting.c.obj
                0x1fffbd8c                env_memcpy
 .text.env_strncpy
                0x1fffbdac       0x20 CMakeFiles/main.dir/home/pjtexier/Bureau/freertos-warp7/middleware/multicore/open-amp/porting/env/freertos/rpmsg_porting.c.obj
                0x1fffbdac                env_strncpy
 .text.env_strncmp
                0x1fffbdcc       0x20 CMakeFiles/main.dir/home/pjtexier/Bureau/freertos-warp7/middleware/multicore/open-amp/porting/env/freertos/rpmsg_porting.c.obj
                0x1fffbdcc                env_strncmp
 .text.env_mb   0x1fffbdec       0x10 CMakeFiles/main.dir/home/pjtexier/Bureau/freertos-warp7/middleware/multicore/open-amp/porting/env/freertos/rpmsg_porting.c.obj
                0x1fffbdec                env_mb
 .text.env_rmb  0x1fffbdfc       0x10 CMakeFiles/main.dir/home/pjtexier/Bureau/freertos-warp7/middleware/multicore/open-amp/porting/env/freertos/rpmsg_porting.c.obj
                0x1fffbdfc                env_rmb
 .text.env_wmb  0x1fffbe0c       0x10 CMakeFiles/main.dir/home/pjtexier/Bureau/freertos-warp7/middleware/multicore/open-amp/porting/env/freertos/rpmsg_porting.c.obj
                0x1fffbe0c                env_wmb
 .text.env_map_vatopa
                0x1fffbe1c       0x18 CMakeFiles/main.dir/home/pjtexier/Bureau/freertos-warp7/middleware/multicore/open-amp/porting/env/freertos/rpmsg_porting.c.obj
                0x1fffbe1c                env_map_vatopa
 .text.env_map_patova
                0x1fffbe34       0x18 CMakeFiles/main.dir/home/pjtexier/Bureau/freertos-warp7/middleware/multicore/open-amp/porting/env/freertos/rpmsg_porting.c.obj
                0x1fffbe34                env_map_patova
 .text.env_create_mutex
                0x1fffbe4c       0x34 CMakeFiles/main.dir/home/pjtexier/Bureau/freertos-warp7/middleware/multicore/open-amp/porting/env/freertos/rpmsg_porting.c.obj
                0x1fffbe4c                env_create_mutex
 .text.env_delete_mutex
                0x1fffbe80       0x18 CMakeFiles/main.dir/home/pjtexier/Bureau/freertos-warp7/middleware/multicore/open-amp/porting/env/freertos/rpmsg_porting.c.obj
                0x1fffbe80                env_delete_mutex
 .text.env_lock_mutex
                0x1fffbe98       0x30 CMakeFiles/main.dir/home/pjtexier/Bureau/freertos-warp7/middleware/multicore/open-amp/porting/env/freertos/rpmsg_porting.c.obj
                0x1fffbe98                env_lock_mutex
 .text.env_unlock_mutex
                0x1fffbec8       0x30 CMakeFiles/main.dir/home/pjtexier/Bureau/freertos-warp7/middleware/multicore/open-amp/porting/env/freertos/rpmsg_porting.c.obj
                0x1fffbec8                env_unlock_mutex
 .text.env_create_sync_lock
                0x1fffbef8       0x1c CMakeFiles/main.dir/home/pjtexier/Bureau/freertos-warp7/middleware/multicore/open-amp/porting/env/freertos/rpmsg_porting.c.obj
                0x1fffbef8                env_create_sync_lock
 .text.env_delete_sync_lock
                0x1fffbf14       0x1c CMakeFiles/main.dir/home/pjtexier/Bureau/freertos-warp7/middleware/multicore/open-amp/porting/env/freertos/rpmsg_porting.c.obj
                0x1fffbf14                env_delete_sync_lock
 .text.env_acquire_sync_lock
                0x1fffbf30       0x54 CMakeFiles/main.dir/home/pjtexier/Bureau/freertos-warp7/middleware/multicore/open-amp/porting/env/freertos/rpmsg_porting.c.obj
                0x1fffbf30                env_acquire_sync_lock
 .text.env_release_sync_lock
                0x1fffbf84       0x50 CMakeFiles/main.dir/home/pjtexier/Bureau/freertos-warp7/middleware/multicore/open-amp/porting/env/freertos/rpmsg_porting.c.obj
                0x1fffbf84                env_release_sync_lock
 .text.env_sleep_msec
                0x1fffbfd4       0x18 CMakeFiles/main.dir/home/pjtexier/Bureau/freertos-warp7/middleware/multicore/open-amp/porting/env/freertos/rpmsg_porting.c.obj
                0x1fffbfd4                env_sleep_msec
 .text.env_register_isr
                0x1fffbfec       0x68 CMakeFiles/main.dir/home/pjtexier/Bureau/freertos-warp7/middleware/multicore/open-amp/porting/env/freertos/rpmsg_porting.c.obj
                0x1fffbfec                env_register_isr
 .text.env_enable_interrupt
                0x1fffc054       0x70 CMakeFiles/main.dir/home/pjtexier/Bureau/freertos-warp7/middleware/multicore/open-amp/porting/env/freertos/rpmsg_porting.c.obj
                0x1fffc054                env_enable_interrupt
 .text.env_disable_interrupt
                0x1fffc0c4       0x18 CMakeFiles/main.dir/home/pjtexier/Bureau/freertos-warp7/middleware/multicore/open-amp/porting/env/freertos/rpmsg_porting.c.obj
                0x1fffc0c4                env_disable_interrupt
 .text.env_map_memory
                0x1fffc0dc       0x24 CMakeFiles/main.dir/home/pjtexier/Bureau/freertos-warp7/middleware/multicore/open-amp/porting/env/freertos/rpmsg_porting.c.obj
                0x1fffc0dc                env_map_memory
 .text.env_isr  0x1fffc100       0x94 CMakeFiles/main.dir/home/pjtexier/Bureau/freertos-warp7/middleware/multicore/open-amp/porting/env/freertos/rpmsg_porting.c.obj
                0x1fffc100                env_isr
 .text.env_create_queue
                0x1fffc194       0x38 CMakeFiles/main.dir/home/pjtexier/Bureau/freertos-warp7/middleware/multicore/open-amp/porting/env/freertos/rpmsg_porting.c.obj
                0x1fffc194                env_create_queue
 .text.env_put_queue
                0x1fffc1cc       0x70 CMakeFiles/main.dir/home/pjtexier/Bureau/freertos-warp7/middleware/multicore/open-amp/porting/env/freertos/rpmsg_porting.c.obj
                0x1fffc1cc                env_put_queue
 .text.env_get_queue
                0x1fffc23c       0x70 CMakeFiles/main.dir/home/pjtexier/Bureau/freertos-warp7/middleware/multicore/open-amp/porting/env/freertos/rpmsg_porting.c.obj
                0x1fffc23c                env_get_queue
 .text.vListInitialise
                0x1fffc2ac       0x40 CMakeFiles/main.dir/home/pjtexier/Bureau/freertos-warp7/rtos/FreeRTOS/Source/list.c.obj
                0x1fffc2ac                vListInitialise
 .text.vListInitialiseItem
                0x1fffc2ec       0x1c CMakeFiles/main.dir/home/pjtexier/Bureau/freertos-warp7/rtos/FreeRTOS/Source/list.c.obj
                0x1fffc2ec                vListInitialiseItem
 .text.vListInsertEnd
                0x1fffc308       0x48 CMakeFiles/main.dir/home/pjtexier/Bureau/freertos-warp7/rtos/FreeRTOS/Source/list.c.obj
                0x1fffc308                vListInsertEnd
 .text.vListInsert
                0x1fffc350       0x74 CMakeFiles/main.dir/home/pjtexier/Bureau/freertos-warp7/rtos/FreeRTOS/Source/list.c.obj
                0x1fffc350                vListInsert
 .text.uxListRemove
                0x1fffc3c4       0x54 CMakeFiles/main.dir/home/pjtexier/Bureau/freertos-warp7/rtos/FreeRTOS/Source/list.c.obj
                0x1fffc3c4                uxListRemove
 .text.xQueueGenericReset
                0x1fffc418       0xb0 CMakeFiles/main.dir/home/pjtexier/Bureau/freertos-warp7/rtos/FreeRTOS/Source/queue.c.obj
                0x1fffc418                xQueueGenericReset
 .text.xQueueGenericCreate
                0x1fffc4c8       0x7c CMakeFiles/main.dir/home/pjtexier/Bureau/freertos-warp7/rtos/FreeRTOS/Source/queue.c.obj
                0x1fffc4c8                xQueueGenericCreate
 .text.xQueueCreateCountingSemaphore
                0x1fffc544       0x54 CMakeFiles/main.dir/home/pjtexier/Bureau/freertos-warp7/rtos/FreeRTOS/Source/queue.c.obj
                0x1fffc544                xQueueCreateCountingSemaphore
 .text.xQueueGenericSend
                0x1fffc598      0x158 CMakeFiles/main.dir/home/pjtexier/Bureau/freertos-warp7/rtos/FreeRTOS/Source/queue.c.obj
                0x1fffc598                xQueueGenericSend
 .text.xQueueGenericSendFromISR
                0x1fffc6f0       0xd4 CMakeFiles/main.dir/home/pjtexier/Bureau/freertos-warp7/rtos/FreeRTOS/Source/queue.c.obj
                0x1fffc6f0                xQueueGenericSendFromISR
 .text.xQueueGenericReceive
                0x1fffc7c4      0x16c CMakeFiles/main.dir/home/pjtexier/Bureau/freertos-warp7/rtos/FreeRTOS/Source/queue.c.obj
                0x1fffc7c4                xQueueGenericReceive
 .text.xQueueReceiveFromISR
                0x1fffc930       0xb4 CMakeFiles/main.dir/home/pjtexier/Bureau/freertos-warp7/rtos/FreeRTOS/Source/queue.c.obj
                0x1fffc930                xQueueReceiveFromISR
 .text.vQueueDelete
                0x1fffc9e4       0x40 CMakeFiles/main.dir/home/pjtexier/Bureau/freertos-warp7/rtos/FreeRTOS/Source/queue.c.obj
                0x1fffc9e4                vQueueDelete
 .text.prvCopyDataToQueue
                0x1fffca24       0xb4 CMakeFiles/main.dir/home/pjtexier/Bureau/freertos-warp7/rtos/FreeRTOS/Source/queue.c.obj
 .text.prvCopyDataFromQueue
                0x1fffcad8       0x4c CMakeFiles/main.dir/home/pjtexier/Bureau/freertos-warp7/rtos/FreeRTOS/Source/queue.c.obj
 .text.prvUnlockQueue
                0x1fffcb24       0x98 CMakeFiles/main.dir/home/pjtexier/Bureau/freertos-warp7/rtos/FreeRTOS/Source/queue.c.obj
 .text.prvIsQueueEmpty
                0x1fffcbbc       0x2c CMakeFiles/main.dir/home/pjtexier/Bureau/freertos-warp7/rtos/FreeRTOS/Source/queue.c.obj
 .text.prvIsQueueFull
                0x1fffcbe8       0x30 CMakeFiles/main.dir/home/pjtexier/Bureau/freertos-warp7/rtos/FreeRTOS/Source/queue.c.obj
 .text.vQueueUnregisterQueue
                0x1fffcc18       0x48 CMakeFiles/main.dir/home/pjtexier/Bureau/freertos-warp7/rtos/FreeRTOS/Source/queue.c.obj
                0x1fffcc18                vQueueUnregisterQueue
 .text.xTaskGenericCreate
                0x1fffcc60      0x160 CMakeFiles/main.dir/home/pjtexier/Bureau/freertos-warp7/rtos/FreeRTOS/Source/tasks.c.obj
                0x1fffcc60                xTaskGenericCreate
 .text.vTaskDelay
                0x1fffcdc0       0x64 CMakeFiles/main.dir/home/pjtexier/Bureau/freertos-warp7/rtos/FreeRTOS/Source/tasks.c.obj
                0x1fffcdc0                vTaskDelay
 .text.vTaskStartScheduler
                0x1fffce24       0x64 CMakeFiles/main.dir/home/pjtexier/Bureau/freertos-warp7/rtos/FreeRTOS/Source/tasks.c.obj
                0x1fffce24                vTaskStartScheduler
 .text.vTaskSuspendAll
                0x1fffce88       0x1c CMakeFiles/main.dir/home/pjtexier/Bureau/freertos-warp7/rtos/FreeRTOS/Source/tasks.c.obj
                0x1fffce88                vTaskSuspendAll
 .text.xTaskResumeAll
                0x1fffcea4      0x10c CMakeFiles/main.dir/home/pjtexier/Bureau/freertos-warp7/rtos/FreeRTOS/Source/tasks.c.obj
                0x1fffcea4                xTaskResumeAll
 .text.xTaskIncrementTick
                0x1fffcfb0      0x170 CMakeFiles/main.dir/home/pjtexier/Bureau/freertos-warp7/rtos/FreeRTOS/Source/tasks.c.obj
                0x1fffcfb0                xTaskIncrementTick
 .text.vTaskSwitchContext
                0x1fffd120       0xa4 CMakeFiles/main.dir/home/pjtexier/Bureau/freertos-warp7/rtos/FreeRTOS/Source/tasks.c.obj
                0x1fffd120                vTaskSwitchContext
 .text.vTaskPlaceOnEventList
                0x1fffd1c4       0x6c CMakeFiles/main.dir/home/pjtexier/Bureau/freertos-warp7/rtos/FreeRTOS/Source/tasks.c.obj
                0x1fffd1c4                vTaskPlaceOnEventList
 .text.xTaskRemoveFromEventList
                0x1fffd230       0xb8 CMakeFiles/main.dir/home/pjtexier/Bureau/freertos-warp7/rtos/FreeRTOS/Source/tasks.c.obj
                0x1fffd230                xTaskRemoveFromEventList
 .text.vTaskSetTimeOutState
                0x1fffd2e8       0x34 CMakeFiles/main.dir/home/pjtexier/Bureau/freertos-warp7/rtos/FreeRTOS/Source/tasks.c.obj
                0x1fffd2e8                vTaskSetTimeOutState
 .text.xTaskCheckForTimeOut
                0x1fffd31c       0xa0 CMakeFiles/main.dir/home/pjtexier/Bureau/freertos-warp7/rtos/FreeRTOS/Source/tasks.c.obj
                0x1fffd31c                xTaskCheckForTimeOut
 .text.vTaskMissedYield
                0x1fffd3bc       0x18 CMakeFiles/main.dir/home/pjtexier/Bureau/freertos-warp7/rtos/FreeRTOS/Source/tasks.c.obj
                0x1fffd3bc                vTaskMissedYield
 .text.prvIdleTask
                0x1fffd3d4       0x10 CMakeFiles/main.dir/home/pjtexier/Bureau/freertos-warp7/rtos/FreeRTOS/Source/tasks.c.obj
 .text.prvInitialiseTCBVariables
                0x1fffd3e4       0x90 CMakeFiles/main.dir/home/pjtexier/Bureau/freertos-warp7/rtos/FreeRTOS/Source/tasks.c.obj
 .text.prvInitialiseTaskLists
                0x1fffd474       0x74 CMakeFiles/main.dir/home/pjtexier/Bureau/freertos-warp7/rtos/FreeRTOS/Source/tasks.c.obj
 .text.prvCheckTasksWaitingTermination
                0x1fffd4e8       0x10 CMakeFiles/main.dir/home/pjtexier/Bureau/freertos-warp7/rtos/FreeRTOS/Source/tasks.c.obj
 .text.prvAddCurrentTaskToDelayedList
                0x1fffd4f8       0x6c CMakeFiles/main.dir/home/pjtexier/Bureau/freertos-warp7/rtos/FreeRTOS/Source/tasks.c.obj
 .text.prvAllocateTCBAndStack
                0x1fffd564       0x50 CMakeFiles/main.dir/home/pjtexier/Bureau/freertos-warp7/rtos/FreeRTOS/Source/tasks.c.obj
 .text.prvResetNextTaskUnblockTime
                0x1fffd5b4       0x4c CMakeFiles/main.dir/home/pjtexier/Bureau/freertos-warp7/rtos/FreeRTOS/Source/tasks.c.obj
 .text.CCM_ANALOG_IsPllBypassed
                0x1fffd600       0x30 CMakeFiles/main.dir/home/pjtexier/Bureau/freertos-warp7/platform/drivers/src/ccm_analog_imx7d.c.obj
 .text.CCM_ANALOG_GetSysPllFreq
                0x1fffd630       0x4c CMakeFiles/main.dir/home/pjtexier/Bureau/freertos-warp7/platform/drivers/src/ccm_analog_imx7d.c.obj
                0x1fffd630                CCM_ANALOG_GetSysPllFreq
 .text.CCM_GetRootDivider
                0x1fffd67c       0x54 CMakeFiles/main.dir/home/pjtexier/Bureau/freertos-warp7/platform/drivers/src/ccm_imx7d.c.obj
                0x1fffd67c                CCM_GetRootDivider
 .text.CCM_UpdateRoot
                0x1fffd6d0       0x78 CMakeFiles/main.dir/home/pjtexier/Bureau/freertos-warp7/platform/drivers/src/ccm_imx7d.c.obj
                0x1fffd6d0                CCM_UpdateRoot
 .text.UART_Enable
                0x1fffd748       0x24 CMakeFiles/main.dir/home/pjtexier/Bureau/freertos-warp7/platform/utilities/src/debug_console_imx.c.obj
 .text.UART_Putchar
                0x1fffd76c       0x20 CMakeFiles/main.dir/home/pjtexier/Bureau/freertos-warp7/platform/utilities/src/debug_console_imx.c.obj
 .text.UART_Getchar
                0x1fffd78c       0x1c CMakeFiles/main.dir/home/pjtexier/Bureau/freertos-warp7/platform/utilities/src/debug_console_imx.c.obj
 .text.DbgConsole_Init
                0x1fffd7a8       0x78 CMakeFiles/main.dir/home/pjtexier/Bureau/freertos-warp7/platform/utilities/src/debug_console_imx.c.obj
                0x1fffd7a8                DbgConsole_Init
 .text._write   0x1fffd820       0x5c CMakeFiles/main.dir/home/pjtexier/Bureau/freertos-warp7/platform/utilities/src/debug_console_imx.c.obj
                0x1fffd820                _write
 .text._read    0x1fffd87c       0x48 CMakeFiles/main.dir/home/pjtexier/Bureau/freertos-warp7/platform/utilities/src/debug_console_imx.c.obj
                0x1fffd87c                _read
 .text.debug_printf
                0x1fffd8c4       0x50 CMakeFiles/main.dir/home/pjtexier/Bureau/freertos-warp7/platform/utilities/src/debug_console_imx.c.obj
                0x1fffd8c4                debug_printf
 .text.debug_putc
                0x1fffd914       0x44 CMakeFiles/main.dir/home/pjtexier/Bureau/freertos-warp7/platform/utilities/src/debug_console_imx.c.obj
 .text.UART_SendDataPolling
                0x1fffd958       0x64 CMakeFiles/main.dir/home/pjtexier/Bureau/freertos-warp7/platform/utilities/src/debug_console_imx.c.obj
 .text.UART_ReceiveDataPolling
                0x1fffd9bc       0x4c CMakeFiles/main.dir/home/pjtexier/Bureau/freertos-warp7/platform/utilities/src/debug_console_imx.c.obj
 .text._doprint
                0x1fffda08      0x740 CMakeFiles/main.dir/home/pjtexier/Bureau/freertos-warp7/platform/utilities/src/print_scan.c.obj
                0x1fffda08                _doprint
 .text.mknumstr
                0x1fffe148      0x10c CMakeFiles/main.dir/home/pjtexier/Bureau/freertos-warp7/platform/utilities/src/print_scan.c.obj
 .text.fput_pad
                0x1fffe254       0x40 CMakeFiles/main.dir/home/pjtexier/Bureau/freertos-warp7/platform/utilities/src/print_scan.c.obj
 .text.SystemInit
                0x1fffe294      0x140 CMakeFiles/main.dir/home/pjtexier/Bureau/freertos-warp7/platform/devices/MCIMX7D/startup/system_MCIMX7D_M4.c.obj
                0x1fffe294                SystemInit
 .text.configure_i2c_pins
                0x1fffe3d4      0x114 CMakeFiles/main.dir/home/pjtexier/Bureau/freertos-warp7/examples/imx7s_warp_m4/pin_mux.c.obj
                0x1fffe3d4                configure_i2c_pins
 .text.configure_uart_pins
                0x1fffe4e8       0x50 CMakeFiles/main.dir/home/pjtexier/Bureau/freertos-warp7/examples/imx7s_warp_m4/pin_mux.c.obj
                0x1fffe4e8                configure_uart_pins
 .text.RDC_SetDomainID
                0x1fffe538       0x58 CMakeFiles/main.dir/home/pjtexier/Bureau/freertos-warp7/examples/imx7s_warp_m4/board.c.obj
 .text.RDC_SetPdapAccess
                0x1fffe590       0x54 CMakeFiles/main.dir/home/pjtexier/Bureau/freertos-warp7/examples/imx7s_warp_m4/board.c.obj
 .text.CCM_EnableRoot
                0x1fffe5e4       0x24 CMakeFiles/main.dir/home/pjtexier/Bureau/freertos-warp7/examples/imx7s_warp_m4/board.c.obj
 .text.CCM_ControlGate
                0x1fffe608       0x20 CMakeFiles/main.dir/home/pjtexier/Bureau/freertos-warp7/examples/imx7s_warp_m4/board.c.obj
 .text.WDOG_DisablePowerdown
                0x1fffe628       0x24 CMakeFiles/main.dir/home/pjtexier/Bureau/freertos-warp7/examples/imx7s_warp_m4/board.c.obj
 .text.BOARD_ClockInit
                0x1fffe64c       0xe4 CMakeFiles/main.dir/home/pjtexier/Bureau/freertos-warp7/examples/imx7s_warp_m4/board.c.obj
                0x1fffe64c                BOARD_ClockInit
 .text.dbg_uart_init
                0x1fffe730       0x70 CMakeFiles/main.dir/home/pjtexier/Bureau/freertos-warp7/examples/imx7s_warp_m4/board.c.obj
                0x1fffe730                dbg_uart_init
 .text.BOARD_RdcInit
                0x1fffe7a0       0x18 CMakeFiles/main.dir/home/pjtexier/Bureau/freertos-warp7/examples/imx7s_warp_m4/board.c.obj
                0x1fffe7a0                BOARD_RdcInit
 .text.configure_gpio_pin
                0x1fffe7b8       0x44 CMakeFiles/main.dir/home/pjtexier/Bureau/freertos-warp7/examples/imx7s_warp_m4/gpio_pins.c.obj
                0x1fffe7b8                configure_gpio_pin
 .text.CCM_GetRootMux
                0x1fffe7fc       0x20 CMakeFiles/main.dir/home/pjtexier/Bureau/freertos-warp7/examples/imx7s_warp_m4/clock_freq.c.obj
 .text.get_i2c_clock_freq
                0x1fffe81c      0x10c CMakeFiles/main.dir/home/pjtexier/Bureau/freertos-warp7/examples/imx7s_warp_m4/clock_freq.c.obj
                0x1fffe81c                get_i2c_clock_freq
 .text.get_uart_clock_freq
                0x1fffe928       0x94 CMakeFiles/main.dir/home/pjtexier/Bureau/freertos-warp7/examples/imx7s_warp_m4/clock_freq.c.obj
                0x1fffe928                get_uart_clock_freq
 .text.RDC_SetPdapAccess
                0x1fffe9bc       0x54 CMakeFiles/main.dir/home/pjtexier/Bureau/freertos-warp7/examples/imx7s_warp_m4/demo_apps/rpmsg/air-quality-click/hardware_init.c.obj
 .text.CCM_EnableRoot
                0x1fffea10       0x24 CMakeFiles/main.dir/home/pjtexier/Bureau/freertos-warp7/examples/imx7s_warp_m4/demo_apps/rpmsg/air-quality-click/hardware_init.c.obj
 .text.CCM_ControlGate
                0x1fffea34       0x20 CMakeFiles/main.dir/home/pjtexier/Bureau/freertos-warp7/examples/imx7s_warp_m4/demo_apps/rpmsg/air-quality-click/hardware_init.c.obj
 .text.hardware_init
                0x1fffea54       0xb0 CMakeFiles/main.dir/home/pjtexier/Bureau/freertos-warp7/examples/imx7s_warp_m4/demo_apps/rpmsg/air-quality-click/hardware_init.c.obj
                0x1fffea54                hardware_init
 .text.UART_Init
                0x1fffeb04       0x90 CMakeFiles/main.dir/home/pjtexier/Bureau/freertos-warp7/platform/drivers/src/uart_imx.c.obj
                0x1fffeb04                UART_Init
 .text.UART_Deinit
                0x1fffeb94       0x9c CMakeFiles/main.dir/home/pjtexier/Bureau/freertos-warp7/platform/drivers/src/uart_imx.c.obj
                0x1fffeb94                UART_Deinit
 .text.UART_SetBaudRate
                0x1fffec30      0x1a0 CMakeFiles/main.dir/home/pjtexier/Bureau/freertos-warp7/platform/drivers/src/uart_imx.c.obj
                0x1fffec30                UART_SetBaudRate
 .text.UART_GetStatusFlag
                0x1fffedd0       0x40 CMakeFiles/main.dir/home/pjtexier/Bureau/freertos-warp7/platform/drivers/src/uart_imx.c.obj
                0x1fffedd0                UART_GetStatusFlag
 .text.GPIO_Init
                0x1fffee10      0x10c CMakeFiles/main.dir/home/pjtexier/Bureau/freertos-warp7/platform/drivers/src/gpio_imx.c.obj
                0x1fffee10                GPIO_Init
 .text.GPIO_WritePinOutput
                0x1fffef1c       0x64 CMakeFiles/main.dir/home/pjtexier/Bureau/freertos-warp7/platform/drivers/src/gpio_imx.c.obj
                0x1fffef1c                GPIO_WritePinOutput
 .text.I2C_SetSlaveAddress
                0x1fffef80       0x54 CMakeFiles/main.dir/home/pjtexier/Bureau/freertos-warp7/platform/drivers/src/i2c_imx.c.obj
 .text.I2C_Init
                0x1fffefd4       0x64 CMakeFiles/main.dir/home/pjtexier/Bureau/freertos-warp7/platform/drivers/src/i2c_imx.c.obj
                0x1fffefd4                I2C_Init
 .text.I2C_Deinit
                0x1ffff038       0x38 CMakeFiles/main.dir/home/pjtexier/Bureau/freertos-warp7/platform/drivers/src/i2c_imx.c.obj
                0x1ffff038                I2C_Deinit
 .text.I2C_SetBaudRate
                0x1ffff070       0x8c CMakeFiles/main.dir/home/pjtexier/Bureau/freertos-warp7/platform/drivers/src/i2c_imx.c.obj
                0x1ffff070                I2C_SetBaudRate
 .text.I2C_SetAckBit
                0x1ffff0fc       0x40 CMakeFiles/main.dir/home/pjtexier/Bureau/freertos-warp7/platform/drivers/src/i2c_imx.c.obj
                0x1ffff0fc                I2C_SetAckBit
 .text.MU_IsRxFull
                0x1ffff13c       0x30 CMakeFiles/main.dir/home/pjtexier/Bureau/freertos-warp7/platform/drivers/src/mu_imx.c.obj
 .text.MU_SendMsg
                0x1ffff16c       0x58 CMakeFiles/main.dir/home/pjtexier/Bureau/freertos-warp7/platform/drivers/src/mu_imx.c.obj
                0x1ffff16c                MU_SendMsg
 .text.MU_TryReceiveMsg
                0x1ffff1c4       0x54 CMakeFiles/main.dir/home/pjtexier/Bureau/freertos-warp7/platform/drivers/src/mu_imx.c.obj
                0x1ffff1c4                MU_TryReceiveMsg
 .text.__assert_func
                0x1ffff218       0x3c /home/pjtexier/Documents/gcc-arm-none-eabi-5_4-2016q2/bin/../lib/gcc/arm-none-eabi/5.4.1/../../../../arm-none-eabi/lib/armv7e-m/fpu/libc_nano.a(lib_a-assert.o)
                0x1ffff218                __assert_func
 .text.exit     0x1ffff254       0x28 /home/pjtexier/Documents/gcc-arm-none-eabi-5_4-2016q2/bin/../lib/gcc/arm-none-eabi/5.4.1/../../../../arm-none-eabi/lib/armv7e-m/fpu/libc_nano.a(lib_a-exit.o)
                0x1ffff254                exit
 .text.fprintf  0x1ffff27c       0x24 /home/pjtexier/Documents/gcc-arm-none-eabi-5_4-2016q2/bin/../lib/gcc/arm-none-eabi/5.4.1/../../../../arm-none-eabi/lib/armv7e-m/fpu/libc_nano.a(lib_a-fprintf.o)
                0x1ffff27c                fprintf
                0x1ffff27c                fiprintf
 .text.__libc_init_array
                0x1ffff2a0       0x4c /home/pjtexier/Documents/gcc-arm-none-eabi-5_4-2016q2/bin/../lib/gcc/arm-none-eabi/5.4.1/../../../../arm-none-eabi/lib/armv7e-m/fpu/libc_nano.a(lib_a-init.o)
                0x1ffff2a0                __libc_init_array
 .text.memcpy   0x1ffff2ec       0x16 /home/pjtexier/Documents/gcc-arm-none-eabi-5_4-2016q2/bin/../lib/gcc/arm-none-eabi/5.4.1/../../../../arm-none-eabi/lib/armv7e-m/fpu/libc_nano.a(lib_a-memcpy-stub.o)
                0x1ffff2ec                memcpy
 .text.memset   0x1ffff302       0x10 /home/pjtexier/Documents/gcc-arm-none-eabi-5_4-2016q2/bin/../lib/gcc/arm-none-eabi/5.4.1/../../../../arm-none-eabi/lib/armv7e-m/fpu/libc_nano.a(lib_a-memset.o)
                0x1ffff302                memset
 .text.__sfputc_r
                0x1ffff312       0x30 /home/pjtexier/Documents/gcc-arm-none-eabi-5_4-2016q2/bin/../lib/gcc/arm-none-eabi/5.4.1/../../../../arm-none-eabi/lib/armv7e-m/fpu/libc_nano.a(lib_a-nano-vfprintf.o)
 .text.__sfputs_r
                0x1ffff342       0x24 /home/pjtexier/Documents/gcc-arm-none-eabi-5_4-2016q2/bin/../lib/gcc/arm-none-eabi/5.4.1/../../../../arm-none-eabi/lib/armv7e-m/fpu/libc_nano.a(lib_a-nano-vfprintf.o)
                0x1ffff342                __sfputs_r
 *fill*         0x1ffff366        0x2 
 .text._vfprintf_r
                0x1ffff368      0x238 /home/pjtexier/Documents/gcc-arm-none-eabi-5_4-2016q2/bin/../lib/gcc/arm-none-eabi/5.4.1/../../../../arm-none-eabi/lib/armv7e-m/fpu/libc_nano.a(lib_a-nano-vfprintf.o)
                0x1ffff368                _vfiprintf_r
                0x1ffff368                _vfprintf_r
 .text._printf_common
                0x1ffff5a0       0xec /home/pjtexier/Documents/gcc-arm-none-eabi-5_4-2016q2/bin/../lib/gcc/arm-none-eabi/5.4.1/../../../../arm-none-eabi/lib/armv7e-m/fpu/libc_nano.a(lib_a-nano-vfprintf_i.o)
                0x1ffff5a0                _printf_common
 .text._printf_i
                0x1ffff68c      0x24c /home/pjtexier/Documents/gcc-arm-none-eabi-5_4-2016q2/bin/../lib/gcc/arm-none-eabi/5.4.1/../../../../arm-none-eabi/lib/armv7e-m/fpu/libc_nano.a(lib_a-nano-vfprintf_i.o)
                0x1ffff68c                _printf_i
 .text.snprintf
                0x1ffff8d8       0x64 /home/pjtexier/Documents/gcc-arm-none-eabi-5_4-2016q2/bin/../lib/gcc/arm-none-eabi/5.4.1/../../../../arm-none-eabi/lib/armv7e-m/fpu/libc_nano.a(lib_a-snprintf.o)
                0x1ffff8d8                snprintf
                0x1ffff8d8                sniprintf
 .text.sscanf   0x1ffff93c       0x54 /home/pjtexier/Documents/gcc-arm-none-eabi-5_4-2016q2/bin/../lib/gcc/arm-none-eabi/5.4.1/../../../../arm-none-eabi/lib/armv7e-m/fpu/libc_nano.a(lib_a-sscanf.o)
                0x1ffff93c                sscanf
                0x1ffff93c                siscanf
 .text.__sread  0x1ffff990       0x22 /home/pjtexier/Documents/gcc-arm-none-eabi-5_4-2016q2/bin/../lib/gcc/arm-none-eabi/5.4.1/../../../../arm-none-eabi/lib/armv7e-m/fpu/libc_nano.a(lib_a-stdio.o)
                0x1ffff990                __sread
 .text.__seofread
                0x1ffff9b2        0x4 /home/pjtexier/Documents/gcc-arm-none-eabi-5_4-2016q2/bin/../lib/gcc/arm-none-eabi/5.4.1/../../../../arm-none-eabi/lib/armv7e-m/fpu/libc_nano.a(lib_a-stdio.o)
                0x1ffff9b2                __seofread
 .text.__swrite
                0x1ffff9b6       0x38 /home/pjtexier/Documents/gcc-arm-none-eabi-5_4-2016q2/bin/../lib/gcc/arm-none-eabi/5.4.1/../../../../arm-none-eabi/lib/armv7e-m/fpu/libc_nano.a(lib_a-stdio.o)
                0x1ffff9b6                __swrite
 .text.__sseek  0x1ffff9ee       0x24 /home/pjtexier/Documents/gcc-arm-none-eabi-5_4-2016q2/bin/../lib/gcc/arm-none-eabi/5.4.1/../../../../arm-none-eabi/lib/armv7e-m/fpu/libc_nano.a(lib_a-stdio.o)
                0x1ffff9ee                __sseek
 .text.__sclose
                0x1ffffa12        0x8 /home/pjtexier/Documents/gcc-arm-none-eabi-5_4-2016q2/bin/../lib/gcc/arm-none-eabi/5.4.1/../../../../arm-none-eabi/lib/armv7e-m/fpu/libc_nano.a(lib_a-stdio.o)
                0x1ffffa12                __sclose
 .text.strncmp  0x1ffffa1a       0x2a /home/pjtexier/Documents/gcc-arm-none-eabi-5_4-2016q2/bin/../lib/gcc/arm-none-eabi/5.4.1/../../../../arm-none-eabi/lib/armv7e-m/fpu/libc_nano.a(lib_a-strncmp.o)
                0x1ffffa1a                strncmp
 .text.strncpy  0x1ffffa44       0x26 /home/pjtexier/Documents/gcc-arm-none-eabi-5_4-2016q2/bin/../lib/gcc/arm-none-eabi/5.4.1/../../../../arm-none-eabi/lib/armv7e-m/fpu/libc_nano.a(lib_a-strncpy.o)
                0x1ffffa44                strncpy
 *fill*         0x1ffffa6a        0x2 
 .text.__swbuf_r
                0x1ffffa6c       0xa8 /home/pjtexier/Documents/gcc-arm-none-eabi-5_4-2016q2/bin/../lib/gcc/arm-none-eabi/5.4.1/../../../../arm-none-eabi/lib/armv7e-m/fpu/libc_nano.a(lib_a-wbuf.o)
                0x1ffffa6c                __swbuf_r
 .text._write_r
                0x1ffffb14       0x24 /home/pjtexier/Documents/gcc-arm-none-eabi-5_4-2016q2/bin/../lib/gcc/arm-none-eabi/5.4.1/../../../../arm-none-eabi/lib/armv7e-m/fpu/libc_nano.a(lib_a-writer.o)
                0x1ffffb14                _write_r
 .text.__swsetup_r
                0x1ffffb38       0xdc /home/pjtexier/Documents/gcc-arm-none-eabi-5_4-2016q2/bin/../lib/gcc/arm-none-eabi/5.4.1/../../../../arm-none-eabi/lib/armv7e-m/fpu/libc_nano.a(lib_a-wsetup.o)
                0x1ffffb38                __swsetup_r
 .text.abort    0x1ffffc14        0xe /home/pjtexier/Documents/gcc-arm-none-eabi-5_4-2016q2/bin/../lib/gcc/arm-none-eabi/5.4.1/../../../../arm-none-eabi/lib/armv7e-m/fpu/libc_nano.a(lib_a-abort.o)
                0x1ffffc14                abort
 *fill*         0x1ffffc22        0x2 
 .text._close_r
                0x1ffffc24       0x20 /home/pjtexier/Documents/gcc-arm-none-eabi-5_4-2016q2/bin/../lib/gcc/arm-none-eabi/5.4.1/../../../../arm-none-eabi/lib/armv7e-m/fpu/libc_nano.a(lib_a-closer.o)
                0x1ffffc24                _close_r
 .text.__sflush_r
                0x1ffffc44      0x110 /home/pjtexier/Documents/gcc-arm-none-eabi-5_4-2016q2/bin/../lib/gcc/arm-none-eabi/5.4.1/../../../../arm-none-eabi/lib/armv7e-m/fpu/libc_nano.a(lib_a-fflush.o)
                0x1ffffc44                __sflush_r
 .text._fflush_r
                0x1ffffd54       0x54 /home/pjtexier/Documents/gcc-arm-none-eabi-5_4-2016q2/bin/../lib/gcc/arm-none-eabi/5.4.1/../../../../arm-none-eabi/lib/armv7e-m/fpu/libc_nano.a(lib_a-fflush.o)
                0x1ffffd54                _fflush_r
 .text._cleanup_r
                0x1ffffda8        0xc /home/pjtexier/Documents/gcc-arm-none-eabi-5_4-2016q2/bin/../lib/gcc/arm-none-eabi/5.4.1/../../../../arm-none-eabi/lib/armv7e-m/fpu/libc_nano.a(lib_a-findfp.o)
                0x1ffffda8                _cleanup_r
 .text.std.isra.0
                0x1ffffdb4       0x48 /home/pjtexier/Documents/gcc-arm-none-eabi-5_4-2016q2/bin/../lib/gcc/arm-none-eabi/5.4.1/../../../../arm-none-eabi/lib/armv7e-m/fpu/libc_nano.a(lib_a-findfp.o)
 .text.__sfmoreglue
                0x1ffffdfc       0x2c /home/pjtexier/Documents/gcc-arm-none-eabi-5_4-2016q2/bin/../lib/gcc/arm-none-eabi/5.4.1/../../../../arm-none-eabi/lib/armv7e-m/fpu/libc_nano.a(lib_a-findfp.o)
                0x1ffffdfc                __sfmoreglue
 .text.__sinit  0x1ffffe28       0x60 /home/pjtexier/Documents/gcc-arm-none-eabi-5_4-2016q2/bin/../lib/gcc/arm-none-eabi/5.4.1/../../../../arm-none-eabi/lib/armv7e-m/fpu/libc_nano.a(lib_a-findfp.o)
                0x1ffffe28                __sinit
 .text.__sfp    0x1ffffe88       0x78 /home/pjtexier/Documents/gcc-arm-none-eabi-5_4-2016q2/bin/../lib/gcc/arm-none-eabi/5.4.1/../../../../arm-none-eabi/lib/armv7e-m/fpu/libc_nano.a(lib_a-findfp.o)
                0x1ffffe88                __sfp
 .text._fwalk_reent
                0x1fffff00       0x3c /home/pjtexier/Documents/gcc-arm-none-eabi-5_4-2016q2/bin/../lib/gcc/arm-none-eabi/5.4.1/../../../../arm-none-eabi/lib/armv7e-m/fpu/libc_nano.a(lib_a-fwalk.o)
                0x1fffff00                _fwalk_reent
 .text._lseek_r
                0x1fffff3c       0x24 /home/pjtexier/Documents/gcc-arm-none-eabi-5_4-2016q2/bin/../lib/gcc/arm-none-eabi/5.4.1/../../../../arm-none-eabi/lib/armv7e-m/fpu/libc_nano.a(lib_a-lseekr.o)
                0x1fffff3c                _lseek_r
 .text.__swhatbuf_r
                0x1fffff60       0x46 /home/pjtexier/Documents/gcc-arm-none-eabi-5_4-2016q2/bin/../lib/gcc/arm-none-eabi/5.4.1/../../../../arm-none-eabi/lib/armv7e-m/fpu/libc_nano.a(lib_a-makebuf.o)
                0x1fffff60                __swhatbuf_r
 *fill*         0x1fffffa6        0x2 
 .text.__smakebuf_r
                0x1fffffa8       0x78 /home/pjtexier/Documents/gcc-arm-none-eabi-5_4-2016q2/bin/../lib/gcc/arm-none-eabi/5.4.1/../../../../arm-none-eabi/lib/armv7e-m/fpu/libc_nano.a(lib_a-makebuf.o)
                0x1fffffa8                __smakebuf_r
 .text.memmove  0x20000020       0x36 /home/pjtexier/Documents/gcc-arm-none-eabi-5_4-2016q2/bin/../lib/gcc/arm-none-eabi/5.4.1/../../../../arm-none-eabi/lib/armv7e-m/fpu/libc_nano.a(lib_a-memmove.o)
                0x20000020                memmove
 *fill*         0x20000056        0x2 
 .text._free_r  0x20000058       0x9c /home/pjtexier/Documents/gcc-arm-none-eabi-5_4-2016q2/bin/../lib/gcc/arm-none-eabi/5.4.1/../../../../arm-none-eabi/lib/armv7e-m/fpu/libc_nano.a(lib_a-nano-freer.o)
                0x20000058                _free_r
 .text._malloc_r
                0x200000f4       0xbc /home/pjtexier/Documents/gcc-arm-none-eabi-5_4-2016q2/bin/../lib/gcc/arm-none-eabi/5.4.1/../../../../arm-none-eabi/lib/armv7e-m/fpu/libc_nano.a(lib_a-nano-mallocr.o)
                0x200000f4                _malloc_r
 .text._realloc_r
                0x200001b0       0x4c /home/pjtexier/Documents/gcc-arm-none-eabi-5_4-2016q2/bin/../lib/gcc/arm-none-eabi/5.4.1/../../../../arm-none-eabi/lib/armv7e-m/fpu/libc_nano.a(lib_a-nano-reallocr.o)
                0x200001b0                _realloc_r
 .text.__ssputs_r
                0x200001fc       0xb2 /home/pjtexier/Documents/gcc-arm-none-eabi-5_4-2016q2/bin/../lib/gcc/arm-none-eabi/5.4.1/../../../../arm-none-eabi/lib/armv7e-m/fpu/libc_nano.a(lib_a-nano-svfprintf.o)
                0x200001fc                __ssputs_r
 *fill*         0x200002ae        0x2 
 .text._svfprintf_r
                0x200002b0      0x1e8 /home/pjtexier/Documents/gcc-arm-none-eabi-5_4-2016q2/bin/../lib/gcc/arm-none-eabi/5.4.1/../../../../arm-none-eabi/lib/armv7e-m/fpu/libc_nano.a(lib_a-nano-svfprintf.o)
                0x200002b0                _svfprintf_r
                0x200002b0                _svfiprintf_r
 .text._sungetc_r
                0x20000498       0x7c /home/pjtexier/Documents/gcc-arm-none-eabi-5_4-2016q2/bin/../lib/gcc/arm-none-eabi/5.4.1/../../../../arm-none-eabi/lib/armv7e-m/fpu/libc_nano.a(lib_a-nano-svfscanf.o)
                0x20000498                _sungetc_r
 .text.__ssrefill_r
                0x20000514       0x3a /home/pjtexier/Documents/gcc-arm-none-eabi-5_4-2016q2/bin/../lib/gcc/arm-none-eabi/5.4.1/../../../../arm-none-eabi/lib/armv7e-m/fpu/libc_nano.a(lib_a-nano-svfscanf.o)
                0x20000514                __ssrefill_r
 *fill*         0x2000054e        0x2 
 .text.__ssvfscanf_r
                0x20000550      0x2a8 /home/pjtexier/Documents/gcc-arm-none-eabi-5_4-2016q2/bin/../lib/gcc/arm-none-eabi/5.4.1/../../../../arm-none-eabi/lib/armv7e-m/fpu/libc_nano.a(lib_a-nano-svfscanf.o)
                0x20000550                __ssvfscanf_r
                0x20000550                __ssvfiscanf_r
 .text._scanf_chars
                0x200007f8       0xc8 /home/pjtexier/Documents/gcc-arm-none-eabi-5_4-2016q2/bin/../lib/gcc/arm-none-eabi/5.4.1/../../../../arm-none-eabi/lib/armv7e-m/fpu/libc_nano.a(lib_a-nano-vfscanf_i.o)
                0x200007f8                _scanf_chars
 .text._scanf_i
                0x200008c0      0x1e4 /home/pjtexier/Documents/gcc-arm-none-eabi-5_4-2016q2/bin/../lib/gcc/arm-none-eabi/5.4.1/../../../../arm-none-eabi/lib/armv7e-m/fpu/libc_nano.a(lib_a-nano-vfscanf_i.o)
                0x200008c0                _scanf_i
 .text._read_r  0x20000aa4       0x24 /home/pjtexier/Documents/gcc-arm-none-eabi-5_4-2016q2/bin/../lib/gcc/arm-none-eabi/5.4.1/../../../../arm-none-eabi/lib/armv7e-m/fpu/libc_nano.a(lib_a-readr.o)
                0x20000aa4                _read_r
 .text._sbrk_r  0x20000ac8       0x20 /home/pjtexier/Documents/gcc-arm-none-eabi-5_4-2016q2/bin/../lib/gcc/arm-none-eabi/5.4.1/../../../../arm-none-eabi/lib/armv7e-m/fpu/libc_nano.a(lib_a-sbrkr.o)
                0x20000ac8                _sbrk_r
 .text.__sccl   0x20000ae8       0x62 /home/pjtexier/Documents/gcc-arm-none-eabi-5_4-2016q2/bin/../lib/gcc/arm-none-eabi/5.4.1/../../../../arm-none-eabi/lib/armv7e-m/fpu/libc_nano.a(lib_a-sccl.o)
                0x20000ae8                __sccl
 .text._raise_r
                0x20000b4a       0x54 /home/pjtexier/Documents/gcc-arm-none-eabi-5_4-2016q2/bin/../lib/gcc/arm-none-eabi/5.4.1/../../../../arm-none-eabi/lib/armv7e-m/fpu/libc_nano.a(lib_a-signal.o)
                0x20000b4a                _raise_r
 *fill*         0x20000b9e        0x2 
 .text.raise    0x20000ba0       0x10 /home/pjtexier/Documents/gcc-arm-none-eabi-5_4-2016q2/bin/../lib/gcc/arm-none-eabi/5.4.1/../../../../arm-none-eabi/lib/armv7e-m/fpu/libc_nano.a(lib_a-signal.o)
                0x20000ba0                raise
 .text._kill_r  0x20000bb0       0x24 /home/pjtexier/Documents/gcc-arm-none-eabi-5_4-2016q2/bin/../lib/gcc/arm-none-eabi/5.4.1/../../../../arm-none-eabi/lib/armv7e-m/fpu/libc_nano.a(lib_a-signalr.o)
                0x20000bb0                _kill_r
 .text._getpid_r
                0x20000bd4        0x4 /home/pjtexier/Documents/gcc-arm-none-eabi-5_4-2016q2/bin/../lib/gcc/arm-none-eabi/5.4.1/../../../../arm-none-eabi/lib/armv7e-m/fpu/libc_nano.a(lib_a-signalr.o)
                0x20000bd4                _getpid_r
 .text._strtol_r
                0x20000bd8      0x10c /home/pjtexier/Documents/gcc-arm-none-eabi-5_4-2016q2/bin/../lib/gcc/arm-none-eabi/5.4.1/../../../../arm-none-eabi/lib/armv7e-m/fpu/libc_nano.a(lib_a-strtol.o)
                0x20000bd8                _strtol_r
 .text._strtoul_r
                0x20000ce4       0xfc /home/pjtexier/Documents/gcc-arm-none-eabi-5_4-2016q2/bin/../lib/gcc/arm-none-eabi/5.4.1/../../../../arm-none-eabi/lib/armv7e-m/fpu/libc_nano.a(lib_a-strtoul.o)
                0x20000ce4                _strtoul_r
 .text.__submore
                0x20000de0       0x76 /home/pjtexier/Documents/gcc-arm-none-eabi-5_4-2016q2/bin/../lib/gcc/arm-none-eabi/5.4.1/../../../../arm-none-eabi/lib/armv7e-m/fpu/libc_nano.a(lib_a-ungetc.o)
                0x20000de0                __submore
 *fill*         0x20000e56        0x2 
 .text._fstat_r
                0x20000e58       0x24 /home/pjtexier/Documents/gcc-arm-none-eabi-5_4-2016q2/bin/../lib/gcc/arm-none-eabi/5.4.1/../../../../arm-none-eabi/lib/armv7e-m/fpu/libc_nano.a(lib_a-fstatr.o)
                0x20000e58                _fstat_r
 .text._isatty_r
                0x20000e7c       0x20 /home/pjtexier/Documents/gcc-arm-none-eabi-5_4-2016q2/bin/../lib/gcc/arm-none-eabi/5.4.1/../../../../arm-none-eabi/lib/armv7e-m/fpu/libc_nano.a(lib_a-isattyr.o)
                0x20000e7c                _isatty_r
 .text.__malloc_lock
                0x20000e9c        0x2 /home/pjtexier/Documents/gcc-arm-none-eabi-5_4-2016q2/bin/../lib/gcc/arm-none-eabi/5.4.1/../../../../arm-none-eabi/lib/armv7e-m/fpu/libc_nano.a(lib_a-mlock.o)
                0x20000e9c                __malloc_lock
 .text.__malloc_unlock
                0x20000e9e        0x2 /home/pjtexier/Documents/gcc-arm-none-eabi-5_4-2016q2/bin/../lib/gcc/arm-none-eabi/5.4.1/../../../../arm-none-eabi/lib/armv7e-m/fpu/libc_nano.a(lib_a-mlock.o)
                0x20000e9e                __malloc_unlock
 .text._malloc_usable_size_r
                0x20000ea0       0x14 /home/pjtexier/Documents/gcc-arm-none-eabi-5_4-2016q2/bin/../lib/gcc/arm-none-eabi/5.4.1/../../../../arm-none-eabi/lib/armv7e-m/fpu/libc_nano.a(lib_a-nano-msizer.o)
                0x20000ea0                _malloc_usable_size_r
 .text._close   0x20000eb4       0x10 /home/pjtexier/Documents/gcc-arm-none-eabi-5_4-2016q2/bin/../lib/gcc/arm-none-eabi/5.4.1/../../../../arm-none-eabi/lib/armv7e-m/fpu/libnosys.a(close.o)
                0x20000eb4                _close
 .text._fstat   0x20000ec4       0x10 /home/pjtexier/Documents/gcc-arm-none-eabi-5_4-2016q2/bin/../lib/gcc/arm-none-eabi/5.4.1/../../../../arm-none-eabi/lib/armv7e-m/fpu/libnosys.a(fstat.o)
                0x20000ec4                _fstat
 .text._getpid  0x20000ed4       0x10 /home/pjtexier/Documents/gcc-arm-none-eabi-5_4-2016q2/bin/../lib/gcc/arm-none-eabi/5.4.1/../../../../arm-none-eabi/lib/armv7e-m/fpu/libnosys.a(getpid.o)
                0x20000ed4                _getpid
 .text._isatty  0x20000ee4       0x10 /home/pjtexier/Documents/gcc-arm-none-eabi-5_4-2016q2/bin/../lib/gcc/arm-none-eabi/5.4.1/../../../../arm-none-eabi/lib/armv7e-m/fpu/libnosys.a(isatty.o)
                0x20000ee4                _isatty
 .text._kill    0x20000ef4       0x10 /home/pjtexier/Documents/gcc-arm-none-eabi-5_4-2016q2/bin/../lib/gcc/arm-none-eabi/5.4.1/../../../../arm-none-eabi/lib/armv7e-m/fpu/libnosys.a(kill.o)
                0x20000ef4                _kill
 .text._lseek   0x20000f04       0x10 /home/pjtexier/Documents/gcc-arm-none-eabi-5_4-2016q2/bin/../lib/gcc/arm-none-eabi/5.4.1/../../../../arm-none-eabi/lib/armv7e-m/fpu/libnosys.a(lseek.o)
                0x20000f04                _lseek
 .text._sbrk    0x20000f14       0x1c /home/pjtexier/Documents/gcc-arm-none-eabi-5_4-2016q2/bin/../lib/gcc/arm-none-eabi/5.4.1/../../../../arm-none-eabi/lib/armv7e-m/fpu/libnosys.a(sbrk.o)
                0x20000f14                _sbrk
 .text._exit    0x20000f30        0x4 /home/pjtexier/Documents/gcc-arm-none-eabi-5_4-2016q2/bin/../lib/gcc/arm-none-eabi/5.4.1/../../../../arm-none-eabi/lib/armv7e-m/fpu/libnosys.a(_exit.o)
                0x20000f30                _exit
 *(.rodata)
 .rodata        0x20000f34      0x1ef CMakeFiles/main.dir/home/pjtexier/Bureau/freertos-warp7/examples/imx7s_warp_m4/demo_apps/rpmsg/air-quality-click/main.c.obj
 *fill*         0x20001123        0x1 
 .rodata        0x20001124      0x116 CMakeFiles/main.dir/home/pjtexier/Bureau/freertos-warp7/examples/imx7s_warp_m4/demo_apps/rpmsg/air-quality-click/common/air-quality-click.c.obj
 *fill*         0x2000123a        0x2 
 .rodata        0x2000123c       0x9d CMakeFiles/main.dir/home/pjtexier/Bureau/freertos-warp7/middleware/multicore/open-amp/rpmsg/rpmsg_rtos.c.obj
 *fill*         0x200012d9        0x3 
 .rodata        0x200012dc      0x101 CMakeFiles/main.dir/home/pjtexier/Bureau/freertos-warp7/middleware/multicore/open-amp/porting/imx7d_m4/platform.c.obj
 *fill*         0x200013dd        0x3 
 .rodata        0x200013e0        0xe CMakeFiles/main.dir/home/pjtexier/Bureau/freertos-warp7/middleware/multicore/open-amp/rpmsg/rpmsg_core.c.obj
 *fill*         0x200013ee        0x2 
 .rodata        0x200013f0       0xbe CMakeFiles/main.dir/home/pjtexier/Bureau/freertos-warp7/middleware/multicore/open-amp/porting/env/freertos/rpmsg_porting.c.obj
 *fill*         0x200014ae        0x2 
 .rodata        0x200014b0        0x5 CMakeFiles/main.dir/home/pjtexier/Bureau/freertos-warp7/rtos/FreeRTOS/Source/tasks.c.obj
 *fill*         0x200014b5        0x3 
 .rodata        0x200014b8       0x68 CMakeFiles/main.dir/home/pjtexier/Bureau/freertos-warp7/platform/drivers/src/ccm_imx7d.c.obj
 .rodata        0x20001520       0xb2 CMakeFiles/main.dir/home/pjtexier/Bureau/freertos-warp7/examples/imx7s_warp_m4/board.c.obj
 *fill*         0x200015d2        0x2 
 .rodata        0x200015d4       0x70 CMakeFiles/main.dir/home/pjtexier/Bureau/freertos-warp7/examples/imx7s_warp_m4/gpio_pins.c.obj
 .rodata        0x20001644      0x14a CMakeFiles/main.dir/home/pjtexier/Bureau/freertos-warp7/platform/drivers/src/uart_imx.c.obj
 *fill*         0x2000178e        0x2 